Component: Arm Compiler for Embedded 6.19 Tool: armlink [5e73cb00]

==============================================================================

Section Cross References

    isr.o(.text.TIM1_UP_IRQHandler) refers to hal_tim.o(.text.TIM_GetInterruptStatus) for TIM_GetInterruptStatus
    isr.o(.text.TIM1_UP_IRQHandler) refers to hal_tim.o(.text.TIM_ClearInterruptStatus) for TIM_ClearInterruptStatus
    isr.o(.ARM.exidx.text.TIM1_UP_IRQHandler) refers to isr.o(.text.TIM1_UP_IRQHandler) for [Anonymous Symbol]
    isr.o(.text.TIM2_IRQHandler) refers to hal_tim.o(.text.TIM_GetInterruptStatus) for TIM_GetInterruptStatus
    isr.o(.text.TIM2_IRQHandler) refers to hal_tim.o(.text.TIM_ClearInterruptStatus) for TIM_ClearInterruptStatus
    isr.o(.ARM.exidx.text.TIM2_IRQHandler) refers to isr.o(.text.TIM2_IRQHandler) for [Anonymous Symbol]
    isr.o(.text.TIM3_IRQHandler) refers to hal_tim.o(.text.TIM_GetInterruptStatus) for TIM_GetInterruptStatus
    isr.o(.text.TIM3_IRQHandler) refers to hal_tim.o(.text.TIM_ClearInterruptStatus) for TIM_ClearInterruptStatus
    isr.o(.ARM.exidx.text.TIM3_IRQHandler) refers to isr.o(.text.TIM3_IRQHandler) for [Anonymous Symbol]
    isr.o(.text.TIM4_IRQHandler) refers to hal_tim.o(.text.TIM_GetInterruptStatus) for TIM_GetInterruptStatus
    isr.o(.text.TIM4_IRQHandler) refers to hal_tim.o(.text.TIM_ClearInterruptStatus) for TIM_ClearInterruptStatus
    isr.o(.ARM.exidx.text.TIM4_IRQHandler) refers to isr.o(.text.TIM4_IRQHandler) for [Anonymous Symbol]
    isr.o(.text.TIM5_IRQHandler) refers to hal_tim.o(.text.TIM_GetInterruptStatus) for TIM_GetInterruptStatus
    isr.o(.text.TIM5_IRQHandler) refers to hal_tim.o(.text.TIM_ClearInterruptStatus) for TIM_ClearInterruptStatus
    isr.o(.ARM.exidx.text.TIM5_IRQHandler) refers to isr.o(.text.TIM5_IRQHandler) for [Anonymous Symbol]
    isr.o(.text.TIM6_IRQHandler) refers to hal_tim.o(.text.TIM_GetInterruptStatus) for TIM_GetInterruptStatus
    isr.o(.text.TIM6_IRQHandler) refers to hal_tim.o(.text.TIM_ClearInterruptStatus) for TIM_ClearInterruptStatus
    isr.o(.ARM.exidx.text.TIM6_IRQHandler) refers to isr.o(.text.TIM6_IRQHandler) for [Anonymous Symbol]
    isr.o(.text.TIM7_IRQHandler) refers to hal_tim.o(.text.TIM_GetInterruptStatus) for TIM_GetInterruptStatus
    isr.o(.text.TIM7_IRQHandler) refers to hal_tim.o(.text.TIM_ClearInterruptStatus) for TIM_ClearInterruptStatus
    isr.o(.ARM.exidx.text.TIM7_IRQHandler) refers to isr.o(.text.TIM7_IRQHandler) for [Anonymous Symbol]
    isr.o(.text.TIM8_UP_IRQHandler) refers to hal_tim.o(.text.TIM_GetInterruptStatus) for TIM_GetInterruptStatus
    isr.o(.text.TIM8_UP_IRQHandler) refers to hal_tim.o(.text.TIM_ClearInterruptStatus) for TIM_ClearInterruptStatus
    isr.o(.ARM.exidx.text.TIM8_UP_IRQHandler) refers to isr.o(.text.TIM8_UP_IRQHandler) for [Anonymous Symbol]
    isr.o(.text.UART1_IRQHandler) refers to hal_uart.o(.text.UART_GetInterruptStatus) for UART_GetInterruptStatus
    isr.o(.text.UART1_IRQHandler) refers to hal_uart.o(.text.UART_ClearInterruptStatus) for UART_ClearInterruptStatus
    isr.o(.ARM.exidx.text.UART1_IRQHandler) refers to isr.o(.text.UART1_IRQHandler) for [Anonymous Symbol]
    isr.o(.text.UART2_IRQHandler) refers to hal_uart.o(.text.UART_GetInterruptStatus) for UART_GetInterruptStatus
    isr.o(.text.UART2_IRQHandler) refers to hal_uart.o(.text.UART_ClearInterruptStatus) for UART_ClearInterruptStatus
    isr.o(.ARM.exidx.text.UART2_IRQHandler) refers to isr.o(.text.UART2_IRQHandler) for [Anonymous Symbol]
    isr.o(.text.UART3_IRQHandler) refers to hal_uart.o(.text.UART_GetInterruptStatus) for UART_GetInterruptStatus
    isr.o(.text.UART3_IRQHandler) refers to hal_uart.o(.text.UART_ClearInterruptStatus) for UART_ClearInterruptStatus
    isr.o(.text.UART3_IRQHandler) refers to main.o(.text.uart_rx_interrupt_handler) for uart_rx_interrupt_handler
    isr.o(.ARM.exidx.text.UART3_IRQHandler) refers to isr.o(.text.UART3_IRQHandler) for [Anonymous Symbol]
    isr.o(.text.UART4_IRQHandler) refers to hal_uart.o(.text.UART_GetInterruptStatus) for UART_GetInterruptStatus
    isr.o(.text.UART4_IRQHandler) refers to hal_uart.o(.text.UART_ClearInterruptStatus) for UART_ClearInterruptStatus
    isr.o(.text.UART4_IRQHandler) refers to zf_device_gps_tau1201.o(.text.gps_uart_callback) for gps_uart_callback
    isr.o(.ARM.exidx.text.UART4_IRQHandler) refers to isr.o(.text.UART4_IRQHandler) for [Anonymous Symbol]
    isr.o(.text.UART5_IRQHandler) refers to hal_uart.o(.text.UART_GetInterruptStatus) for UART_GetInterruptStatus
    isr.o(.text.UART5_IRQHandler) refers to hal_uart.o(.text.UART_ClearInterruptStatus) for UART_ClearInterruptStatus
    isr.o(.text.UART5_IRQHandler) refers to main.o(.text.uart5_rx_interrupt_handler) for uart5_rx_interrupt_handler
    isr.o(.ARM.exidx.text.UART5_IRQHandler) refers to isr.o(.text.UART5_IRQHandler) for [Anonymous Symbol]
    isr.o(.text.UART6_IRQHandler) refers to hal_uart.o(.text.UART_GetInterruptStatus) for UART_GetInterruptStatus
[...]
    [Anonymous Symbol]                       0x08007d2c   Section        0  zf_driver_uart.o(.text.uart_write_buffer)
    [Anonymous Symbol]                       0x08007d9c   Section        0  zf_driver_uart.o(.text.uart_write_byte)
    [Anonymous Symbol]                       0x08007de4   Section        0  zf_driver_uart.o(.text.uart_write_string)
    i.__0printf                              0x08007e24   Section        0  printfa.o(i.__0printf)
    i.__0sprintf                             0x08007e44   Section        0  printfa.o(i.__0sprintf)
    i.__ARM_fpclassify                       0x08007e6c   Section        0  fpclassify.o(i.__ARM_fpclassify)
    i.__hardfp_tan                           0x08007ea0   Section        0  tan.o(i.__hardfp_tan)
    i.__ieee754_rem_pio2                     0x08007f20   Section        0  rred.o(i.__ieee754_rem_pio2)
    i.__kernel_poly                          0x08008358   Section        0  poly.o(i.__kernel_poly)
    i.__kernel_tan                           0x08008450   Section        0  tan_i.o(i.__kernel_tan)
    i.__mathlib_dbl_infnan                   0x080087a0   Section        0  dunder.o(i.__mathlib_dbl_infnan)
    i.__mathlib_dbl_invalid                  0x080087b8   Section        0  dunder.o(i.__mathlib_dbl_invalid)
    i.__mathlib_dbl_underflow                0x080087d8   Section        0  dunder.o(i.__mathlib_dbl_underflow)
    i.__scatterload_copy                     0x080087f8   Section       14  handlers.o(i.__scatterload_copy)
    i.__scatterload_null                     0x08008806   Section        2  handlers.o(i.__scatterload_null)
    i.__scatterload_zeroinit                 0x08008808   Section       14  handlers.o(i.__scatterload_zeroinit)
    i.__set_errno                            0x08008818   Section        0  errno.o(i.__set_errno)
    _fp_digits                               0x08008825   Thumb Code   366  printfa.o(i._fp_digits)
    i._fp_digits                             0x08008824   Section        0  printfa.o(i._fp_digits)
    _printf_core                             0x080089a9   Thumb Code  1744  printfa.o(i._printf_core)
    i._printf_core                           0x080089a8   Section        0  printfa.o(i._printf_core)
    _printf_post_padding                     0x08009085   Thumb Code    36  printfa.o(i._printf_post_padding)
    i._printf_post_padding                   0x08009084   Section        0  printfa.o(i._printf_post_padding)
    _printf_pre_padding                      0x080090a9   Thumb Code    46  printfa.o(i._printf_pre_padding)
    i._printf_pre_padding                    0x080090a8   Section        0  printfa.o(i._printf_pre_padding)
    _sputc                                   0x080090d7   Thumb Code    10  printfa.o(i._sputc)
    i._sputc                                 0x080090d6   Section        0  printfa.o(i._sputc)
    i.fabs                                   0x080090e0   Section        0  fabs.o(i.fabs)
    pio2s                                    0x080090f8   Data          48  rred.o(.constdata)
    .constdata                               0x080090f8   Section      204  rred.o(.constdata)
    twooverpi                                0x08009128   Data         156  rred.o(.constdata)
    Todd                                     0x080091c8   Data          48  tan_i.o(.constdata)
    .constdata                               0x080091c8   Section       96  tan_i.o(.constdata)
    Teven                                    0x080091f8   Data          48  tan_i.o(.constdata)
    .L__const.debug_protective_handler.pin_list 0x08009228   Data         316  zf_common_debug.o(.rodata..L__const.debug_protective_handler.pin_list)
    .L.str.22                                0x08009b7c   Data           5  main.o(.rodata.str1.1)
    [Anonymous Symbol]                       0x08009b7c   Section        0  main.o(.rodata.str1.1)
    .L.str.15                                0x08009b81   Data           4  main.o(.rodata.str1.1)
    .L.str.16                                0x08009b85   Data           4  main.o(.rodata.str1.1)
    .L.str.6                                 0x08009b86   Data           3  main.o(.rodata.str1.1)
    .L.str.17                                0x08009b89   Data           4  main.o(.rodata.str1.1)
    .L.str.7                                 0x08009b8a   Data           3  main.o(.rodata.str1.1)
    .L.str.8                                 0x08009b8d   Data           3  main.o(.rodata.str1.1)
    .L.str.9                                 0x08009b90   Data           3  main.o(.rodata.str1.1)
    .L.str.10                                0x08009b93   Data           3  main.o(.rodata.str1.1)
    .L.str.11                                0x08009b96   Data           3  main.o(.rodata.str1.1)
    .L.str.12                                0x08009b99   Data           3  main.o(.rodata.str1.1)
    .L.str.13                                0x08009b9c   Data           3  main.o(.rodata.str1.1)
    .L.str.14                                0x08009b9f   Data           3  main.o(.rodata.str1.1)
    .L.str.18                                0x08009ba2   Data           5  main.o(.rodata.str1.1)
    .L.str.20                                0x08009ba7   Data           7  main.o(.rodata.str1.1)
    .L.str.19                                0x08009bae   Data           5  main.o(.rodata.str1.1)
    .L.str.1                                 0x08009bb3   Data           2  main.o(.rodata.str1.1)
    .L.str.2                                 0x08009bb5   Data           2  main.o(.rodata.str1.1)
    .L.str.3                                 0x08009bb7   Data           6  main.o(.rodata.str1.1)
    .L.str.21                                0x08009bbd   Data           6  main.o(.rodata.str1.1)
    .L.str.4                                 0x08009bc3   Data           5  main.o(.rodata.str1.1)
    .L.str                                   0x08009bc8   Data           6  main.o(.rodata.str1.1)
    .L.str.5                                 0x08009bce   Data           4  main.o(.rodata.str1.1)
    .L.str.6                                 0x08009bd2   Data          21  zf_common_debug.o(.rodata.str1.1)
    [Anonymous Symbol]                       0x08009bd2   Section        0  zf_common_debug.o(.rodata.str1.1)
    .L.str.1                                 0x08009bdf   Data          12  zf_common_debug.o(.rodata.str1.1)
    .L.str.5                                 0x08009be7   Data          25  zf_common_debug.o(.rodata.str1.1)
    .L.str.4                                 0x08009c00   Data           9  zf_common_debug.o(.rodata.str1.1)
    .L.str                                   0x08009c09   Data          13  zf_common_debug.o(.rodata.str1.1)
    .L.str.2                                 0x08009c16   Data           9  zf_common_debug.o(.rodata.str1.1)
    .L.str.3                                 0x08009c1f   Data          13  zf_common_debug.o(.rodata.str1.1)
    .L.str                                   0x08009c2c   Data          43  zf_common_fifo.o(.rodata.str1.1)
    [Anonymous Symbol]                       0x08009c2c   Section        0  zf_common_fifo.o(.rodata.str1.1)
    .L.str                                   0x08009c57   Data          47  zf_common_function.o(.rodata.str1.1)
    [Anonymous Symbol]                       0x08009c57   Section        0  zf_common_function.o(.rodata.str1.1)
    .L.str                                   0x08009c86   Data          43  zf_driver_gpio.o(.rodata.str1.1)
    [Anonymous Symbol]                       0x08009c86   Section        0  zf_driver_gpio.o(.rodata.str1.1)
    .L.str                                   0x08009cb1   Data          42  zf_driver_pwm.o(.rodata.str1.1)
    [Anonymous Symbol]                       0x08009cb1   Section        0  zf_driver_pwm.o(.rodata.str1.1)
    .L.str                                   0x08009cdb   Data          47  zf_driver_soft_iic.o(.rodata.str1.1)
    [Anonymous Symbol]                       0x08009cdb   Section        0  zf_driver_soft_iic.o(.rodata.str1.1)
    .L.str                                   0x08009d0a   Data          42  zf_driver_spi.o(.rodata.str1.1)
    [Anonymous Symbol]                       0x08009d0a   Section        0  zf_driver_spi.o(.rodata.str1.1)
    .L.str                                   0x08009d34   Data          43  zf_driver_uart.o(.rodata.str1.1)
    [Anonymous Symbol]                       0x08009d34   Section        0  zf_driver_uart.o(.rodata.str1.1)
    .L.str.1                                 0x08009d5f   Data           4  zf_device_gps_tau1201.o(.rodata.str1.1)
    [Anonymous Symbol]                       0x08009d5f   Section        0  zf_device_gps_tau1201.o(.rodata.str1.1)
    .L.str                                   0x08009d63   Data           4  zf_device_gps_tau1201.o(.rodata.str1.1)
    .L.str                                   0x08009d67   Data          45  zf_device_ips200.o(.rodata.str1.1)
    [Anonymous Symbol]                       0x08009d67   Section        0  zf_device_ips200.o(.rodata.str1.1)
    .data                                    0x30000000   Section        4  stdout.o(.data)
    _errno                                   0x30000004   Data           4  errno.o(.data)
    .data                                    0x30000004   Section        4  errno.o(.data)
    ips200_bgcolor                           0x3000003c   Data           2  zf_device_ips200.o(.data.ips200_bgcolor)
    [Anonymous Symbol]                       0x3000003c   Section        0  zf_device_ips200.o(.data.ips200_bgcolor)
    ips200_display_font                      0x3000003e   Data           1  zf_device_ips200.o(.data.ips200_display_font)
    [Anonymous Symbol]                       0x3000003e   Section        0  zf_device_ips200.o(.data.ips200_display_font)
    ips200_pencolor                          0x30000040   Data           2  zf_device_ips200.o(.data.ips200_pencolor)
    [Anonymous Symbol]                       0x30000040   Section        0  zf_device_ips200.o(.data.ips200_pencolor)
    ips200_x_max                             0x30000042   Data           2  zf_device_ips200.o(.data.ips200_x_max)
    [Anonymous Symbol]                       0x30000042   Section        0  zf_device_ips200.o(.data.ips200_x_max)
    ips200_y_max                             0x30000044   Data           2  zf_device_ips200.o(.data.ips200_y_max)
    [Anonymous Symbol]                       0x30000044   Section        0  zf_device_ips200.o(.data.ips200_y_max)
    ips_bl_pin                               0x30000046   Data           2  zf_device_ips200.o(.data.ips_bl_pin)
    [Anonymous Symbol]                       0x30000046   Section        0  zf_device_ips200.o(.data.ips_bl_pin)
    ips_cs_pin                               0x30000048   Data           2  zf_device_ips200.o(.data.ips_cs_pin)
    [Anonymous Symbol]                       0x30000048   Section        0  zf_device_ips200.o(.data.ips_cs_pin)
    ips_rst_pin                              0x3000004a   Data           2  zf_device_ips200.o(.data.ips_rst_pin)
    [Anonymous Symbol]                       0x3000004a   Section        0  zf_device_ips200.o(.data.ips_rst_pin)
    spi_index                                0x30000054   Data          12  zf_driver_spi.o(.data.spi_index)
    [Anonymous Symbol]                       0x30000054   Section        0  zf_driver_spi.o(.data.spi_index)
    uart_index                               0x30000074   Data          28  zf_driver_uart.o(.data.uart_index)
    [Anonymous Symbol]                       0x30000074   Section        0  zf_driver_uart.o(.data.uart_index)
    uart_irq                                 0x30000090   Data           7  zf_driver_uart.o(.data.uart_irq)
    [Anonymous Symbol]                       0x30000090   Section        0  zf_driver_uart.o(.data.uart_irq)
    zf_debug_assert_enable                   0x3000009c   Data           1  zf_common_debug.o(.data.zf_debug_assert_enable)
    [Anonymous Symbol]                       0x3000009c   Section        0  zf_common_debug.o(.data.zf_debug_assert_enable)
    debug_assert_handler.assert_nest_index   0x300000b0   Data           1  zf_common_debug.o(.bss.debug_assert_handler.assert_nest_index)
    [Anonymous Symbol]                       0x300000b0   Section        0  zf_common_debug.o(.bss.debug_assert_handler.assert_nest_index)
    debug_output_info                        0x300000b4   Data          20  zf_common_debug.o(.bss.debug_output_info)
    [Anonymous Symbol]                       0x300000b4   Section        0  zf_common_debug.o(.bss.debug_output_info)
    dl1a_iic_struct                          0x300000cc   Data          16  zf_device_dl1a.o(.bss.dl1a_iic_struct)
    [Anonymous Symbol]                       0x300000cc   Section        0  zf_device_dl1a.o(.bss.dl1a_iic_struct)
    dm1xa_ranging_state                      0x300000dc   Data           1  zf_device_dm1xa.o(.bss.dm1xa_ranging_state)
    [Anonymous Symbol]                       0x300000dc   Section        0  zf_device_dm1xa.o(.bss.dm1xa_ranging_state)
    dm1xa_type                               0x300000dd   Data           1  zf_device_dm1xa.o(.bss.dm1xa_type)
    [Anonymous Symbol]                       0x300000dd   Section        0  zf_device_dm1xa.o(.bss.dm1xa_type)
    gps_gga_buffer                           0x30000125   Data         128  zf_device_gps_tau1201.o(.bss.gps_gga_buffer)
    [Anonymous Symbol]                       0x30000125   Section        0  zf_device_gps_tau1201.o(.bss.gps_gga_buffer)
    gps_rmc_buffer                           0x300001a6   Data         128  zf_device_gps_tau1201.o(.bss.gps_rmc_buffer)
    [Anonymous Symbol]                       0x300001a6   Section        0  zf_device_gps_tau1201.o(.bss.gps_rmc_buffer)
    gps_tau1201_receiver_fifo                0x30000228   Data          24  zf_device_gps_tau1201.o(.bss.gps_tau1201_receiver_fifo)
    [Anonymous Symbol]                       0x30000228   Section        0  zf_device_gps_tau1201.o(.bss.gps_tau1201_receiver_fifo)
    gps_tau1201_state                        0x30000240   Data           1  zf_device_gps_tau1201.o(.bss.gps_tau1201_state)
    [Anonymous Symbol]                       0x30000240   Section        0  zf_device_gps_tau1201.o(.bss.gps_tau1201_state)
    interrupt_nest_count                     0x30000248   Data           4  zf_common_interrupt.o(.bss.interrupt_nest_count)
    [Anonymous Symbol]                       0x30000248   Section        0  zf_common_interrupt.o(.bss.interrupt_nest_count)
    ips200_display_dir                       0x3000024c   Data           1  zf_device_ips200.o(.bss.ips200_display_dir)
    [Anonymous Symbol]                       0x3000024c   Section        0  zf_device_ips200.o(.bss.ips200_display_dir)
    ips200_display_type                      0x3000024d   Data           1  zf_device_ips200.o(.bss.ips200_display_type)
    [Anonymous Symbol]                       0x3000024d   Section        0  zf_device_ips200.o(.bss.ips200_display_type)
    uart_interrupt_state                     0x300003c8   Data           7  zf_driver_uart.o(.bss.uart_interrupt_state)
    [Anonymous Symbol]                       0x300003c8   Section        0  zf_driver_uart.o(.bss.uart_interrupt_state)
    zf_debug_init_flag                       0x300003cf   Data           1  zf_common_debug.o(.bss.zf_debug_init_flag)
    [Anonymous Symbol]                       0x300003cf   Section        0  zf_common_debug.o(.bss.zf_debug_init_flag)

    Global Symbols

    Symbol Name                              Value     Ov Type        Size  Object(Section)

    BuildAttributes$$THM_ISAv4$E$P$D$K$B$S$7EM$8M$VFPi5$EXTD16$VFPS$VFMA$PE$A:L22UL41UL21$X:L11$S22US41US21$IEEE1$IW$USESV6$~STKCKD$USESV7$~SHL$OTIME$ROPI$IEEEX$EBA8$UX$MICROLIB$REQ8$EABIv2 0x00000000   Number         0  anon$$obj.o ABSOLUTE
    SHT$$ARM_EXIDX$$Base                      - Undefined Reference
    SHT$$ARM_EXIDX$$Limit                     - Undefined Reference
    __arm_find_exidx_section                  - Undefined Weak Reference
    __cpp_initialize__aeabi_                  - Undefined Weak Reference
    __cxa_finalize                            - Undefined Weak Reference
    __decompress                              - Undefined Weak Reference
    _clock_init                               - Undefined Weak Reference
    _microlib_exit                            - Undefined Weak Reference
    __Vectors_Size                           0x0000093c   Number         0  startup_mm32f5277e.o ABSOLUTE
    __Vectors                                0x08000000   Number      2364  startup_mm32f5277e.o(RESET)
    __Vectors_End                            0x0800093c   Number         0  startup_mm32f5277e.o(RESET)
    __main                                   0x0800093d   Thumb Code     0  entry.o(.ARM.Collect$$$$00000000)
    _main_stk                                0x0800093d   Thumb Code     0  entry4.o(.ARM.Collect$$$$00000003)
    _main_scatterload                        0x08000941   Thumb Code     0  entry5.o(.ARM.Collect$$$$00000004)
    __main_after_scatterload                 0x08000945   Thumb Code     0  entry5.o(.ARM.Collect$$$$00000004)
    _main_clock                              0x08000945   Thumb Code     0  entry7b.o(.ARM.Collect$$$$00000008)
    _main_cpp_init                           0x08000945   Thumb Code     0  entry8b.o(.ARM.Collect$$$$0000000A)
    _main_init                               0x08000945   Thumb Code     0  entry9a.o(.ARM.Collect$$$$0000000B)
    __rt_final_cpp                           0x0800094d   Thumb Code     0  entry10a.o(.ARM.Collect$$$$0000000D)
    __rt_final_exit                          0x0800094d   Thumb Code     0  entry11a.o(.ARM.Collect$$$$0000000F)
    Reset_Handler                            0x08000951   Thumb Code    24  startup_mm32f5277e.o(.text)
    HardFault_Handler                        0x08000969   Thumb Code     2  startup_mm32f5277e.o(.text)
    ADC1_2_IRQHandler                        0x0800096b   Thumb Code     2  startup_mm32f5277e.o(.text)
    BKP_TAMPER_IRQHandler                    0x0800096b   Thumb Code     2  startup_mm32f5277e.o(.text)
    BusFault_Handler                         0x0800096b   Thumb Code     2  startup_mm32f5277e.o(.text)
    COMP_IRQHandler                          0x0800096b   Thumb Code     2  startup_mm32f5277e.o(.text)
    DebugMon_Handler                         0x0800096b   Thumb Code     2  startup_mm32f5277e.o(.text)
    Default_Handler                          0x0800096b   Thumb Code     2  startup_mm32f5277e.o(.text)
    ENET_IRQHandler                          0x0800096b   Thumb Code     2  startup_mm32f5277e.o(.text)
    ENET_WKUP_IRQHandler                     0x0800096b   Thumb Code     2  startup_mm32f5277e.o(.text)
    FLASH_IRQHandler                         0x0800096b   Thumb Code     2  startup_mm32f5277e.o(.text)
    FlexCAN1_IRQHandler                      0x0800096b   Thumb Code     2  startup_mm32f5277e.o(.text)
    FlexCAN2_IRQHandler                      0x0800096b   Thumb Code     2  startup_mm32f5277e.o(.text)
    I2C1_IRQHandler                          0x0800096b   Thumb Code     2  startup_mm32f5277e.o(.text)
    I2C2_IRQHandler                          0x0800096b   Thumb Code     2  startup_mm32f5277e.o(.text)
    LPTIM_IRQHandler                         0x0800096b   Thumb Code     2  startup_mm32f5277e.o(.text)
    LPUART_IRQHandler                        0x0800096b   Thumb Code     2  startup_mm32f5277e.o(.text)
    MemManage_Handler                        0x0800096b   Thumb Code     2  startup_mm32f5277e.o(.text)
    NMI_Handler                              0x0800096b   Thumb Code     2  startup_mm32f5277e.o(.text)
    PVD_IRQHandler                           0x0800096b   Thumb Code     2  startup_mm32f5277e.o(.text)
    PendSV_Handler                           0x0800096b   Thumb Code     2  startup_mm32f5277e.o(.text)
    QSPI_IRQHandler                          0x0800096b   Thumb Code     2  startup_mm32f5277e.o(.text)
    RCC_CRS_IRQHandler                       0x0800096b   Thumb Code     2  startup_mm32f5277e.o(.text)
    RTC_ALR_IRQHandler                       0x0800096b   Thumb Code     2  startup_mm32f5277e.o(.text)
    RTC_IRQHandler                           0x0800096b   Thumb Code     2  startup_mm32f5277e.o(.text)
    SPI1_IRQHandler                          0x0800096b   Thumb Code     2  startup_mm32f5277e.o(.text)
    SPI2_IRQHandler                          0x0800096b   Thumb Code     2  startup_mm32f5277e.o(.text)
    SPI3_IRQHandler                          0x0800096b   Thumb Code     2  startup_mm32f5277e.o(.text)
    SVC_Handler                              0x0800096b   Thumb Code     2  startup_mm32f5277e.o(.text)
    SecureFault_Handler                      0x0800096b   Thumb Code     2  startup_mm32f5277e.o(.text)
    SysTick_Handler                          0x0800096b   Thumb Code     2  startup_mm32f5277e.o(.text)
    TIM1_BRK_IRQHandler                      0x0800096b   Thumb Code     2  startup_mm32f5277e.o(.text)
    TIM1_CC_IRQHandler                       0x0800096b   Thumb Code     2  startup_mm32f5277e.o(.text)
    TIM1_TRG_COM_IRQHandler                  0x0800096b   Thumb Code     2  startup_mm32f5277e.o(.text)
    TIM8_BRK_IRQHandler                      0x0800096b   Thumb Code     2  startup_mm32f5277e.o(.text)
    TIM8_CC_IRQHandler                       0x0800096b   Thumb Code     2  startup_mm32f5277e.o(.text)
    TIM8_TRG_COM_IRQHandler                  0x0800096b   Thumb Code     2  startup_mm32f5277e.o(.text)
    USB_FS_IRQHandler                        0x0800096b   Thumb Code     2  startup_mm32f5277e.o(.text)
    USB_WKUP_IRQHandler                      0x0800096b   Thumb Code     2  startup_mm32f5277e.o(.text)
    UsageFault_Handler                       0x0800096b   Thumb Code     2  startup_mm32f5277e.o(.text)
    WWDG_IWDG_IRQHandler                     0x0800096b   Thumb Code     2  startup_mm32f5277e.o(.text)
    __aeabi_memcpy                           0x08000975   Thumb Code    36  memcpya.o(.text)
    __aeabi_memcpy4                          0x08000975   Thumb Code     0  memcpya.o(.text)
    __aeabi_memcpy8                          0x08000975   Thumb Code     0  memcpya.o(.text)
    __aeabi_memset                           0x08000999   Thumb Code    14  memseta.o(.text)
    __aeabi_memset4                          0x08000999   Thumb Code     0  memseta.o(.text)
    __aeabi_memset8                          0x08000999   Thumb Code     0  memseta.o(.text)
    __aeabi_memclr                           0x080009a7   Thumb Code     4  memseta.o(.text)
    __aeabi_memclr4                          0x080009a7   Thumb Code     0  memseta.o(.text)
    __aeabi_memclr8                          0x080009a7   Thumb Code     0  memseta.o(.text)
    _memset$wrapper                          0x080009ab   Thumb Code    18  memseta.o(.text)
    strlen                                   0x080009bd   Thumb Code    14  strlen.o(.text)
    strncmp                                  0x080009cb   Thumb Code    30  strncmp.o(.text)
    __aeabi_dadd                             0x080009e9   Thumb Code   322  dadd.o(.text)
    __aeabi_dsub                             0x08000b2b   Thumb Code     6  dadd.o(.text)
    __aeabi_drsub                            0x08000b31   Thumb Code     6  dadd.o(.text)
    __aeabi_dmul                             0x08000b37   Thumb Code   228  dmul.o(.text)
    __aeabi_ddiv                             0x08000c1b   Thumb Code   222  ddiv.o(.text)
    __aeabi_dcmpge                           0x08000cf9   Thumb Code    54  dcmpge.o(.text)
    __aeabi_dcmpeq                           0x08000d2f   Thumb Code    56  dcmpeq.o(.text)
    __aeabi_i2d                              0x08000d67   Thumb Code    34  dflti.o(.text)
    __aeabi_ui2d                             0x08000d89   Thumb Code    26  dfltui.o(.text)
    __aeabi_d2iz                             0x08000da3   Thumb Code    62  dfixi.o(.text)
    __aeabi_f2d                              0x08000de1   Thumb Code    38  f2d.o(.text)
    __aeabi_d2f                              0x08000e07   Thumb Code    56  d2f.o(.text)
    __aeabi_uidiv                            0x08000e3f   Thumb Code     0  uidiv.o(.text)
    __aeabi_uidivmod                         0x08000e3f   Thumb Code    44  uidiv.o(.text)
    __aeabi_uldivmod                         0x08000e6b   Thumb Code    98  uldiv.o(.text)
    __aeabi_llsl                             0x08000ecd   Thumb Code    30  llshl.o(.text)
    _ll_shift_l                              0x08000ecd   Thumb Code     0  llshl.o(.text)
    __aeabi_llsr                             0x08000eeb   Thumb Code    32  llushr.o(.text)
    _ll_ushift_r                             0x08000eeb   Thumb Code     0  llushr.o(.text)
    __aeabi_lasr                             0x08000f0b   Thumb Code    36  llsshr.o(.text)
    _ll_sshift_r                             0x08000f0b   Thumb Code     0  llsshr.o(.text)
    __I$use$fp                               0x08000f2f   Thumb Code     0  iusefp.o(.text)
    _float_round                             0x08000f2f   Thumb Code    18  fepilogue.o(.text)
    _float_epilogue                          0x08000f41   Thumb Code    92  fepilogue.o(.text)
    _double_round                            0x08000f9d   Thumb Code    30  depilogue.o(.text)
    _double_epilogue                         0x08000fbb   Thumb Code   156  depilogue.o(.text)
    __aeabi_d2ulz                            0x08001057   Thumb Code    48  dfixul.o(.text)
    __aeabi_cdrcmple                         0x08001089   Thumb Code    48  cdrcmple.o(.text)
    __scatterload                            0x080010b9   Thumb Code    28  init.o(.text)
    __scatterload_rt2                        0x080010b9   Thumb Code     0  init.o(.text)
    DMA1_CH1_IRQHandler                      0x080010dd   Thumb Code   120  isr.o(.text.DMA1_CH1_IRQHandler)
    DMA1_CH2_IRQHandler                      0x08001155   Thumb Code   120  isr.o(.text.DMA1_CH2_IRQHandler)
    DMA1_CH3_IRQHandler                      0x080011cd   Thumb Code   120  isr.o(.text.DMA1_CH3_IRQHandler)
    DMA1_CH4_IRQHandler                      0x08001245   Thumb Code   132  isr.o(.text.DMA1_CH4_IRQHandler)
    DMA1_CH5_IRQHandler                      0x080012c9   Thumb Code   120  isr.o(.text.DMA1_CH5_IRQHandler)
    DMA1_CH6_IRQHandler                      0x08001341   Thumb Code   120  isr.o(.text.DMA1_CH6_IRQHandler)
    DMA1_CH7_IRQHandler                      0x080013b9   Thumb Code   120  isr.o(.text.DMA1_CH7_IRQHandler)
    DMA1_CH8_IRQHandler                      0x08001431   Thumb Code   120  isr.o(.text.DMA1_CH8_IRQHandler)
    DMA2_CH1_IRQHandler                      0x080014a9   Thumb Code   132  isr.o(.text.DMA2_CH1_IRQHandler)
    DMA2_CH2_IRQHandler                      0x0800152d   Thumb Code   132  isr.o(.text.DMA2_CH2_IRQHandler)
    DMA2_CH3_IRQHandler                      0x080015b1   Thumb Code   132  isr.o(.text.DMA2_CH3_IRQHandler)
    DMA2_CH4_IRQHandler                      0x08001635   Thumb Code   132  isr.o(.text.DMA2_CH4_IRQHandler)
    DMA2_CH5_IRQHandler                      0x080016b9   Thumb Code   132  isr.o(.text.DMA2_CH5_IRQHandler)
    DMA2_CH6_IRQHandler                      0x0800173d   Thumb Code   132  isr.o(.text.DMA2_CH6_IRQHandler)
    DMA2_CH7_IRQHandler                      0x080017c1   Thumb Code   132  isr.o(.text.DMA2_CH7_IRQHandler)
    DMA2_CH8_IRQHandler                      0x08001845   Thumb Code   132  isr.o(.text.DMA2_CH8_IRQHandler)
    DMA_ClearChannelInterruptStatus          0x080018c9   Thumb Code    28  hal_dma.o(.text.DMA_ClearChannelInterruptStatus)
    DMA_GetChannelInterruptStatus            0x080018e5   Thumb Code    24  hal_dma.o(.text.DMA_GetChannelInterruptStatus)
    EXTI0_IRQHandler                         0x080018fd   Thumb Code    18  isr.o(.text.EXTI0_IRQHandler)
    EXTI15_10_IRQHandler                     0x08001911   Thumb Code   250  isr.o(.text.EXTI15_10_IRQHandler)
    EXTI1_IRQHandler                         0x08001a0d   Thumb Code    22  isr.o(.text.EXTI1_IRQHandler)
    EXTI2_IRQHandler                         0x08001a25   Thumb Code    18  isr.o(.text.EXTI2_IRQHandler)
    EXTI3_IRQHandler                         0x08001a39   Thumb Code    18  isr.o(.text.EXTI3_IRQHandler)
    EXTI4_IRQHandler                         0x08001a4d   Thumb Code    18  isr.o(.text.EXTI4_IRQHandler)
    EXTI9_5_IRQHandler                       0x08001a61   Thumb Code   200  isr.o(.text.EXTI9_5_IRQHandler)
    EXTI_ClearLineStatus                     0x08001b29   Thumb Code    20  hal_exti.o(.text.EXTI_ClearLineStatus)
    EXTI_EnableLineInterrupt                 0x08001b3d   Thumb Code    48  hal_exti.o(.text.EXTI_EnableLineInterrupt)
    EXTI_GetLineStatus                       0x08001b6d   Thumb Code    12  hal_exti.o(.text.EXTI_GetLineStatus)
    EXTI_SetTriggerIn                        0x08001b79   Thumb Code   156  hal_exti.o(.text.EXTI_SetTriggerIn)
    GPIO_Init                                0x08001c15   Thumb Code   276  hal_gpio.o(.text.GPIO_Init)
    GPIO_PinAFConf                           0x08001d29   Thumb Code   192  hal_gpio.o(.text.GPIO_PinAFConf)
    LPTIM_Init                               0x08001de9   Thumb Code    62  hal_lptim.o(.text.LPTIM_Init)
    RCC_EnableAHB1Periphs                    0x08001e29   Thumb Code    58  hal_rcc.o(.text.RCC_EnableAHB1Periphs)
    RCC_EnableAPB1Periphs                    0x08001e65   Thumb Code    58  hal_rcc.o(.text.RCC_EnableAPB1Periphs)
    RCC_EnableAPB2Periphs                    0x08001ea1   Thumb Code    58  hal_rcc.o(.text.RCC_EnableAPB2Periphs)
    RCC_ResetAPB2Periphs                     0x08001edd   Thumb Code    32  hal_rcc.o(.text.RCC_ResetAPB2Periphs)
    Read_key                                 0x08001efd   Thumb Code   206  tm1638.o(.text.Read_key)
    SPI_Enable                               0x08001fcd   Thumb Code    46  hal_spi.o(.text.SPI_Enable)
    SPI_InitMaster                           0x08001ffd   Thumb Code   236  hal_spi.o(.text.SPI_InitMaster)
    SPI_SetBaudrate                          0x080020e9   Thumb Code    74  hal_spi.o(.text.SPI_SetBaudrate)
    SYSCFG_SetExtIntMux                      0x08002135   Thumb Code   192  hal_syscfg.o(.text.SYSCFG_SetExtIntMux)
    SystemInit                               0x080021f5   Thumb Code   124  system_mm32f5277e.o(.text.SystemInit)
    TIM1_UP_IRQHandler                       0x08002271   Thumb Code    30  isr.o(.text.TIM1_UP_IRQHandler)
    TIM2_IRQHandler                          0x08002291   Thumb Code    26  isr.o(.text.TIM2_IRQHandler)
    TIM3_IRQHandler                          0x080022ad   Thumb Code    30  isr.o(.text.TIM3_IRQHandler)
    TIM4_IRQHandler                          0x080022cd   Thumb Code    30  isr.o(.text.TIM4_IRQHandler)
    TIM5_IRQHandler                          0x080022ed   Thumb Code    30  isr.o(.text.TIM5_IRQHandler)
    TIM6_IRQHandler                          0x0800230d   Thumb Code    30  isr.o(.text.TIM6_IRQHandler)
    TIM7_IRQHandler                          0x0800232d   Thumb Code    30  isr.o(.text.TIM7_IRQHandler)
    TIM8_UP_IRQHandler                       0x0800234d   Thumb Code    30  isr.o(.text.TIM8_UP_IRQHandler)
    TIM_ClearInterruptStatus                 0x0800236d   Thumb Code    20  hal_tim.o(.text.TIM_ClearInterruptStatus)
    TIM_DoSwTrigger                          0x08002381   Thumb Code    16  hal_tim.o(.text.TIM_DoSwTrigger)
    TIM_EnableCompOutput                     0x08002391   Thumb Code   164  hal_tim.o(.text.TIM_EnableCompOutput)
    TIM_EnableOutputCompare                  0x08002435   Thumb Code   176  hal_tim.o(.text.TIM_EnableOutputCompare)
    TIM_EnableOutputCompareSwitch            0x080024e5   Thumb Code    46  hal_tim.o(.text.TIM_EnableOutputCompareSwitch)
    TIM_GetInterruptStatus                   0x08002515   Thumb Code    12  hal_tim.o(.text.TIM_GetInterruptStatus)
    TIM_Init                                 0x08002521   Thumb Code   202  hal_tim.o(.text.TIM_Init)
    TIM_PutChannelValue                      0x080025ed   Thumb Code    42  hal_tim.o(.text.TIM_PutChannelValue)
    TIM_Start                                0x08002619   Thumb Code    18  hal_tim.o(.text.TIM_Start)
    TM1638_Read                              0x0800262d   Thumb Code   124  tm1638.o(.text.TM1638_Read)
    TM1638_Write                             0x080026a9   Thumb Code   128  tm1638.o(.text.TM1638_Write)
    UART1_IRQHandler                         0x08002729   Thumb Code    74  isr.o(.text.UART1_IRQHandler)
    UART2_IRQHandler                         0x08002775   Thumb Code    74  isr.o(.text.UART2_IRQHandler)
    UART3_IRQHandler                         0x080027c1   Thumb Code    78  isr.o(.text.UART3_IRQHandler)
    UART4_IRQHandler                         0x08002811   Thumb Code    78  isr.o(.text.UART4_IRQHandler)
    UART5_IRQHandler                         0x08002861   Thumb Code    78  isr.o(.text.UART5_IRQHandler)
    UART6_IRQHandler                         0x080028b1   Thumb Code    86  isr.o(.text.UART6_IRQHandler)
    UART7_IRQHandler                         0x08002909   Thumb Code    74  isr.o(.text.UART7_IRQHandler)
    UART_ClearInterruptStatus                0x08002955   Thumb Code    16  hal_uart.o(.text.UART_ClearInterruptStatus)
    UART_Enable                              0x08002965   Thumb Code    46  hal_uart.o(.text.UART_Enable)
    UART_EnableInterrupts                    0x08002995   Thumb Code    48  hal_uart.o(.text.UART_EnableInterrupts)
    UART_GetData                             0x080029c5   Thumb Code    14  hal_uart.o(.text.UART_GetData)
    UART_GetInterruptStatus                  0x080029d5   Thumb Code    12  hal_uart.o(.text.UART_GetInterruptStatus)
    UART_GetStatus                           0x080029e1   Thumb Code    12  hal_uart.o(.text.UART_GetStatus)
    UART_Init                                0x080029ed   Thumb Code   224  hal_uart.o(.text.UART_Init)
    UART_PutData                             0x08002acd   Thumb Code    20  hal_uart.o(.text.UART_PutData)
    Write_COM                                0x08002ae1   Thumb Code    52  tm1638.o(.text.Write_COM)
    Write_DATA                               0x08002b15   Thumb Code    74  tm1638.o(.text.Write_DATA)
    afio_init                                0x08002cc9   Thumb Code   326  zf_driver_gpio.o(.text.afio_init)
    clock_init                               0x08002e11   Thumb Code    28  zf_common_clock.o(.text.clock_init)
    debug_assert_handler                     0x08003409   Thumb Code   108  zf_common_debug.o(.text.debug_assert_handler)
    debug_init                               0x080034b5   Thumb Code    50  zf_common_debug.o(.text.debug_init)
    debug_output_init                        0x08003899   Thumb Code    76  zf_common_debug.o(.text.debug_output_init)
    debug_output_struct_init                 0x080038e5   Thumb Code    48  zf_common_debug.o(.text.debug_output_struct_init)
    dl1a_get_distance                        0x08003a25   Thumb Code   158  zf_device_dl1a.o(.text.dl1a_get_distance)
    dl1a_int_handler                         0x08003ac5   Thumb Code     8  zf_device_dl1a.o(.text.dl1a_int_handler)
    dm1xa_light_callback                     0x08003acd   Thumb Code    58  zf_device_dm1xa.o(.text.dm1xa_light_callback)
    exti_enable                              0x08003b09   Thumb Code    38  zf_driver_exti.o(.text.exti_enable)
    exti_init                                0x08003b31   Thumb Code   262  zf_driver_exti.o(.text.exti_init)
    fifo_clear                               0x08003c39   Thumb Code   168  zf_common_fifo.o(.text.fifo_clear)
    fifo_init                                0x08003d41   Thumb Code   110  zf_common_fifo.o(.text.fifo_init)
    fifo_read_buffer                         0x08003db1   Thumb Code   496  zf_common_fifo.o(.text.fifo_read_buffer)
    fifo_used                                0x08003fa1   Thumb Code    40  zf_common_fifo.o(.text.fifo_used)
    fifo_write_buffer                        0x08003fc9   Thumb Code   506  zf_common_fifo.o(.text.fifo_write_buffer)
    fputc                                    0x080041c5   Thumb Code    40  zf_common_debug.o(.text.fputc)
    func_double_to_str                       0x080041f1   Thumb Code   704  zf_common_function.o(.text.func_double_to_str)
    func_get_greatest_common_divisor         0x080044b1   Thumb Code    66  zf_common_function.o(.text.func_get_greatest_common_divisor)
    func_uint_to_str                         0x080044f5   Thumb Code   168  zf_common_function.o(.text.func_uint_to_str)
    gpio_get_level                           0x0800459d   Thumb Code    46  zf_driver_gpio.o(.text.gpio_get_level)
    gpio_init                                0x080045cd   Thumb Code   392  zf_driver_gpio.o(.text.gpio_init)
    gpio_set_level                           0x08004755   Thumb Code    94  zf_driver_gpio.o(.text.gpio_set_level)
    gps_uart_callback                        0x080047b5   Thumb Code   314  zf_device_gps_tau1201.o(.text.gps_uart_callback)
    init_TM1638                              0x080048f1   Thumb Code   150  tm1638.o(.text.init_TM1638)
    interrupt_disable                        0x08004989   Thumb Code    20  zf_common_interrupt.o(.text.interrupt_disable)
    interrupt_enable                         0x0800499d   Thumb Code    20  zf_common_interrupt.o(.text.interrupt_enable)
    interrupt_global_disable                 0x080049b1   Thumb Code    36  zf_common_interrupt.o(.text.interrupt_global_disable)
    interrupt_init                           0x080049d5   Thumb Code    10  zf_common_interrupt.o(.text.interrupt_init)
    interrupt_set_priority                   0x080049e1   Thumb Code    28  zf_common_interrupt.o(.text.interrupt_set_priority)
    ips200_clear                             0x080049fd   Thumb Code   266  zf_device_ips200.o(.text.ips200_clear)
    ips200_init                              0x08004b95   Thumb Code  1128  zf_device_ips200.o(.text.ips200_init)
    ips200_set_color                         0x08004ffd   Thumb Code    42  zf_device_ips200.o(.text.ips200_set_color)
    ips200_set_dir                           0x08005029   Thumb Code   102  zf_device_ips200.o(.text.ips200_set_dir)
    ips200_set_font                          0x08005091   Thumb Code    24  zf_device_ips200.o(.text.ips200_set_font)
    ips200_show_char                         0x0800516d   Thumb Code   730  zf_device_ips200.o(.text.ips200_show_char)
    ips200_show_float                        0x08005449   Thumb Code   424  zf_device_ips200.o(.text.ips200_show_float)
    ips200_show_string                       0x080055f1   Thumb Code   220  zf_device_ips200.o(.text.ips200_show_string)
    ips200_show_uint                         0x080056cd   Thumb Code   254  zf_device_ips200.o(.text.ips200_show_uint)
    jy901s_init                              0x08005a35   Thumb Code    22  jy901s.o(.text.jy901s_init)
    laser_init                               0x08005a4d   Thumb Code    16  laser.o(.text.laser_init)
    laser_on                                 0x08005a5d   Thumb Code    12  laser.o(.text.laser_on)
    main                                     0x08005a69   Thumb Code  3326  main.o(.text.main)
    pwm_init                                 0x08006769   Thumb Code   672  zf_driver_pwm.o(.text.pwm_init)
    pwm_set_duty                             0x08006a09   Thumb Code   348  zf_driver_pwm.o(.text.pwm_set_duty)
    soft_iic_read_8bit_registers             0x08006b65   Thumb Code   152  zf_driver_soft_iic.o(.text.soft_iic_read_8bit_registers)
    soft_iic_write_8bit_register             0x08007255   Thumb Code    86  zf_driver_soft_iic.o(.text.soft_iic_write_8bit_register)
    spi_init                                 0x080072ad   Thumb Code   656  zf_driver_spi.o(.text.spi_init)
    spi_write_16bit                          0x0800753d   Thumb Code   184  zf_driver_spi.o(.text.spi_write_16bit)
    spi_write_8bit                           0x080075f5   Thumb Code   134  zf_driver_spi.o(.text.spi_write_8bit)
    system_delay_init                        0x0800767d   Thumb Code    60  zf_driver_delay.o(.text.system_delay_init)
    system_delay_ms                          0x080076b9   Thumb Code   130  zf_driver_delay.o(.text.system_delay_ms)
    timer_clear                              0x0800773d   Thumb Code   164  zf_driver_timer.o(.text.timer_clear)
    timer_clock_enable                       0x080077e1   Thumb Code   120  zf_driver_timer.o(.text.timer_clock_enable)
    timer_funciton_check                     0x08007859   Thumb Code   104  zf_driver_timer.o(.text.timer_funciton_check)
    uart5_rx_interrupt_handler               0x080078c5   Thumb Code   330  main.o(.text.uart5_rx_interrupt_handler)
    uart_init                                0x08007a11   Thumb Code   246  zf_driver_uart.o(.text.uart_init)
    uart_query_byte                          0x08007b09   Thumb Code   108  zf_driver_uart.o(.text.uart_query_byte)
    uart_rx_interrupt                        0x08007b75   Thumb Code   142  zf_driver_uart.o(.text.uart_rx_interrupt)
    uart_rx_interrupt_handler                0x08007c05   Thumb Code   296  main.o(.text.uart_rx_interrupt_handler)
    uart_write_buffer                        0x08007d2d   Thumb Code   112  zf_driver_uart.o(.text.uart_write_buffer)
    uart_write_byte                          0x08007d9d   Thumb Code    70  zf_driver_uart.o(.text.uart_write_byte)
    uart_write_string                        0x08007de5   Thumb Code    64  zf_driver_uart.o(.text.uart_write_string)
    __0printf                                0x08007e25   Thumb Code    22  printfa.o(i.__0printf)
    __1printf                                0x08007e25   Thumb Code     0  printfa.o(i.__0printf)
    __2printf                                0x08007e25   Thumb Code     0  printfa.o(i.__0printf)
    __c89printf                              0x08007e25   Thumb Code     0  printfa.o(i.__0printf)
    printf                                   0x08007e25   Thumb Code     0  printfa.o(i.__0printf)
    __0sprintf                               0x08007e45   Thumb Code    34  printfa.o(i.__0sprintf)
    __1sprintf                               0x08007e45   Thumb Code     0  printfa.o(i.__0sprintf)
    __2sprintf                               0x08007e45   Thumb Code     0  printfa.o(i.__0sprintf)
    __c89sprintf                             0x08007e45   Thumb Code     0  printfa.o(i.__0sprintf)
    sprintf                                  0x08007e45   Thumb Code     0  printfa.o(i.__0sprintf)
    __ARM_fpclassify                         0x08007e6d   Thumb Code    48  fpclassify.o(i.__ARM_fpclassify)
    __hardfp_tan                             0x08007ea1   Thumb Code   108  tan.o(i.__hardfp_tan)
    __ieee754_rem_pio2                       0x08007f21   Thumb Code   938  rred.o(i.__ieee754_rem_pio2)
    __kernel_poly                            0x08008359   Thumb Code   248  poly.o(i.__kernel_poly)
    __kernel_tan                             0x08008451   Thumb Code   764  tan_i.o(i.__kernel_tan)
    __mathlib_dbl_infnan                     0x080087a1   Thumb Code    20  dunder.o(i.__mathlib_dbl_infnan)
    __mathlib_dbl_invalid                    0x080087b9   Thumb Code    24  dunder.o(i.__mathlib_dbl_invalid)
    __mathlib_dbl_underflow                  0x080087d9   Thumb Code    24  dunder.o(i.__mathlib_dbl_underflow)
    __scatterload_copy                       0x080087f9   Thumb Code    14  handlers.o(i.__scatterload_copy)
    __scatterload_null                       0x08008807   Thumb Code     2  handlers.o(i.__scatterload_null)
    __scatterload_zeroinit                   0x08008809   Thumb Code    14  handlers.o(i.__scatterload_zeroinit)
    __set_errno                              0x08008819   Thumb Code     6  errno.o(i.__set_errno)
    fabs                                     0x080090e1   Thumb Code    24  fabs.o(i.fabs)
    ascii_font_6x8                           0x08009364   Data         552  zf_common_font.o(.rodata.ascii_font_6x8)
    ascii_font_8x16                          0x0800958c   Data        1520  zf_common_font.o(.rodata.ascii_font_8x16)
    Region$$Table$$Base                      0x08009d94   Number         0  anon$$obj.o(Region$$Table)
    Region$$Table$$Limit                     0x08009db4   Number         0  anon$$obj.o(Region$$Table)
    __stdout                                 0x30000000   Data           4  stdout.o(.data)
    bus_clock                                0x30000008   Data           4  zf_common_clock.o(.data.bus_clock)
    camera_dma_handler                       0x3000000c   Data           4  zf_device_type.o(.data.camera_dma_handler)
    camera_vsync_handler                     0x30000010   Data           4  zf_device_type.o(.data.camera_vsync_handler)
    dl1a_distance_mm                         0x30000014   Data           2  zf_device_dl1a.o(.data.dl1a_distance_mm)
    gpio_group                               0x30000018   Data          36  zf_driver_gpio.o(.data.gpio_group)
    servo_x                                  0x3000004c   Data           4  main.o(.data.servo_x)
    servo_y                                  0x30000050   Data           4  main.o(.data.servo_y)
    system_clock                             0x30000060   Data           4  zf_common_clock.o(.data.system_clock)
    tab                                      0x30000064   Data          16  tm1638.o(.data.tab)
    wireless_module_uart_handler             0x30000098   Data           4  zf_device_type.o(.data.wireless_module_uart_handler)
    angle                                    0x300000a0   Data          12  main.o(.bss.angle)
    angle_num                                0x300000ac   Data           4  main.o(.bss.angle_num)
    dl1a_finsh_flag                          0x300000c8   Data           1  zf_device_dl1a.o(.bss.dl1a_finsh_flag)
    fifo_data_count                          0x300000e0   Data           4  main.o(.bss.fifo_data_count)
    fifo_get_data                            0x300000e4   Data          64  main.o(.bss.fifo_get_data)
    get_data                                 0x30000124   Data           1  main.o(.bss.get_data)
    gps_gga_state                            0x300001a5   Data           1  zf_device_gps_tau1201.o(.bss.gps_gga_state)
    gps_rmc_state                            0x30000226   Data           1  zf_device_gps_tau1201.o(.bss.gps_rmc_state)
    gps_tau1201_flag                         0x30000227   Data           1  zf_device_gps_tau1201.o(.bss.gps_tau1201_flag)
    i                                        0x30000244   Data           4  main.o(.bss.i)
    j                                        0x30000250   Data           4  main.o(.bss.j)
    point_num                                0x30000254   Data           1  main.o(.bss.point_num)
    point_pwm_x                              0x30000258   Data          48  main.o(.bss.point_pwm_x)
    point_pwm_y                              0x30000288   Data          48  main.o(.bss.point_pwm_y)
    point_roll                               0x300002b8   Data          48  main.o(.bss.point_roll)
    point_yaw                                0x300002e8   Data          48  main.o(.bss.point_yaw)
    red_x                                    0x30000318   Data          32  main.o(.bss.red_x)
    red_y                                    0x30000338   Data          32  main.o(.bss.red_y)
    square                                   0x30000358   Data           8  main.o(.bss.square)
    step_x                                   0x30000360   Data           4  main.o(.bss.step_x)
    step_y                                   0x30000364   Data           4  main.o(.bss.step_y)
    timer_function_state                     0x30000368   Data           8  zf_driver_timer.o(.bss.timer_function_state)
    uart_data_fifo                           0x30000370   Data          24  main.o(.bss.uart_data_fifo)
    uart_get_data                            0x30000388   Data          64  main.o(.bss.uart_get_data)
    Image$$ARM_LIB_STACK$$ZI$$Base           0x3001b000   Number         0  anon$$obj.o ABSOLUTE
    Image$$ARM_LIB_STACK$$ZI$$Limit          0x3001c000   Number         0  anon$$obj.o ABSOLUTE



==============================================================================

Memory Map of the image

  Image Entry point : 0x0800093d

  Load Region LR_ROM (Base: 0x08000000, Size: 0x00009e54, Max: 0x00040000, ABSOLUTE)

    Execution Region ER_ROM (Exec base: 0x08000000, Load base: 0x08000000, Size: 0x00009db4, Max: 0x00040000, ABSOLUTE)

    Exec Addr    Load Addr    Size         Type   Attr      Idx    E Section Name        Object

    0x08000000   0x08000000   0x0000093c   Data   RO         1685    RESET               startup_mm32f5277e.o
    0x0800093c   0x0800093c   0x00000000   Code   RO         2820  * .ARM.Collect$$$$00000000  mc_w.l(entry.o)
    0x0800093c   0x0800093c   0x00000004   Code   RO         3015    .ARM.Collect$$$$00000003  mc_w.l(entry4.o)
    0x08000940   0x08000940   0x00000004   Code   RO         3018    .ARM.Collect$$$$00000004  mc_w.l(entry5.o)
    0x08000944   0x08000944   0x00000000   Code   RO         3020    .ARM.Collect$$$$00000008  mc_w.l(entry7b.o)
    0x08000944   0x08000944   0x00000000   Code   RO         3022    .ARM.Collect$$$$0000000A  mc_w.l(entry8b.o)
    0x08000944   0x08000944   0x00000008   Code   RO         3023    .ARM.Collect$$$$0000000B  mc_w.l(entry9a.o)
    0x0800094c   0x0800094c   0x00000000   Code   RO         3025    .ARM.Collect$$$$0000000D  mc_w.l(entry10a.o)
    0x0800094c   0x0800094c   0x00000000   Code   RO         3027    .ARM.Collect$$$$0000000F  mc_w.l(entry11a.o)
    0x0800094c   0x0800094c   0x00000004   Code   RO         3016    .ARM.Collect$$$$00002714  mc_w.l(entry4.o)
    0x08000950   0x08000950   0x00000024   Code   RO         1684    .text               startup_mm32f5277e.o
    0x08000974   0x08000974   0x00000024   Code   RO         2823    .text               mc_w.l(memcpya.o)
    0x08000998   0x08000998   0x00000024   Code   RO         2825    .text               mc_w.l(memseta.o)
    0x080009bc   0x080009bc   0x0000000e   Code   RO         2833    .text               mc_w.l(strlen.o)
    0x080009ca   0x080009ca   0x0000001e   Code   RO         2835    .text               mc_w.l(strncmp.o)
    0x080009e8   0x080009e8   0x0000014e   Code   RO         2869    .text               mf_w.l(dadd.o)
    0x08000b36   0x08000b36   0x000000e4   Code   RO         2871    .text               mf_w.l(dmul.o)
    0x08000c1a   0x08000c1a   0x000000de   Code   RO         2873    .text               mf_w.l(ddiv.o)
    0x08000cf8   0x08000cf8   0x00000036   Code   RO         2879    .text               mf_w.l(dcmpge.o)
    0x08000d2e   0x08000d2e   0x00000038   Code   RO         2881    .text               mf_w.l(dcmpeq.o)
    0x08000d66   0x08000d66   0x00000022   Code   RO         2883    .text               mf_w.l(dflti.o)
    0x08000d88   0x08000d88   0x0000001a   Code   RO         2885    .text               mf_w.l(dfltui.o)
    0x08000da2   0x08000da2   0x0000003e   Code   RO         2887    .text               mf_w.l(dfixi.o)
    0x08000de0   0x08000de0   0x00000026   Code   RO         2891    .text               mf_w.l(f2d.o)
    0x08000e06   0x08000e06   0x00000038   Code   RO         2893    .text               mf_w.l(d2f.o)
    0x08000e3e   0x08000e3e   0x0000002c   Code   RO         3039    .text               mc_w.l(uidiv.o)
    0x08000e6a   0x08000e6a   0x00000062   Code   RO         3041    .text               mc_w.l(uldiv.o)
    0x08000ecc   0x08000ecc   0x0000001e   Code   RO         3043    .text               mc_w.l(llshl.o)
    0x08000eea   0x08000eea   0x00000020   Code   RO         3045    .text               mc_w.l(llushr.o)
    0x08000f0a   0x08000f0a   0x00000024   Code   RO         3047    .text               mc_w.l(llsshr.o)
    0x08000f2e   0x08000f2e   0x00000000   Code   RO         3058    .text               mc_w.l(iusefp.o)
    0x08000f2e   0x08000f2e   0x0000006e   Code   RO         3059    .text               mf_w.l(fepilogue.o)
    0x08000f9c   0x08000f9c   0x000000ba   Code   RO         3061    .text               mf_w.l(depilogue.o)
    0x08001056   0x08001056   0x00000030   Code   RO         3069    .text               mf_w.l(dfixul.o)
    0x08001086   0x08001086   0x00000002   PAD
    0x08001088   0x08001088   0x00000030   Code   RO         3073    .text               mf_w.l(cdrcmple.o)
    0x080010b8   0x080010b8   0x00000024   Code   RO         3076    .text               mc_w.l(init.o)
    0x080010dc   0x080010dc   0x00000078   Code   RO           48    .text.DMA1_CH1_IRQHandler  isr.o
    0x08001154   0x08001154   0x00000078   Code   RO           50    .text.DMA1_CH2_IRQHandler  isr.o
    0x080011cc   0x080011cc   0x00000078   Code   RO           52    .text.DMA1_CH3_IRQHandler  isr.o
    0x08001244   0x08001244   0x00000084   Code   RO           54    .text.DMA1_CH4_IRQHandler  isr.o
    0x080012c8   0x080012c8   0x00000078   Code   RO           56    .text.DMA1_CH5_IRQHandler  isr.o
    0x08001340   0x08001340   0x00000078   Code   RO           58    .text.DMA1_CH6_IRQHandler  isr.o
    0x080013b8   0x080013b8   0x00000078   Code   RO           60    .text.DMA1_CH7_IRQHandler  isr.o
    0x08001430   0x08001430   0x00000078   Code   RO           62    .text.DMA1_CH8_IRQHandler  isr.o
    0x080014a8   0x080014a8   0x00000084   Code   RO           64    .text.DMA2_CH1_IRQHandler  isr.o
    0x0800152c   0x0800152c   0x00000084   Code   RO           66    .text.DMA2_CH2_IRQHandler  isr.o
    0x080015b0   0x080015b0   0x00000084   Code   RO           68    .text.DMA2_CH3_IRQHandler  isr.o
    0x08001634   0x08001634   0x00000084   Code   RO           70    .text.DMA2_CH4_IRQHandler  isr.o
    0x080016b8   0x080016b8   0x00000084   Code   RO           72    .text.DMA2_CH5_IRQHandler  isr.o
    0x0800173c   0x0800173c   0x00000084   Code   RO           74    .text.DMA2_CH6_IRQHandler  isr.o
    0x080017c0   0x080017c0   0x00000084   Code   RO           76    .text.DMA2_CH7_IRQHandler  isr.o
    0x08001844   0x08001844   0x00000084   Code   RO           78    .text.DMA2_CH8_IRQHandler  isr.o
    0x080018c8   0x080018c8   0x0000001c   Code   RO         1885    .text.DMA_ClearChannelInterruptStatus  hal_dma.o
    0x080018e4   0x080018e4   0x00000018   Code   RO         1883    .text.DMA_GetChannelInterruptStatus  hal_dma.o
    0x080018fc   0x080018fc   0x00000012   Code   RO           34    .text.EXTI0_IRQHandler  isr.o
    0x0800190e   0x0800190e   0x00000002   PAD
    0x08001910   0x08001910   0x000000fa   Code   RO           46    .text.EXTI15_10_IRQHandler  isr.o
    0x08001a0a   0x08001a0a   0x00000002   PAD
    0x08001a0c   0x08001a0c   0x00000016   Code   RO           36    .text.EXTI1_IRQHandler  isr.o
    0x08001a22   0x08001a22   0x00000002   PAD
    0x08001a24   0x08001a24   0x00000012   Code   RO           38    .text.EXTI2_IRQHandler  isr.o
    0x08001a36   0x08001a36   0x00000002   PAD
    0x08001a38   0x08001a38   0x00000012   Code   RO           40    .text.EXTI3_IRQHandler  isr.o
    0x08001a4a   0x08001a4a   0x00000002   PAD
    0x08001a4c   0x08001a4c   0x00000012   Code   RO           42    .text.EXTI4_IRQHandler  isr.o
    0x08001a5e   0x08001a5e   0x00000002   PAD
    0x08001a60   0x08001a60   0x000000c8   Code   RO           44    .text.EXTI9_5_IRQHandler  isr.o
    0x08001b28   0x08001b28   0x00000014   Code   RO         1953    .text.EXTI_ClearLineStatus  hal_exti.o
    0x08001b3c   0x08001b3c   0x00000030   Code   RO         1943    .text.EXTI_EnableLineInterrupt  hal_exti.o
    0x08001b6c   0x08001b6c   0x0000000c   Code   RO         1951    .text.EXTI_GetLineStatus  hal_exti.o
    0x08001b78   0x08001b78   0x0000009c   Code   RO         1947    .text.EXTI_SetTriggerIn  hal_exti.o
    0x08001c14   0x08001c14   0x00000114   Code   RO         2049    .text.GPIO_Init     hal_gpio.o
    0x08001d28   0x08001d28   0x000000c0   Code   RO         2071    .text.GPIO_PinAFConf  hal_gpio.o
    0x08001de8   0x08001de8   0x0000003e   Code   RO         2183    .text.LPTIM_Init    hal_lptim.o
    0x08001e26   0x08001e26   0x00000002   PAD
    0x08001e28   0x08001e28   0x0000003a   Code   RO         2348    .text.RCC_EnableAHB1Periphs  hal_rcc.o
    0x08001e62   0x08001e62   0x00000002   PAD
    0x08001e64   0x08001e64   0x0000003a   Code   RO         2350    .text.RCC_EnableAPB1Periphs  hal_rcc.o
    0x08001e9e   0x08001e9e   0x00000002   PAD
    0x08001ea0   0x08001ea0   0x0000003a   Code   RO         2352    .text.RCC_EnableAPB2Periphs  hal_rcc.o
    0x08001eda   0x08001eda   0x00000002   PAD
    0x08001edc   0x08001edc   0x00000020   Code   RO         2358    .text.RCC_ResetAPB2Periphs  hal_rcc.o
    0x08001efc   0x08001efc   0x000000ce   Code   RO          146    .text.Read_key      tm1638.o
    0x08001fca   0x08001fca   0x00000002   PAD
    0x08001fcc   0x08001fcc   0x0000002e   Code   RO         2451    .text.SPI_Enable    hal_spi.o
    0x08001ffa   0x08001ffa   0x00000002   PAD
    0x08001ffc   0x08001ffc   0x000000ec   Code   RO         2447    .text.SPI_InitMaster  hal_spi.o
    0x080020e8   0x080020e8   0x0000004a   Code   RO         2445    .text.SPI_SetBaudrate  hal_spi.o
    0x08002132   0x08002132   0x00000002   PAD
    0x08002134   0x08002134   0x000000c0   Code   RO         2490    .text.SYSCFG_SetExtIntMux  hal_syscfg.o
    0x080021f4   0x080021f4   0x0000007c   Code   RO         1692    .text.SystemInit    system_mm32f5277e.o
    0x08002270   0x08002270   0x0000001e   Code   RO            4    .text.TIM1_UP_IRQHandler  isr.o
    0x0800228e   0x0800228e   0x00000002   PAD
    0x08002290   0x08002290   0x0000001a   Code   RO            6    .text.TIM2_IRQHandler  isr.o
    0x080022aa   0x080022aa   0x00000002   PAD
    0x080022ac   0x080022ac   0x0000001e   Code   RO            8    .text.TIM3_IRQHandler  isr.o
    0x080022ca   0x080022ca   0x00000002   PAD
    0x080022cc   0x080022cc   0x0000001e   Code   RO           10    .text.TIM4_IRQHandler  isr.o
    0x080022ea   0x080022ea   0x00000002   PAD
    0x080022ec   0x080022ec   0x0000001e   Code   RO           12    .text.TIM5_IRQHandler  isr.o
    0x0800230a   0x0800230a   0x00000002   PAD
    0x0800230c   0x0800230c   0x0000001e   Code   RO           14    .text.TIM6_IRQHandler  isr.o
    0x0800232a   0x0800232a   0x00000002   PAD
    0x0800232c   0x0800232c   0x0000001e   Code   RO           16    .text.TIM7_IRQHandler  isr.o
    0x0800234a   0x0800234a   0x00000002   PAD
    0x0800234c   0x0800234c   0x0000001e   Code   RO           18    .text.TIM8_UP_IRQHandler  isr.o
    0x0800236a   0x0800236a   0x00000002   PAD
    0x0800236c   0x0800236c   0x00000014   Code   RO         2533    .text.TIM_ClearInterruptStatus  hal_tim.o
    0x08002380   0x08002380   0x00000010   Code   RO         2529    .text.TIM_DoSwTrigger  hal_tim.o
    0x08002390   0x08002390   0x000000a4   Code   RO         2541    .text.TIM_EnableCompOutput  hal_tim.o
    0x08002434   0x08002434   0x000000b0   Code   RO         2535    .text.TIM_EnableOutputCompare  hal_tim.o
    0x080024e4   0x080024e4   0x0000002e   Code   RO         2543    .text.TIM_EnableOutputCompareSwitch  hal_tim.o
    0x08002512   0x08002512   0x00000002   PAD
    0x08002514   0x08002514   0x0000000c   Code   RO         2531    .text.TIM_GetInterruptStatus  hal_tim.o
    0x08002520   0x08002520   0x000000ca   Code   RO         2515    .text.TIM_Init      hal_tim.o
    0x080025ea   0x080025ea   0x00000002   PAD
    0x080025ec   0x080025ec   0x0000002a   Code   RO         2539    .text.TIM_PutChannelValue  hal_tim.o
    0x08002616   0x08002616   0x00000002   PAD
    0x08002618   0x08002618   0x00000012   Code   RO         2517    .text.TIM_Start     hal_tim.o
    0x0800262a   0x0800262a   0x00000002   PAD
    0x0800262c   0x0800262c   0x0000007c   Code   RO          142    .text.TM1638_Read   tm1638.o
    0x080026a8   0x080026a8   0x00000080   Code   RO          140    .text.TM1638_Write  tm1638.o
    0x08002728   0x08002728   0x0000004a   Code   RO           20    .text.UART1_IRQHandler  isr.o
    0x08002772   0x08002772   0x00000002   PAD
    0x08002774   0x08002774   0x0000004a   Code   RO           22    .text.UART2_IRQHandler  isr.o
    0x080027be   0x080027be   0x00000002   PAD
    0x080027c0   0x080027c0   0x0000004e   Code   RO           24    .text.UART3_IRQHandler  isr.o
    0x0800280e   0x0800280e   0x00000002   PAD
    0x08002810   0x08002810   0x0000004e   Code   RO           26    .text.UART4_IRQHandler  isr.o
    0x0800285e   0x0800285e   0x00000002   PAD
    0x08002860   0x08002860   0x0000004e   Code   RO           28    .text.UART5_IRQHandler  isr.o
    0x080028ae   0x080028ae   0x00000002   PAD
    0x080028b0   0x080028b0   0x00000056   Code   RO           30    .text.UART6_IRQHandler  isr.o
    0x08002906   0x08002906   0x00000002   PAD
    0x08002908   0x08002908   0x0000004a   Code   RO           32    .text.UART7_IRQHandler  isr.o
    0x08002952   0x08002952   0x00000002   PAD
    0x08002954   0x08002954   0x00000010   Code   RO         2600    .text.UART_ClearInterruptStatus  hal_uart.o
    0x08002964   0x08002964   0x0000002e   Code   RO         2584    .text.UART_Enable   hal_uart.o
    0x08002992   0x08002992   0x00000002   PAD
    0x08002994   0x08002994   0x00000030   Code   RO         2586    .text.UART_EnableInterrupts  hal_uart.o
    0x080029c4   0x080029c4   0x0000000e   Code   RO         2594    .text.UART_GetData  hal_uart.o
    0x080029d2   0x080029d2   0x00000002   PAD
    0x080029d4   0x080029d4   0x0000000c   Code   RO         2598    .text.UART_GetInterruptStatus  hal_uart.o
    0x080029e0   0x080029e0   0x0000000c   Code   RO         2596    .text.UART_GetStatus  hal_uart.o
    0x080029ec   0x080029ec   0x000000e0   Code   RO         2582    .text.UART_Init     hal_uart.o
    0x08002acc   0x08002acc   0x00000014   Code   RO         2592    .text.UART_PutData  hal_uart.o
    0x08002ae0   0x08002ae0   0x00000034   Code   RO          144    .text.Write_COM     tm1638.o
    0x08002b14   0x08002b14   0x0000004a   Code   RO          148    .text.Write_DATA    tm1638.o
    0x08002b5e   0x08002b5e   0x00000002   PAD
    0x08002b60   0x08002b60   0x0000007e   Code   RO         2537    .text._TIM_WriteChannelCtrlReg  hal_tim.o
    0x08002bde   0x08002bde   0x00000002   PAD
    0x08002be0   0x08002be0   0x00000038   Code   RO          316    .text.__NVIC_DisableIRQ  zf_common_interrupt.o
    0x08002c18   0x08002c18   0x00000030   Code   RO          312    .text.__NVIC_EnableIRQ  zf_common_interrupt.o
    0x08002c48   0x08002c48   0x00000042   Code   RO          320    .text.__NVIC_SetPriority  zf_common_interrupt.o
    0x08002c8a   0x08002c8a   0x00000002   PAD
    0x08002c8c   0x08002c8c   0x0000003c   Code   RO          324    .text.__NVIC_SetPriorityGrouping  zf_common_interrupt.o
    0x08002cc8   0x08002cc8   0x00000146   Code   RO          482    .text.afio_init     zf_driver_gpio.o
    0x08002e0e   0x08002e0e   0x00000002   PAD
    0x08002e10   0x08002e10   0x0000001c   Code   RO          173    .text.clock_init    zf_common_clock.o
    0x08002e2c   0x08002e2c   0x00000074   Code   RO          175    .text.clock_reset   zf_common_clock.o
    0x08002ea0   0x08002ea0   0x00000568   Code   RO          177    .text.clock_set_freq  zf_common_clock.o
    0x08003408   0x08003408   0x0000006c   Code   RO          196    .text.debug_assert_handler  zf_common_debug.o
    0x08003474   0x08003474   0x00000040   Code   RO          202    .text.debug_delay   zf_common_debug.o
    0x080034b4   0x080034b4   0x00000032   Code   RO          210    .text.debug_init    zf_common_debug.o
    0x080034e6   0x080034e6   0x00000002   PAD
    0x080034e8   0x080034e8   0x000003b0   Code   RO          200    .text.debug_output  zf_common_debug.o
    0x08003898   0x08003898   0x0000004c   Code   RO          208    .text.debug_output_init  zf_common_debug.o
    0x080038e4   0x080038e4   0x00000030   Code   RO          206    .text.debug_output_struct_init  zf_common_debug.o
    0x08003914   0x08003914   0x000000fa   Code   RO          198    .text.debug_protective_handler  zf_common_debug.o
    0x08003a0e   0x08003a0e   0x00000002   PAD
    0x08003a10   0x08003a10   0x00000012   Code   RO          212    .text.debug_uart_str_output  zf_common_debug.o
    0x08003a22   0x08003a22   0x00000002   PAD
    0x08003a24   0x08003a24   0x0000009e   Code   RO          868    .text.dl1a_get_distance  zf_device_dl1a.o
    0x08003ac2   0x08003ac2   0x00000002   PAD
    0x08003ac4   0x08003ac4   0x00000008   Code   RO          870    .text.dl1a_int_handler  zf_device_dl1a.o
    0x08003acc   0x08003acc   0x0000003a   Code   RO          911    .text.dm1xa_light_callback  zf_device_dm1xa.o
    0x08003b06   0x08003b06   0x00000002   PAD
    0x08003b08   0x08003b08   0x00000026   Code   RO          423    .text.exti_enable   zf_driver_exti.o
    0x08003b2e   0x08003b2e   0x00000002   PAD
    0x08003b30   0x08003b30   0x00000106   Code   RO          427    .text.exti_init     zf_driver_exti.o
    0x08003c36   0x08003c36   0x00000002   PAD
    0x08003c38   0x08003c38   0x000000a8   Code   RO          227    .text.fifo_clear    zf_common_fifo.o
    0x08003ce0   0x08003ce0   0x0000002e   Code   RO          239    .text.fifo_end_offset  zf_common_fifo.o
    0x08003d0e   0x08003d0e   0x00000002   PAD
    0x08003d10   0x08003d10   0x0000002e   Code   RO          233    .text.fifo_head_offset  zf_common_fifo.o
    0x08003d3e   0x08003d3e   0x00000002   PAD
    0x08003d40   0x08003d40   0x0000006e   Code   RO          245    .text.fifo_init     zf_common_fifo.o
    0x08003dae   0x08003dae   0x00000002   PAD
    0x08003db0   0x08003db0   0x000001f0   Code   RO          241    .text.fifo_read_buffer  zf_common_fifo.o
    0x08003fa0   0x08003fa0   0x00000028   Code   RO          229    .text.fifo_used     zf_common_fifo.o
    0x08003fc8   0x08003fc8   0x000001fa   Code   RO          235    .text.fifo_write_buffer  zf_common_fifo.o
    0x080041c2   0x080041c2   0x00000002   PAD
    0x080041c4   0x080041c4   0x00000028   Code   RO          188    .text.fputc         zf_common_debug.o
    0x080041ec   0x080041ec   0x00000004   PAD
    0x080041f0   0x080041f0   0x000002c0   Code   RO          285    .text.func_double_to_str  zf_common_function.o
    0x080044b0   0x080044b0   0x00000042   Code   RO          267    .text.func_get_greatest_common_divisor  zf_common_function.o
    0x080044f2   0x080044f2   0x00000002   PAD
    0x080044f4   0x080044f4   0x000000a8   Code   RO          277    .text.func_uint_to_str  zf_common_function.o
    0x0800459c   0x0800459c   0x0000002e   Code   RO          474    .text.gpio_get_level  zf_driver_gpio.o
    0x080045ca   0x080045ca   0x00000002   PAD
    0x080045cc   0x080045cc   0x00000188   Code   RO          480    .text.gpio_init     zf_driver_gpio.o
    0x08004754   0x08004754   0x0000005e   Code   RO          472    .text.gpio_set_level  zf_driver_gpio.o
    0x080047b2   0x080047b2   0x00000002   PAD
    0x080047b4   0x080047b4   0x0000013a   Code   RO          940    .text.gps_uart_callback  zf_device_gps_tau1201.o
    0x080048ee   0x080048ee   0x00000002   PAD
    0x080048f0   0x080048f0   0x00000096   Code   RO          152    .text.init_TM1638   tm1638.o
    0x08004986   0x08004986   0x00000002   PAD
    0x08004988   0x08004988   0x00000014   Code   RO          314    .text.interrupt_disable  zf_common_interrupt.o
    0x0800499c   0x0800499c   0x00000014   Code   RO          310    .text.interrupt_enable  zf_common_interrupt.o
    0x080049b0   0x080049b0   0x00000024   Code   RO          308    .text.interrupt_global_disable  zf_common_interrupt.o
    0x080049d4   0x080049d4   0x0000000a   Code   RO          322    .text.interrupt_init  zf_common_interrupt.o
    0x080049de   0x080049de   0x00000002   PAD
    0x080049e0   0x080049e0   0x0000001c   Code   RO          318    .text.interrupt_set_priority  zf_common_interrupt.o
    0x080049fc   0x080049fc   0x0000010a   Code   RO         1164    .text.ips200_clear  zf_device_ips200.o
    0x08004b06   0x08004b06   0x00000002   PAD
    0x08004b08   0x08004b08   0x0000008a   Code   RO         1208    .text.ips200_debug_init  zf_device_ips200.o
    0x08004b92   0x08004b92   0x00000002   PAD
    0x08004b94   0x08004b94   0x00000468   Code   RO         1202    .text.ips200_init   zf_device_ips200.o
    0x08004ffc   0x08004ffc   0x0000002a   Code   RO         1176    .text.ips200_set_color  zf_device_ips200.o
    0x08005026   0x08005026   0x00000002   PAD
    0x08005028   0x08005028   0x00000066   Code   RO         1172    .text.ips200_set_dir  zf_device_ips200.o
    0x0800508e   0x0800508e   0x00000002   PAD
    0x08005090   0x08005090   0x00000018   Code   RO         1174    .text.ips200_set_font  zf_device_ips200.o
    0x080050a8   0x080050a8   0x000000c4   Code   RO         1166    .text.ips200_set_region  zf_device_ips200.o
    0x0800516c   0x0800516c   0x000002da   Code   RO         1182    .text.ips200_show_char  zf_device_ips200.o
    0x08005446   0x08005446   0x00000002   PAD
    0x08005448   0x08005448   0x000001a8   Code   RO         1190    .text.ips200_show_float  zf_device_ips200.o
    0x080055f0   0x080055f0   0x000000dc   Code   RO         1184    .text.ips200_show_string  zf_device_ips200.o
    0x080056cc   0x080056cc   0x000000fe   Code   RO         1188    .text.ips200_show_uint  zf_device_ips200.o
    0x080057ca   0x080057ca   0x00000002   PAD
    0x080057cc   0x080057cc   0x000000d2   Code   RO         1168    .text.ips200_write_16bit_data  zf_device_ips200.o
    0x0800589e   0x0800589e   0x00000002   PAD
    0x080058a0   0x080058a0   0x000000aa   Code   RO         1206    .text.ips200_write_8bit_data  zf_device_ips200.o
    0x0800594a   0x0800594a   0x00000002   PAD
    0x0800594c   0x0800594c   0x000000e6   Code   RO         1204    .text.ips200_write_command  zf_device_ips200.o
    0x08005a32   0x08005a32   0x00000002   PAD
    0x08005a34   0x08005a34   0x00000016   Code   RO          163    .text.jy901s_init   jy901s.o
    0x08005a4a   0x08005a4a   0x00000002   PAD
    0x08005a4c   0x08005a4c   0x00000010   Code   RO          127    .text.laser_init    laser.o
    0x08005a5c   0x08005a5c   0x0000000c   Code   RO          129    .text.laser_on      laser.o
    0x08005a68   0x08005a68   0x00000cfe   Code   RO           88    .text.main          main.o
    0x08006766   0x08006766   0x00000002   PAD
    0x08006768   0x08006768   0x000002a0   Code   RO          577    .text.pwm_init      zf_driver_pwm.o
    0x08006a08   0x08006a08   0x0000015c   Code   RO          575    .text.pwm_set_duty  zf_driver_pwm.o
    0x08006b64   0x08006b64   0x00000098   Code   RO          621    .text.soft_iic_read_8bit_registers  zf_driver_soft_iic.o
    0x08006bfc   0x08006bfc   0x00000164   Code   RO          611    .text.soft_iic_read_data  zf_driver_soft_iic.o
    0x08006d60   0x08006d60   0x0000011a   Code   RO          639    .text.soft_iic_send_ack  zf_driver_soft_iic.o
    0x08006e7a   0x08006e7a   0x00000002   PAD
    0x08006e7c   0x08006e7c   0x00000128   Code   RO          591    .text.soft_iic_send_data  zf_driver_soft_iic.o
    0x08006fa4   0x08006fa4   0x000000da   Code   RO          589    .text.soft_iic_start  zf_driver_soft_iic.o
    0x0800707e   0x0800707e   0x00000002   PAD
    0x08007080   0x08007080   0x000000da   Code   RO          593    .text.soft_iic_stop  zf_driver_soft_iic.o
    0x0800715a   0x0800715a   0x00000002   PAD
    0x0800715c   0x0800715c   0x000000f8   Code   RO          637    .text.soft_iic_wait_ack  zf_driver_soft_iic.o
    0x08007254   0x08007254   0x00000056   Code   RO          601    .text.soft_iic_write_8bit_register  zf_driver_soft_iic.o
    0x080072aa   0x080072aa   0x00000002   PAD
    0x080072ac   0x080072ac   0x00000290   Code   RO          735    .text.spi_init      zf_driver_spi.o
    0x0800753c   0x0800753c   0x000000b8   Code   RO          703    .text.spi_write_16bit  zf_driver_spi.o
    0x080075f4   0x080075f4   0x00000086   Code   RO          699    .text.spi_write_8bit  zf_driver_spi.o
    0x0800767a   0x0800767a   0x00000002   PAD
    0x0800767c   0x0800767c   0x0000003c   Code   RO          382    .text.system_delay_init  zf_driver_delay.o
    0x080076b8   0x080076b8   0x00000082   Code   RO          378    .text.system_delay_ms  zf_driver_delay.o
    0x0800773a   0x0800773a   0x00000002   PAD
    0x0800773c   0x0800773c   0x000000a4   Code   RO          756    .text.timer_clear   zf_driver_timer.o
    0x080077e0   0x080077e0   0x00000078   Code   RO          748    .text.timer_clock_enable  zf_driver_timer.o
    0x08007858   0x08007858   0x00000068   Code   RO          746    .text.timer_funciton_check  zf_driver_timer.o
    0x080078c0   0x080078c0   0x00000002   Code   RO         1555    .text.type_default_callback  zf_device_type.o
    0x080078c2   0x080078c2   0x00000002   PAD
    0x080078c4   0x080078c4   0x0000014a   Code   RO           92    .text.uart5_rx_interrupt_handler  main.o
    0x08007a0e   0x08007a0e   0x00000002   PAD
    0x08007a10   0x08007a10   0x000000f6   Code   RO          786    .text.uart_init     zf_driver_uart.o
    0x08007b06   0x08007b06   0x00000002   PAD
    0x08007b08   0x08007b08   0x0000006c   Code   RO          780    .text.uart_query_byte  zf_driver_uart.o
    0x08007b74   0x08007b74   0x0000008e   Code   RO          784    .text.uart_rx_interrupt  zf_driver_uart.o
    0x08007c02   0x08007c02   0x00000002   PAD
    0x08007c04   0x08007c04   0x00000128   Code   RO           90    .text.uart_rx_interrupt_handler  main.o
    0x08007d2c   0x08007d2c   0x00000070   Code   RO          774    .text.uart_write_buffer  zf_driver_uart.o
    0x08007d9c   0x08007d9c   0x00000046   Code   RO          772    .text.uart_write_byte  zf_driver_uart.o
    0x08007de2   0x08007de2   0x00000002   PAD
    0x08007de4   0x08007de4   0x00000040   Code   RO          776    .text.uart_write_string  zf_driver_uart.o
    0x08007e24   0x08007e24   0x00000020   Code   RO         2842    i.__0printf         mc_w.l(printfa.o)
    0x08007e44   0x08007e44   0x00000028   Code   RO         2844    i.__0sprintf        mc_w.l(printfa.o)
    0x08007e6c   0x08007e6c   0x00000030   Code   RO         2999    i.__ARM_fpclassify  m_wm.l(fpclassify.o)
    0x08007e9c   0x08007e9c   0x00000004   PAD
    0x08007ea0   0x08007ea0   0x00000080   Code   RO         2814    i.__hardfp_tan      m_wm.l(tan.o)
    0x08007f20   0x08007f20   0x00000438   Code   RO         3004    i.__ieee754_rem_pio2  m_wm.l(rred.o)
    0x08008358   0x08008358   0x000000f8   Code   RO         3001    i.__kernel_poly     m_wm.l(poly.o)
    0x08008450   0x08008450   0x00000350   Code   RO         3012    i.__kernel_tan      m_wm.l(tan_i.o)
    0x080087a0   0x080087a0   0x00000014   Code   RO         2980    i.__mathlib_dbl_infnan  m_wm.l(dunder.o)
    0x080087b4   0x080087b4   0x00000004   PAD
    0x080087b8   0x080087b8   0x00000020   Code   RO         2982    i.__mathlib_dbl_invalid  m_wm.l(dunder.o)
    0x080087d8   0x080087d8   0x00000020   Code   RO         2985    i.__mathlib_dbl_underflow  m_wm.l(dunder.o)
    0x080087f8   0x080087f8   0x0000000e   Code   RO         3080    i.__scatterload_copy  mc_w.l(handlers.o)
    0x08008806   0x08008806   0x00000002   Code   RO         3081    i.__scatterload_null  mc_w.l(handlers.o)
    0x08008808   0x08008808   0x0000000e   Code   RO         3082    i.__scatterload_zeroinit  mc_w.l(handlers.o)
    0x08008816   0x08008816   0x00000002   PAD
    0x08008818   0x08008818   0x0000000c   Code   RO         3053    i.__set_errno       mc_w.l(errno.o)
    0x08008824   0x08008824   0x00000184   Code   RO         2849    i._fp_digits        mc_w.l(printfa.o)
    0x080089a8   0x080089a8   0x000006dc   Code   RO         2850    i._printf_core      mc_w.l(printfa.o)
    0x08009084   0x08009084   0x00000024   Code   RO         2851    i._printf_post_padding  mc_w.l(printfa.o)
    0x080090a8   0x080090a8   0x0000002e   Code   RO         2852    i._printf_pre_padding  mc_w.l(printfa.o)
    0x080090d6   0x080090d6   0x0000000a   Code   RO         2854    i._sputc            mc_w.l(printfa.o)
    0x080090e0   0x080090e0   0x00000018   Code   RO         2995    i.fabs              m_wm.l(fabs.o)
    0x080090f8   0x080090f8   0x000000cc   Data   RO         3006    .constdata          m_wm.l(rred.o)
    0x080091c4   0x080091c4   0x00000004   PAD
    0x080091c8   0x080091c8   0x00000060   Data   RO         3013    .constdata          m_wm.l(tan_i.o)
    0x08009228   0x08009228   0x0000013c   Data   RO          219    .rodata..L__const.debug_protective_handler.pin_list  zf_common_debug.o
    0x08009364   0x08009364   0x00000228   Data   RO          256    .rodata.ascii_font_6x8  zf_common_font.o
    0x0800958c   0x0800958c   0x000005f0   Data   RO          255    .rodata.ascii_font_8x16  zf_common_font.o
    0x08009b7c   0x08009b7c   0x00000056   Data   RO          109    .rodata.str1.1      main.o
    0x08009bd2   0x08009bd2   0x0000005a   Data   RO          217    .rodata.str1.1      zf_common_debug.o
    0x08009c2c   0x08009c2c   0x0000002b   Data   RO          247    .rodata.str1.1      zf_common_fifo.o
    0x08009c57   0x08009c57   0x0000002f   Data   RO          297    .rodata.str1.1      zf_common_function.o
    0x08009c86   0x08009c86   0x0000002b   Data   RO          485    .rodata.str1.1      zf_driver_gpio.o
    0x08009cb1   0x08009cb1   0x0000002a   Data   RO          579    .rodata.str1.1      zf_driver_pwm.o
    0x08009cdb   0x08009cdb   0x0000002f   Data   RO          641    .rodata.str1.1      zf_driver_soft_iic.o
    0x08009d0a   0x08009d0a   0x0000002a   Data   RO          738    .rodata.str1.1      zf_driver_spi.o
    0x08009d34   0x08009d34   0x0000002b   Data   RO          789    .rodata.str1.1      zf_driver_uart.o
    0x08009d5f   0x08009d5f   0x00000008   Data   RO          963    .rodata.str1.1      zf_device_gps_tau1201.o
    0x08009d67   0x08009d67   0x0000002d   Data   RO         1218    .rodata.str1.1      zf_device_ips200.o
    0x08009d94   0x08009d94   0x00000020   Data   RO         3079    Region$$Table       anon$$obj.o


    Execution Region RW_RAM (Exec base: 0x30000000, Load base: 0x08009db4, Size: 0x000003d0, Max: 0x0001a000, ABSOLUTE)

    Exec Addr    Load Addr    Size         Type   Attr      Idx    E Section Name        Object

    0x30000000   0x08009db4   0x00000004   Data   RW         3029    .data               mc_w.l(stdout.o)
    0x30000004   0x08009db8   0x00000004   Data   RW         3054    .data               mc_w.l(errno.o)
    0x30000008   0x08009dbc   0x00000004   Data   RW          180    .data.bus_clock     zf_common_clock.o
    0x3000000c   0x08009dc0   0x00000004   Data   RW         1564    .data.camera_dma_handler  zf_device_type.o
    0x30000010   0x08009dc4   0x00000004   Data   RW         1563    .data.camera_vsync_handler  zf_device_type.o
    0x30000014   0x08009dc8   0x00000002   Data   RW          899    .data.dl1a_distance_mm  zf_device_dl1a.o
    0x30000016   0x08009dca   0x00000002   PAD
    0x30000018   0x08009dcc   0x00000024   Data   RW          484    .data.gpio_group    zf_driver_gpio.o
    0x3000003c   0x08009df0   0x00000002   Data   RW         1214    .data.ips200_bgcolor  zf_device_ips200.o
    0x3000003e   0x08009df2   0x00000001   Data   RW         1216    .data.ips200_display_font  zf_device_ips200.o
    0x3000003f   0x08009df3   0x00000001   PAD
    0x30000040   0x08009df4   0x00000002   Data   RW         1217    .data.ips200_pencolor  zf_device_ips200.o
    0x30000042   0x08009df6   0x00000002   Data   RW         1212    .data.ips200_x_max  zf_device_ips200.o
    0x30000044   0x08009df8   0x00000002   Data   RW         1213    .data.ips200_y_max  zf_device_ips200.o
    0x30000046   0x08009dfa   0x00000002   Data   RW         1220    .data.ips_bl_pin    zf_device_ips200.o
    0x30000048   0x08009dfc   0x00000002   Data   RW         1211    .data.ips_cs_pin    zf_device_ips200.o
    0x3000004a   0x08009dfe   0x00000002   Data   RW         1219    .data.ips_rst_pin   zf_device_ips200.o
    0x3000004c   0x08009e00   0x00000004   Data   RW           96    .data.servo_x       main.o
    0x30000050   0x08009e04   0x00000004   Data   RW           97    .data.servo_y       main.o
    0x30000054   0x08009e08   0x0000000c   Data   RW          737    .data.spi_index     zf_driver_spi.o
    0x30000060   0x08009e14   0x00000004   Data   RW          179    .data.system_clock  zf_common_clock.o
    0x30000064   0x08009e18   0x00000010   Data   RW          154    .data.tab           tm1638.o
    0x30000074   0x08009e28   0x0000001c   Data   RW          788    .data.uart_index    zf_driver_uart.o
    0x30000090   0x08009e44   0x00000007   Data   RW          791    .data.uart_irq      zf_driver_uart.o
    0x30000097   0x08009e4b   0x00000001   PAD
    0x30000098   0x08009e4c   0x00000004   Data   RW         1566    .data.wireless_module_uart_handler  zf_device_type.o
    0x3000009c   0x08009e50   0x00000001   Data   RW          215    .data.zf_debug_assert_enable  zf_common_debug.o
    0x3000009d   0x08009e51   0x00000003   PAD
    0x300000a0        -       0x0000000c   Zero   RW          113    .bss.angle          main.o
    0x300000ac        -       0x00000004   Zero   RW          117    .bss.angle_num      main.o
    0x300000b0        -       0x00000001   Zero   RW          216    .bss.debug_assert_handler.assert_nest_index  zf_common_debug.o
    0x300000b1   0x08009e51   0x00000003   PAD
    0x300000b4        -       0x00000014   Zero   RW          218    .bss.debug_output_info  zf_common_debug.o
    0x300000c8        -       0x00000001   Zero   RW          898    .bss.dl1a_finsh_flag  zf_device_dl1a.o
    0x300000c9   0x08009e51   0x00000003   PAD
    0x300000cc        -       0x00000010   Zero   RW          900    .bss.dl1a_iic_struct  zf_device_dl1a.o
    0x300000dc        -       0x00000001   Zero   RW          921    .bss.dm1xa_ranging_state  zf_device_dm1xa.o
    0x300000dd        -       0x00000001   Zero   RW          919    .bss.dm1xa_type     zf_device_dm1xa.o
    0x300000de   0x08009e51   0x00000002   PAD
    0x300000e0        -       0x00000004   Zero   RW           95    .bss.fifo_data_count  main.o
    0x300000e4        -       0x00000040   Zero   RW          118    .bss.fifo_get_data  main.o
    0x30000124        -       0x00000001   Zero   RW           94    .bss.get_data       main.o
    0x30000125        -       0x00000080   Zero   RW          960    .bss.gps_gga_buffer  zf_device_gps_tau1201.o
    0x300001a5        -       0x00000001   Zero   RW          955    .bss.gps_gga_state  zf_device_gps_tau1201.o
    0x300001a6        -       0x00000080   Zero   RW          958    .bss.gps_rmc_buffer  zf_device_gps_tau1201.o
    0x30000226        -       0x00000001   Zero   RW          956    .bss.gps_rmc_state  zf_device_gps_tau1201.o
    0x30000227        -       0x00000001   Zero   RW          954    .bss.gps_tau1201_flag  zf_device_gps_tau1201.o
    0x30000228        -       0x00000018   Zero   RW          962    .bss.gps_tau1201_receiver_fifo  zf_device_gps_tau1201.o
    0x30000240        -       0x00000001   Zero   RW          961    .bss.gps_tau1201_state  zf_device_gps_tau1201.o
    0x30000241   0x08009e51   0x00000003   PAD
    0x30000244        -       0x00000004   Zero   RW          112    .bss.i              main.o
    0x30000248        -       0x00000004   Zero   RW          326    .bss.interrupt_nest_count  zf_common_interrupt.o
    0x3000024c        -       0x00000001   Zero   RW         1215    .bss.ips200_display_dir  zf_device_ips200.o
    0x3000024d        -       0x00000001   Zero   RW         1210    .bss.ips200_display_type  zf_device_ips200.o
    0x3000024e   0x08009e51   0x00000002   PAD
    0x30000250        -       0x00000004   Zero   RW          116    .bss.j              main.o
    0x30000254        -       0x00000001   Zero   RW           98    .bss.point_num      main.o
    0x30000255   0x08009e51   0x00000003   PAD
    0x30000258        -       0x00000030   Zero   RW           99    .bss.point_pwm_x    main.o
    0x30000288        -       0x00000030   Zero   RW          100    .bss.point_pwm_y    main.o
    0x300002b8        -       0x00000030   Zero   RW          101    .bss.point_roll     main.o
    0x300002e8        -       0x00000030   Zero   RW          102    .bss.point_yaw      main.o
    0x30000318        -       0x00000020   Zero   RW          104    .bss.red_x          main.o
    0x30000338        -       0x00000020   Zero   RW          105    .bss.red_y          main.o
    0x30000358        -       0x00000008   Zero   RW          108    .bss.square         main.o
    0x30000360        -       0x00000004   Zero   RW          114    .bss.step_x         main.o
    0x30000364        -       0x00000004   Zero   RW          115    .bss.step_y         main.o
    0x30000368        -       0x00000008   Zero   RW          762    .bss.timer_function_state  zf_driver_timer.o
    0x30000370        -       0x00000018   Zero   RW          110    .bss.uart_data_fifo  main.o
    0x30000388        -       0x00000040   Zero   RW          111    .bss.uart_get_data  main.o
    0x300003c8        -       0x00000007   Zero   RW          790    .bss.uart_interrupt_state  zf_driver_uart.o
    0x300003cf        -       0x00000001   Zero   RW          214    .bss.zf_debug_init_flag  zf_common_debug.o


    Execution Region ARM_LIB_HEAP (Exec base: 0x300003d0, Load base: 0x08009e54, Size: 0x00001000, Max: 0x00001000, ABSOLUTE)

    Exec Addr    Load Addr    Size         Type   Attr      Idx    E Section Name        Object

    0x300003d0        -       0x00001000   Zero   RW            1    ARM_LIB_HEAP.bss    anon$$obj.o


    Execution Region ARM_LIB_STACK (Exec base: 0x3001b000, Load base: 0x08009e54, Size: 0x00001000, Max: 0x00001000, ABSOLUTE)

    Exec Addr    Load Addr    Size         Type   Attr      Idx    E Section Name        Object

    0x3001b000        -       0x00001000   Zero   RW            2    ARM_LIB_STACK.bss   anon$$obj.o


==============================================================================

Image component sizes


      Code (inc. data)   RO Data    RW Data    ZI Data      Debug   Object Name

        52          0          0          0          0       3165   hal_dma.o
       236          4          0          0          0       1918   hal_exti.o
       468          0          0          0          0       3858   hal_gpio.o
        62          0          0          0          0       3533   hal_lptim.o
       206          0          0          0          0       5765   hal_rcc.o
       356          0          0          0          0       6005   hal_spi.o
       192          0          0          0          0       4559   hal_syscfg.o
       822         20          0          0          0      13774   hal_tim.o
       392          0          0          0          0       3621   hal_uart.o
      3350          0          0          0          0      10221   isr.o
        22          0          0          0          0       1602   jy901s.o
        28          0          0          0          0       2095   laser.o
      3952         40         86          8        454      10733   main.o
        36          8       2364          0          0        469   startup_mm32f5277e.o
       124          0          0          0          0       1968   system_mm32f5277e.o
       734          0          0         16          0       3342   tm1638.o
      1528          0          0          8          0       3344   zf_common_clock.o
      1598          0        406          1         22       9496   zf_common_debug.o
      1412          0         43          0          0       5424   zf_common_fifo.o
         0          0       2072          0          0        743   zf_common_font.o
       938         16         47          0          0       8048   zf_common_function.o
       344          0          0          0          4       5317   zf_common_interrupt.o
       166          0          0          2         17       8039   zf_device_dl1a.o
        58          0          0          0          2       3905   zf_device_dm1xa.o
       314          0          8          0        284       8278   zf_device_gps_tau1201.o
      4134         12         45         15          2      13113   zf_device_ips200.o
         2          0          0         12          0       1529   zf_device_type.o
       190          0          0          0          0       2013   zf_driver_delay.o
       300          0          0          0          0       5007   zf_driver_exti.o
       858         20         43         36          0       5145   zf_driver_gpio.o
      1020         20         42          0          0       8792   zf_driver_pwm.o
      1856          0         47          0          0       9124   zf_driver_soft_iic.o
       974          4         42         12          0      10225   zf_driver_spi.o
       388         16          0          0          8       9794   zf_driver_timer.o
       742          8         43         35          7       8063   zf_driver_uart.o

    ----------------------------------------------------------------------
     28012        168       5320        152       9008     202027   Object Totals
         0          0         32          0       8192          0   (incl. Generated)
       158          0          0          7         16          0   (incl. Padding)

    ----------------------------------------------------------------------

      Code (inc. data)   RO Data    RW Data    ZI Data      Debug   Library Member Name

        84         16          0          0          0        372   dunder.o
        24          0          0          0          0        124   fabs.o
        48          0          0          0          0        124   fpclassify.o
       248          0          0          0          0        152   poly.o
      1080        142        204          0          0        188   rred.o
       128         20          0          0          0        144   tan.o
       848         84         96          0          0        196   tan_i.o
         0          0          0          0          0          0   entry.o
         0          0          0          0          0          0   entry10a.o
         0          0          0          0          0          0   entry11a.o
         8          4          0          0          0          0   entry4.o
         4          0          0          0          0          0   entry5.o
         0          0          0          0          0          0   entry7b.o
         0          0          0          0          0          0   entry8b.o
         8          4          0          0          0          0   entry9a.o
        12          6          0          4          0         68   errno.o
        30          0          0          0          0          0   handlers.o
        36          8          0          0          0         68   init.o
         0          0          0          0          0          0   iusefp.o
        30          0          0          0          0         68   llshl.o
        36          0          0          0          0         68   llsshr.o
        32          0          0          0          0         68   llushr.o
        36          0          0          0          0         68   memcpya.o
        36          0          0          0          0        108   memseta.o
      2308         96          0          0          0        604   printfa.o
         0          0          0          4          0          0   stdout.o
        14          0          0          0          0         68   strlen.o
        30          0          0          0          0         80   strncmp.o
        44          0          0          0          0         80   uidiv.o
        98          0          0          0          0         92   uldiv.o
        48          0          0          0          0         68   cdrcmple.o
        56          0          0          0          0         88   d2f.o
       334          0          0          0          0        148   dadd.o
        56          0          0          0          0         80   dcmpeq.o
        54          0          0          0          0         80   dcmpge.o
       222          0          0          0          0        100   ddiv.o
       186          0          0          0          0        176   depilogue.o
        62          0          0          0          0         80   dfixi.o
        48          0          0          0          0         68   dfixul.o
        34          0          0          0          0         76   dflti.o
        26          0          0          0          0         76   dfltui.o
       228          0          0          0          0         96   dmul.o
        38          0          0          0          0         68   f2d.o
       110          0          0          0          0        168   fepilogue.o

    ----------------------------------------------------------------------
      6736        380        304          8          0       4112   Library Totals
        12          0          4          0          0          0   (incl. Padding)

    ----------------------------------------------------------------------

      Code (inc. data)   RO Data    RW Data    ZI Data      Debug   Library Name

      2460        262        300          0          0       1300   m_wm.l
      2762        118          0          8          0       1440   mc_w.l
      1502          0          0          0          0       1372   mf_w.l

    ----------------------------------------------------------------------
      6736        380        304          8          0       4112   Library Totals

    ----------------------------------------------------------------------

==============================================================================


      Code (inc. data)   RO Data    RW Data    ZI Data      Debug   

     34748        548       5624        160       9008     203395   Grand Totals
     34748        548       5624        160       9008     203395   ELF Image Totals
     34748        548       5624        160          0          0   ROM Totals

==============================================================================

    Total RO  Size (Code + RO Data)                40372 (  39.43kB)
    Total RW  Size (RW Data + ZI Data)              9168 (   8.95kB)
    Total ROM Size (Code + RO Data + RW Data)      40532 (  39.58kB)

==============================================================================

