Component: Arm Compiler for Embedded 6.19 Tool: armlink [5e73cb00]

==============================================================================

Section Cross References

    isr.o(.text.TIM1_UP_IRQHandler) refers to hal_tim.o(.text.TIM_GetInterruptStatus) for TIM_GetInterruptStatus
    isr.o(.text.TIM1_UP_IRQHandler) refers to hal_tim.o(.text.TIM_ClearInterruptStatus) for TIM_ClearInterruptStatus
    isr.o(.ARM.exidx.text.TIM1_UP_IRQHandler) refers to isr.o(.text.TIM1_UP_IRQHandler) for [Anonymous Symbol]
    isr.o(.text.TIM2_IRQHandler) refers to hal_tim.o(.text.TIM_GetInterruptStatus) for TIM_GetInterruptStatus
    isr.o(.text.TIM2_IRQHandler) refers to hal_tim.o(.text.TIM_ClearInterruptStatus) for TIM_ClearInterruptStatus
    isr.o(.ARM.exidx.text.TIM2_IRQHandler) refers to isr.o(.text.TIM2_IRQHandler) for [Anonymous Symbol]
    isr.o(.text.TIM3_IRQHandler) refers to hal_tim.o(.text.TIM_GetInterruptStatus) for TIM_GetInterruptStatus
    isr.o(.text.TIM3_IRQHandler) refers to hal_tim.o(.text.TIM_ClearInterruptStatus) for TIM_ClearInterruptStatus
    isr.o(.ARM.exidx.text.TIM3_IRQHandler) refers to isr.o(.text.TIM3_IRQHandler) for [Anonymous Symbol]
    isr.o(.text.TIM4_IRQHandler) refers to hal_tim.o(.text.TIM_GetInterruptStatus) for TIM_GetInterruptStatus
    isr.o(.text.TIM4_IRQHandler) refers to hal_tim.o(.text.TIM_ClearInterruptStatus) for TIM_ClearInterruptStatus
    isr.o(.ARM.exidx.text.TIM4_IRQHandler) refers to isr.o(.text.TIM4_IRQHandler) for [Anonymous Symbol]
    isr.o(.text.TIM5_IRQHandler) refers to hal_tim.o(.text.TIM_GetInterruptStatus) for TIM_GetInterruptStatus
    isr.o(.text.TIM5_IRQHandler) refers to hal_tim.o(.text.TIM_ClearInterruptStatus) for TIM_ClearInterruptStatus
    isr.o(.ARM.exidx.text.TIM5_IRQHandler) refers to isr.o(.text.TIM5_IRQHandler) for [Anonymous Symbol]
    isr.o(.text.TIM6_IRQHandler) refers to hal_tim.o(.text.TIM_GetInterruptStatus) for TIM_GetInterruptStatus
    isr.o(.text.TIM6_IRQHandler) refers to hal_tim.o(.text.TIM_ClearInterruptStatus) for TIM_ClearInterruptStatus
    isr.o(.ARM.exidx.text.TIM6_IRQHandler) refers to isr.o(.text.TIM6_IRQHandler) for [Anonymous Symbol]
    isr.o(.text.TIM7_IRQHandler) refers to hal_tim.o(.text.TIM_GetInterruptStatus) for TIM_GetInterruptStatus
    isr.o(.text.TIM7_IRQHandler) refers to hal_tim.o(.text.TIM_ClearInterruptStatus) for TIM_ClearInterruptStatus
    isr.o(.ARM.exidx.text.TIM7_IRQHandler) refers to isr.o(.text.TIM7_IRQHandler) for [Anonymous Symbol]
    isr.o(.text.TIM8_UP_IRQHandler) refers to hal_tim.o(.text.TIM_GetInterruptStatus) for TIM_GetInterruptStatus
    isr.o(.text.TIM8_UP_IRQHandler) refers to hal_tim.o(.text.TIM_ClearInterruptStatus) for TIM_ClearInterruptStatus
    isr.o(.ARM.exidx.text.TIM8_UP_IRQHandler) refers to isr.o(.text.TIM8_UP_IRQHandler) for [Anonymous Symbol]
    isr.o(.text.UART1_IRQHandler) refers to hal_uart.o(.text.UART_GetInterruptStatus) for UART_GetInterruptStatus
    isr.o(.text.UART1_IRQHandler) refers to hal_uart.o(.text.UART_ClearInterruptStatus) for UART_ClearInterruptStatus
    isr.o(.ARM.exidx.text.UART1_IRQHandler) refers to isr.o(.text.UART1_IRQHandler) for [Anonymous Symbol]
    isr.o(.text.UART2_IRQHandler) refers to hal_uart.o(.text.UART_GetInterruptStatus) for UART_GetInterruptStatus
    isr.o(.text.UART2_IRQHandler) refers to hal_uart.o(.text.UART_ClearInterruptStatus) for UART_ClearInterruptStatus
    isr.o(.ARM.exidx.text.UART2_IRQHandler) refers to isr.o(.text.UART2_IRQHandler) for [Anonymous Symbol]
    isr.o(.text.UART3_IRQHandler) refers to hal_uart.o(.text.UART_GetInterruptStatus) for UART_GetInterruptStatus
    isr.o(.text.UART3_IRQHandler) refers to hal_uart.o(.text.UART_ClearInterruptStatus) for UART_ClearInterruptStatus
    isr.o(.ARM.exidx.text.UART3_IRQHandler) refers to isr.o(.text.UART3_IRQHandler) for [Anonymous Symbol]
    isr.o(.text.UART4_IRQHandler) refers to hal_uart.o(.text.UART_GetInterruptStatus) for UART_GetInterruptStatus
    isr.o(.text.UART4_IRQHandler) refers to hal_uart.o(.text.UART_ClearInterruptStatus) for UART_ClearInterruptStatus
    isr.o(.text.UART4_IRQHandler) refers to zf_device_gps_tau1201.o(.text.gps_uart_callback) for gps_uart_callback
    isr.o(.ARM.exidx.text.UART4_IRQHandler) refers to isr.o(.text.UART4_IRQHandler) for [Anonymous Symbol]
    isr.o(.text.UART5_IRQHandler) refers to hal_uart.o(.text.UART_GetInterruptStatus) for UART_GetInterruptStatus
    isr.o(.text.UART5_IRQHandler) refers to hal_uart.o(.text.UART_ClearInterruptStatus) for UART_ClearInterruptStatus
    isr.o(.text.UART5_IRQHandler) refers to zf_device_type.o(.data.camera_uart_handler) for camera_uart_handler
    isr.o(.ARM.exidx.text.UART5_IRQHandler) refers to isr.o(.text.UART5_IRQHandler) for [Anonymous Symbol]
    isr.o(.text.UART6_IRQHandler) refers to hal_uart.o(.text.UART_GetInterruptStatus) for UART_GetInterruptStatus
    isr.o(.text.UART6_IRQHandler) refers to hal_uart.o(.text.UART_ClearInterruptStatus) for UART_ClearInterruptStatus
[...]
    ../clib/microlib/string/strncpy.c        0x00000000   Number         0  strncpy.o ABSOLUTE
    ../clib/microlib/string/strrchr.c        0x00000000   Number         0  strrchr.o ABSOLUTE
    ../clib/microlib/string/strstr.c         0x00000000   Number         0  strstr.o ABSOLUTE
    ../clib/microlib/stubs.s                 0x00000000   Number         0  iusefp.o ABSOLUTE
    ../fplib/microlib/d2f.c                  0x00000000   Number         0  d2f.o ABSOLUTE
    ../fplib/microlib/f2d.c                  0x00000000   Number         0  f2d.o ABSOLUTE
    ../fplib/microlib/fpadd.c                0x00000000   Number         0  dadd.o ABSOLUTE
    ../fplib/microlib/fpcmp.c                0x00000000   Number         0  dcmple.o ABSOLUTE
    ../fplib/microlib/fpcmp.c                0x00000000   Number         0  dcmplt.o ABSOLUTE
    ../fplib/microlib/fpcmp.c                0x00000000   Number         0  dcmpge.o ABSOLUTE
    ../fplib/microlib/fpcmp.c                0x00000000   Number         0  dcmpeq.o ABSOLUTE
    ../fplib/microlib/fpdiv.c                0x00000000   Number         0  ddiv.o ABSOLUTE
    ../fplib/microlib/fpepilogue.c           0x00000000   Number         0  fepilogue.o ABSOLUTE
    ../fplib/microlib/fpepilogue.c           0x00000000   Number         0  depilogue.o ABSOLUTE
    ../fplib/microlib/fpfix.c                0x00000000   Number         0  dfixi.o ABSOLUTE
    ../fplib/microlib/fpfix.c                0x00000000   Number         0  dfixui.o ABSOLUTE
    ../fplib/microlib/fpfix.c                0x00000000   Number         0  dfixul.o ABSOLUTE
    ../fplib/microlib/fpflt.c                0x00000000   Number         0  dflti.o ABSOLUTE
    ../fplib/microlib/fpflt.c                0x00000000   Number         0  dfltui.o ABSOLUTE
    ../fplib/microlib/fpmul.c                0x00000000   Number         0  dmul.o ABSOLUTE
    ../fplib/microlib/fpneg.c                0x00000000   Number         0  dneg.o ABSOLUTE
    ../fplib/microlib/fpscalb.c              0x00000000   Number         0  dscalb.o ABSOLUTE
    ../fplib/microlib/fpsqrt.c               0x00000000   Number         0  dsqrt.o ABSOLUTE
    ../mathlib/asin.c                        0x00000000   Number         0  asin.o ABSOLUTE
    ../mathlib/atan.c                        0x00000000   Number         0  atan.o ABSOLUTE
    ../mathlib/atan2.c                       0x00000000   Number         0  atan2.o ABSOLUTE
    ../mathlib/cos.c                         0x00000000   Number         0  cos.o ABSOLUTE
    ../mathlib/cos_i.c                       0x00000000   Number         0  cos_i.o ABSOLUTE
    ../mathlib/dunder.c                      0x00000000   Number         0  dunder.o ABSOLUTE
    ../mathlib/fabs.c                        0x00000000   Number         0  fabs.o ABSOLUTE
    ../mathlib/fpclassify.c                  0x00000000   Number         0  fpclassify.o ABSOLUTE
    ../mathlib/poly.c                        0x00000000   Number         0  poly.o ABSOLUTE
    ../mathlib/pow.c                         0x00000000   Number         0  pow.o ABSOLUTE
    ../mathlib/qnan.c                        0x00000000   Number         0  qnan.o ABSOLUTE
    ../mathlib/rred.c                        0x00000000   Number         0  rred.o ABSOLUTE
    ../mathlib/sin.c                         0x00000000   Number         0  sin.o ABSOLUTE
    ../mathlib/sin_i.c                       0x00000000   Number         0  sin_i.o ABSOLUTE
    ../mathlib/sqrt.c                        0x00000000   Number         0  sqrt.o ABSOLUTE
    Unwind-EHABI.cpp                         0x00000000   Number         0  Unwind-EHABI.cpp.o ABSOLUTE
    cdcmple.s                                0x00000000   Number         0  cdcmple.o ABSOLUTE
    cdrcmple.s                               0x00000000   Number         0  cdrcmple.o ABSOLUTE
    dc.s                                     0x00000000   Number         0  dc.o ABSOLUTE
    hal_adc.c                                0x00000000   Number         0  hal_adc.o ABSOLUTE
    hal_comp.c                               0x00000000   Number         0  hal_comp.o ABSOLUTE
    hal_cordic.c                             0x00000000   Number         0  hal_cordic.o ABSOLUTE
    hal_crc.c                                0x00000000   Number         0  hal_crc.o ABSOLUTE
    hal_dac.c                                0x00000000   Number         0  hal_dac.o ABSOLUTE
    hal_dma.c                                0x00000000   Number         0  hal_dma.o ABSOLUTE
    hal_enet.c                               0x00000000   Number         0  hal_enet.o ABSOLUTE
    hal_exti.c                               0x00000000   Number         0  hal_exti.o ABSOLUTE
    hal_flexcan.c                            0x00000000   Number         0  hal_flexcan.o ABSOLUTE
    hal_fsmc.c                               0x00000000   Number         0  hal_fsmc.o ABSOLUTE
    hal_gpio.c                               0x00000000   Number         0  hal_gpio.o ABSOLUTE
    hal_i2c.c                                0x00000000   Number         0  hal_i2c.o ABSOLUTE
    hal_i2s.c                                0x00000000   Number         0  hal_i2s.o ABSOLUTE
    hal_iwdg.c                               0x00000000   Number         0  hal_iwdg.o ABSOLUTE
    hal_lptim.c                              0x00000000   Number         0  hal_lptim.o ABSOLUTE
    hal_lpuart.c                             0x00000000   Number         0  hal_lpuart.o ABSOLUTE
    hal_mds.c                                0x00000000   Number         0  hal_mds.o ABSOLUTE
    hal_power.c                              0x00000000   Number         0  hal_power.o ABSOLUTE
    hal_pwr.c                                0x00000000   Number         0  hal_pwr.o ABSOLUTE
    hal_qspi.c                               0x00000000   Number         0  hal_qspi.o ABSOLUTE
    hal_rcc.c                                0x00000000   Number         0  hal_rcc.o ABSOLUTE
    hal_rtc.c                                0x00000000   Number         0  hal_rtc.o ABSOLUTE
    hal_spi.c                                0x00000000   Number         0  hal_spi.o ABSOLUTE
    hal_syscfg.c                             0x00000000   Number         0  hal_syscfg.o ABSOLUTE
    hal_tim.c                                0x00000000   Number         0  hal_tim.o ABSOLUTE
    hal_uart.c                               0x00000000   Number         0  hal_uart.o ABSOLUTE
    hal_usb.c                                0x00000000   Number         0  hal_usb.o ABSOLUTE
    hal_wwdg.c                               0x00000000   Number         0  hal_wwdg.o ABSOLUTE
    handlers.s                               0x00000000   Number         0  handlers.o ABSOLUTE
    init.s                                   0x00000000   Number         0  init.o ABSOLUTE
    isr.c                                    0x00000000   Number         0  isr.o ABSOLUTE
    libunwind.cpp                            0x00000000   Number         0  libunwind.cpp.o ABSOLUTE
    main.c                                   0x00000000   Number         0  main.o ABSOLUTE
    system_mm32f5277e.c                      0x00000000   Number         0  system_mm32f5277e.o ABSOLUTE
    zf_common_clock.c                        0x00000000   Number         0  zf_common_clock.o ABSOLUTE
    zf_common_debug.c                        0x00000000   Number         0  zf_common_debug.o ABSOLUTE
    zf_common_fifo.c                         0x00000000   Number         0  zf_common_fifo.o ABSOLUTE
    zf_common_font.c                         0x00000000   Number         0  zf_common_font.o ABSOLUTE
    zf_common_function.c                     0x00000000   Number         0  zf_common_function.o ABSOLUTE
    zf_common_interrupt.c                    0x00000000   Number         0  zf_common_interrupt.o ABSOLUTE
    zf_device_absolute_encoder.c             0x00000000   Number         0  zf_device_absolute_encoder.o ABSOLUTE
    zf_device_bluetooth_ch9141.c             0x00000000   Number         0  zf_device_bluetooth_ch9141.o ABSOLUTE
    zf_device_camera.c                       0x00000000   Number         0  zf_device_camera.o ABSOLUTE
    zf_device_config.c                       0x00000000   Number         0  zf_device_config.o ABSOLUTE
    zf_device_dl1a.c                         0x00000000   Number         0  zf_device_dl1a.o ABSOLUTE
    zf_device_dm1xa.c                        0x00000000   Number         0  zf_device_dm1xa.o ABSOLUTE
    zf_device_gps_tau1201.c                  0x00000000   Number         0  zf_device_gps_tau1201.o ABSOLUTE
    zf_device_gt911.c                        0x00000000   Number         0  zf_device_gt911.o ABSOLUTE
    zf_device_icm20602.c                     0x00000000   Number         0  zf_device_icm20602.o ABSOLUTE
    zf_device_imu660ra.c                     0x00000000   Number         0  zf_device_imu660ra.o ABSOLUTE
    zf_device_imu963ra.c                     0x00000000   Number         0  zf_device_imu963ra.o ABSOLUTE
    zf_device_ips114.c                       0x00000000   Number         0  zf_device_ips114.o ABSOLUTE
    zf_device_ips200.c                       0x00000000   Number         0  zf_device_ips200.o ABSOLUTE
    zf_device_ips350.c                       0x00000000   Number         0  zf_device_ips350.o ABSOLUTE
    zf_device_is66wv51216.c                  0x00000000   Number         0  zf_device_is66wv51216.o ABSOLUTE
    zf_device_k24c02.c                       0x00000000   Number         0  zf_device_k24c02.o ABSOLUTE
    zf_device_key.c                          0x00000000   Number         0  zf_device_key.o ABSOLUTE
    zf_device_mpu6050.c                      0x00000000   Number         0  zf_device_mpu6050.o ABSOLUTE
    zf_device_mt9v03x.c                      0x00000000   Number         0  zf_device_mt9v03x.o ABSOLUTE
    zf_device_oled.c                         0x00000000   Number         0  zf_device_oled.o ABSOLUTE
    zf_device_ov7725.c                       0x00000000   Number         0  zf_device_ov7725.o ABSOLUTE
    zf_device_scc8660.c                      0x00000000   Number         0  zf_device_scc8660.o ABSOLUTE
    zf_device_tft180.c                       0x00000000   Number         0  zf_device_tft180.o ABSOLUTE
    zf_device_type.c                         0x00000000   Number         0  zf_device_type.o ABSOLUTE
    zf_device_virtual_oscilloscope.c         0x00000000   Number         0  zf_device_virtual_oscilloscope.o ABSOLUTE
    zf_device_wifi_uart.c                    0x00000000   Number         0  zf_device_wifi_uart.o ABSOLUTE
    zf_device_wireless_uart.c                0x00000000   Number         0  zf_device_wireless_uart.o ABSOLUTE
    zf_driver_adc.c                          0x00000000   Number         0  zf_driver_adc.o ABSOLUTE
    zf_driver_can.c                          0x00000000   Number         0  zf_driver_can.o ABSOLUTE
    zf_driver_dac.c                          0x00000000   Number         0  zf_driver_dac.o ABSOLUTE
    zf_driver_delay.c                        0x00000000   Number         0  zf_driver_delay.o ABSOLUTE
    zf_driver_dma.c                          0x00000000   Number         0  zf_driver_dma.o ABSOLUTE
    zf_driver_encoder.c                      0x00000000   Number         0  zf_driver_encoder.o ABSOLUTE
    zf_driver_exti.c                         0x00000000   Number         0  zf_driver_exti.o ABSOLUTE
    zf_driver_flash.c                        0x00000000   Number         0  zf_driver_flash.o ABSOLUTE
    zf_driver_fsmc.c                         0x00000000   Number         0  zf_driver_fsmc.o ABSOLUTE
    zf_driver_gpio.c                         0x00000000   Number         0  zf_driver_gpio.o ABSOLUTE
    zf_driver_iic.c                          0x00000000   Number         0  zf_driver_iic.o ABSOLUTE
    zf_driver_iis.c                          0x00000000   Number         0  zf_driver_iis.o ABSOLUTE
    zf_driver_pit.c                          0x00000000   Number         0  zf_driver_pit.o ABSOLUTE
    zf_driver_pwm.c                          0x00000000   Number         0  zf_driver_pwm.o ABSOLUTE
    zf_driver_soft_iic.c                     0x00000000   Number         0  zf_driver_soft_iic.o ABSOLUTE
    zf_driver_soft_spi.c                     0x00000000   Number         0  zf_driver_soft_spi.o ABSOLUTE
    zf_driver_spi.c                          0x00000000   Number         0  zf_driver_spi.o ABSOLUTE
    zf_driver_timer.c                        0x00000000   Number         0  zf_driver_timer.o ABSOLUTE
    zf_driver_uart.c                         0x00000000   Number         0  zf_driver_uart.o ABSOLUTE
    .ARM.Collect$$$$00000000                 0x0800093c   Section        0  entry.o(.ARM.Collect$$$$00000000)
    .ARM.Collect$$$$00000003                 0x0800093c   Section        4  entry4.o(.ARM.Collect$$$$00000003)
    .ARM.Collect$$$$00000004                 0x08000940   Section        4  entry5.o(.ARM.Collect$$$$00000004)
    .ARM.Collect$$$$00000008                 0x08000944   Section        0  entry7b.o(.ARM.Collect$$$$00000008)
    .ARM.Collect$$$$0000000A                 0x08000944   Section        0  entry8b.o(.ARM.Collect$$$$0000000A)
    .ARM.Collect$$$$0000000B                 0x08000944   Section        8  entry9a.o(.ARM.Collect$$$$0000000B)
    __lit__00000000                          0x0800094c   Data           4  entry4.o(.ARM.Collect$$$$00002714)
    .ARM.Collect$$$$0000000D                 0x0800094c   Section        0  entry10a.o(.ARM.Collect$$$$0000000D)
    .ARM.Collect$$$$0000000F                 0x0800094c   Section        0  entry11a.o(.ARM.Collect$$$$0000000F)
    .ARM.Collect$$$$00002714                 0x0800094c   Section        4  entry4.o(.ARM.Collect$$$$00002714)
    [Anonymous Symbol]                       0x08000950   Section        0  startup_mm32f5277e.o(.text)
    .text                                    0x08000974   Section        0  memcpya.o(.text)
    .text                                    0x08000998   Section        0  memseta.o(.text)
    .text                                    0x080009bc   Section        0  strlen.o(.text)
    .text                                    0x080009ca   Section        0  strncmp.o(.text)
    .text                                    0x080009e8   Section        0  dadd.o(.text)
    .text                                    0x08000b36   Section        0  dmul.o(.text)
    .text                                    0x08000c1a   Section        0  ddiv.o(.text)
    .text                                    0x08000cf8   Section        0  dfixi.o(.text)
    .text                                    0x08000d36   Section        0  f2d.o(.text)
    .text                                    0x08000d5c   Section        0  uidiv.o(.text)
    .text                                    0x08000d88   Section        0  uldiv.o(.text)
    .text                                    0x08000dea   Section        0  llshl.o(.text)
    .text                                    0x08000e08   Section        0  llushr.o(.text)
    .text                                    0x08000e28   Section        0  llsshr.o(.text)
    .text                                    0x08000e4c   Section        0  iusefp.o(.text)
    .text                                    0x08000e4c   Section        0  depilogue.o(.text)
    .text                                    0x08000f06   Section        0  dfixul.o(.text)
    .text                                    0x08000f38   Section       48  cdrcmple.o(.text)
    .text                                    0x08000f68   Section       36  init.o(.text)
    [Anonymous Symbol]                       0x08000f8c   Section        0  isr.o(.text.DMA1_CH1_IRQHandler)
    [Anonymous Symbol]                       0x08001004   Section        0  isr.o(.text.DMA1_CH2_IRQHandler)
    [Anonymous Symbol]                       0x0800107c   Section        0  isr.o(.text.DMA1_CH3_IRQHandler)
    [Anonymous Symbol]                       0x080010f4   Section        0  isr.o(.text.DMA1_CH4_IRQHandler)
    [Anonymous Symbol]                       0x08001178   Section        0  isr.o(.text.DMA1_CH5_IRQHandler)
    [Anonymous Symbol]                       0x080011f0   Section        0  isr.o(.text.DMA1_CH6_IRQHandler)
    [Anonymous Symbol]                       0x08001268   Section        0  isr.o(.text.DMA1_CH7_IRQHandler)
    [Anonymous Symbol]                       0x080012e0   Section        0  isr.o(.text.DMA1_CH8_IRQHandler)
    [Anonymous Symbol]                       0x08001358   Section        0  isr.o(.text.DMA2_CH1_IRQHandler)
    [Anonymous Symbol]                       0x080013dc   Section        0  isr.o(.text.DMA2_CH2_IRQHandler)
    [Anonymous Symbol]                       0x08001460   Section        0  isr.o(.text.DMA2_CH3_IRQHandler)
    [Anonymous Symbol]                       0x080014e4   Section        0  isr.o(.text.DMA2_CH4_IRQHandler)
    [Anonymous Symbol]                       0x08001568   Section        0  isr.o(.text.DMA2_CH5_IRQHandler)
    [Anonymous Symbol]                       0x080015ec   Section        0  isr.o(.text.DMA2_CH6_IRQHandler)
    [Anonymous Symbol]                       0x08001670   Section        0  isr.o(.text.DMA2_CH7_IRQHandler)
    [Anonymous Symbol]                       0x080016f4   Section        0  isr.o(.text.DMA2_CH8_IRQHandler)
    [Anonymous Symbol]                       0x08001778   Section        0  hal_dma.o(.text.DMA_ClearChannelInterruptStatus)
    [Anonymous Symbol]                       0x08001794   Section        0  hal_dma.o(.text.DMA_GetChannelInterruptStatus)
    [Anonymous Symbol]                       0x080017ac   Section        0  isr.o(.text.EXTI0_IRQHandler)
    [Anonymous Symbol]                       0x080017c0   Section        0  isr.o(.text.EXTI15_10_IRQHandler)
    [Anonymous Symbol]                       0x080018b0   Section        0  isr.o(.text.EXTI1_IRQHandler)
    [Anonymous Symbol]                       0x080018c8   Section        0  isr.o(.text.EXTI2_IRQHandler)
    [Anonymous Symbol]                       0x080018dc   Section        0  isr.o(.text.EXTI3_IRQHandler)
    [Anonymous Symbol]                       0x080018f0   Section        0  isr.o(.text.EXTI4_IRQHandler)
    [Anonymous Symbol]                       0x08001904   Section        0  isr.o(.text.EXTI9_5_IRQHandler)
    [Anonymous Symbol]                       0x080019cc   Section        0  hal_exti.o(.text.EXTI_ClearLineStatus)
    [Anonymous Symbol]                       0x080019e0   Section        0  hal_exti.o(.text.EXTI_GetLineStatus)
    [Anonymous Symbol]                       0x080019ec   Section        0  hal_gpio.o(.text.GPIO_Init)
    [Anonymous Symbol]                       0x08001b00   Section        0  hal_gpio.o(.text.GPIO_PinAFConf)
    [Anonymous Symbol]                       0x08001bc0   Section        0  hal_lptim.o(.text.LPTIM_Init)
    [Anonymous Symbol]                       0x08001c00   Section        0  hal_rcc.o(.text.RCC_EnableAHB1Periphs)
    [Anonymous Symbol]                       0x08001c3c   Section        0  hal_rcc.o(.text.RCC_EnableAPB1Periphs)
    [Anonymous Symbol]                       0x08001c78   Section        0  hal_rcc.o(.text.RCC_EnableAPB2Periphs)
    [Anonymous Symbol]                       0x08001cb4   Section        0  hal_rcc.o(.text.RCC_ResetAPB2Periphs)
    [Anonymous Symbol]                       0x08001cd4   Section        0  system_mm32f5277e.o(.text.SystemInit)
    [Anonymous Symbol]                       0x08001d50   Section        0  isr.o(.text.TIM1_UP_IRQHandler)
    [Anonymous Symbol]                       0x08001d70   Section        0  isr.o(.text.TIM2_IRQHandler)
    [Anonymous Symbol]                       0x08001d8c   Section        0  isr.o(.text.TIM3_IRQHandler)
    [Anonymous Symbol]                       0x08001dac   Section        0  isr.o(.text.TIM4_IRQHandler)
    [Anonymous Symbol]                       0x08001dcc   Section        0  isr.o(.text.TIM5_IRQHandler)
    [Anonymous Symbol]                       0x08001dec   Section        0  isr.o(.text.TIM6_IRQHandler)
    [Anonymous Symbol]                       0x08001e0c   Section        0  isr.o(.text.TIM7_IRQHandler)
    [Anonymous Symbol]                       0x08001e2c   Section        0  isr.o(.text.TIM8_UP_IRQHandler)
    [Anonymous Symbol]                       0x08001e4c   Section        0  hal_tim.o(.text.TIM_ClearInterruptStatus)
    [Anonymous Symbol]                       0x08001e60   Section        0  hal_tim.o(.text.TIM_DoSwTrigger)
    [Anonymous Symbol]                       0x08001e70   Section        0  hal_tim.o(.text.TIM_EnableCompOutput)
    [Anonymous Symbol]                       0x08001f14   Section        0  hal_tim.o(.text.TIM_EnableOutputCompare)
    [Anonymous Symbol]                       0x08001fc4   Section        0  hal_tim.o(.text.TIM_EnableOutputCompareSwitch)
    [Anonymous Symbol]                       0x08001ff4   Section        0  hal_tim.o(.text.TIM_GetCounterValue)
    [Anonymous Symbol]                       0x08002000   Section        0  hal_tim.o(.text.TIM_GetInterruptStatus)
    [Anonymous Symbol]                       0x0800200c   Section        0  hal_tim.o(.text.TIM_Init)
    [Anonymous Symbol]                       0x080020d8   Section        0  hal_tim.o(.text.TIM_PutChannelValue)
    [Anonymous Symbol]                       0x08002104   Section        0  hal_tim.o(.text.TIM_Start)
    [Anonymous Symbol]                       0x08002118   Section        0  isr.o(.text.UART1_IRQHandler)
    [Anonymous Symbol]                       0x08002164   Section        0  isr.o(.text.UART2_IRQHandler)
    [Anonymous Symbol]                       0x080021b0   Section        0  isr.o(.text.UART3_IRQHandler)
    [Anonymous Symbol]                       0x080021fc   Section        0  isr.o(.text.UART4_IRQHandler)
    [Anonymous Symbol]                       0x0800224c   Section        0  isr.o(.text.UART5_IRQHandler)
    [Anonymous Symbol]                       0x080022a4   Section        0  isr.o(.text.UART6_IRQHandler)
    [Anonymous Symbol]                       0x080022fc   Section        0  isr.o(.text.UART7_IRQHandler)
    [Anonymous Symbol]                       0x08002348   Section        0  hal_uart.o(.text.UART_ClearInterruptStatus)
    [Anonymous Symbol]                       0x08002358   Section        0  hal_uart.o(.text.UART_Enable)
    [Anonymous Symbol]                       0x08002388   Section        0  hal_uart.o(.text.UART_GetData)
    [Anonymous Symbol]                       0x08002398   Section        0  hal_uart.o(.text.UART_GetInterruptStatus)
    [Anonymous Symbol]                       0x080023a4   Section        0  hal_uart.o(.text.UART_GetStatus)
    [Anonymous Symbol]                       0x080023b0   Section        0  hal_uart.o(.text.UART_Init)
    [Anonymous Symbol]                       0x08002490   Section        0  hal_uart.o(.text.UART_PutData)
    _TIM_WriteChannelCtrlReg                 0x080024a5   Thumb Code   126  hal_tim.o(.text._TIM_WriteChannelCtrlReg)
    [Anonymous Symbol]                       0x080024a4   Section        0  hal_tim.o(.text._TIM_WriteChannelCtrlReg)
    __NVIC_SetPriorityGrouping               0x08002525   Thumb Code    60  zf_common_interrupt.o(.text.__NVIC_SetPriorityGrouping)
    [Anonymous Symbol]                       0x08002524   Section        0  zf_common_interrupt.o(.text.__NVIC_SetPriorityGrouping)
    [Anonymous Symbol]                       0x08002560   Section        0  zf_driver_gpio.o(.text.afio_init)
    [Anonymous Symbol]                       0x080026a8   Section        0  zf_common_clock.o(.text.clock_init)
    clock_reset                              0x080026c5   Thumb Code   116  zf_common_clock.o(.text.clock_reset)
    [Anonymous Symbol]                       0x080026c4   Section        0  zf_common_clock.o(.text.clock_reset)
    clock_set_freq                           0x08002739   Thumb Code  1384  zf_common_clock.o(.text.clock_set_freq)
    [Anonymous Symbol]                       0x08002738   Section        0  zf_common_clock.o(.text.clock_set_freq)
    [Anonymous Symbol]                       0x08002ca0   Section        0  zf_common_debug.o(.text.debug_assert_handler)
    debug_delay                              0x08002d0d   Thumb Code    64  zf_common_debug.o(.text.debug_delay)
    [Anonymous Symbol]                       0x08002d0c   Section        0  zf_common_debug.o(.text.debug_delay)
    [Anonymous Symbol]                       0x08002d4c   Section        0  zf_common_debug.o(.text.debug_init)
    debug_output                             0x08002d81   Thumb Code   944  zf_common_debug.o(.text.debug_output)
    [Anonymous Symbol]                       0x08002d80   Section        0  zf_common_debug.o(.text.debug_output)
    [Anonymous Symbol]                       0x08003130   Section        0  zf_common_debug.o(.text.debug_output_init)
    [Anonymous Symbol]                       0x0800317c   Section        0  zf_common_debug.o(.text.debug_output_struct_init)
    debug_protective_handler                 0x080031ad   Thumb Code   250  zf_common_debug.o(.text.debug_protective_handler)
    [Anonymous Symbol]                       0x080031ac   Section        0  zf_common_debug.o(.text.debug_protective_handler)
    debug_uart_str_output                    0x080032a9   Thumb Code    18  zf_common_debug.o(.text.debug_uart_str_output)
    [Anonymous Symbol]                       0x080032a8   Section        0  zf_common_debug.o(.text.debug_uart_str_output)
    [Anonymous Symbol]                       0x080032bc   Section        0  zf_device_dl1a.o(.text.dl1a_get_distance)
    [Anonymous Symbol]                       0x0800335c   Section        0  zf_device_dl1a.o(.text.dl1a_int_handler)
    [Anonymous Symbol]                       0x08003364   Section        0  zf_device_dm1xa.o(.text.dm1xa_light_callback)
    [Anonymous Symbol]                       0x080033a0   Section        0  zf_device_dm1xa.o(.text.dm1xa_sound_callback)
    [Anonymous Symbol]                       0x080034b8   Section        0  zf_common_fifo.o(.text.fifo_clear)
    fifo_end_offset                          0x08003561   Thumb Code    46  zf_common_fifo.o(.text.fifo_end_offset)
    [Anonymous Symbol]                       0x08003560   Section        0  zf_common_fifo.o(.text.fifo_end_offset)
    fifo_head_offset                         0x08003591   Thumb Code    46  zf_common_fifo.o(.text.fifo_head_offset)
    [Anonymous Symbol]                       0x08003590   Section        0  zf_common_fifo.o(.text.fifo_head_offset)
    [Anonymous Symbol]                       0x080035c0   Section        0  zf_common_fifo.o(.text.fifo_read_buffer)
    [Anonymous Symbol]                       0x080037b0   Section        0  zf_common_fifo.o(.text.fifo_used)
    [Anonymous Symbol]                       0x080037d8   Section        0  zf_common_fifo.o(.text.fifo_write_buffer)
    [Anonymous Symbol]                       0x080039d4   Section        0  zf_common_function.o(.text.func_get_greatest_common_divisor)
    [Anonymous Symbol]                       0x08003a18   Section        0  zf_driver_gpio.o(.text.gpio_get_level)
    [Anonymous Symbol]                       0x08003a48   Section        0  zf_driver_gpio.o(.text.gpio_init)
    [Anonymous Symbol]                       0x08003bd0   Section        0  zf_driver_gpio.o(.text.gpio_set_level)
    [Anonymous Symbol]                       0x08003c30   Section        0  zf_device_gps_tau1201.o(.text.gps_uart_callback)
    [Anonymous Symbol]                       0x08003d6c   Section        0  zf_common_interrupt.o(.text.interrupt_global_disable)
    [Anonymous Symbol]                       0x08003d90   Section        0  zf_common_interrupt.o(.text.interrupt_init)
    [Anonymous Symbol]                       0x08003d9c   Section        0  main.o(.text.main)
    [Anonymous Symbol]                       0x08003dd8   Section        0  zf_driver_pwm.o(.text.pwm_init)
    [Anonymous Symbol]                       0x08004078   Section        0  zf_driver_pwm.o(.text.pwm_set_duty)
    [Anonymous Symbol]                       0x080041d4   Section        0  zf_driver_soft_iic.o(.text.soft_iic_read_8bit_registers)
    soft_iic_read_data                       0x0800426d   Thumb Code   356  zf_driver_soft_iic.o(.text.soft_iic_read_data)
    [Anonymous Symbol]                       0x0800426c   Section        0  zf_driver_soft_iic.o(.text.soft_iic_read_data)
    soft_iic_send_ack                        0x080043d1   Thumb Code   282  zf_driver_soft_iic.o(.text.soft_iic_send_ack)
    [Anonymous Symbol]                       0x080043d0   Section        0  zf_driver_soft_iic.o(.text.soft_iic_send_ack)
    soft_iic_send_data                       0x080044ed   Thumb Code   296  zf_driver_soft_iic.o(.text.soft_iic_send_data)
    [Anonymous Symbol]                       0x080044ec   Section        0  zf_driver_soft_iic.o(.text.soft_iic_send_data)
    soft_iic_start                           0x08004615   Thumb Code   218  zf_driver_soft_iic.o(.text.soft_iic_start)
    [Anonymous Symbol]                       0x08004614   Section        0  zf_driver_soft_iic.o(.text.soft_iic_start)
    soft_iic_stop                            0x080046f1   Thumb Code   218  zf_driver_soft_iic.o(.text.soft_iic_stop)
    [Anonymous Symbol]                       0x080046f0   Section        0  zf_driver_soft_iic.o(.text.soft_iic_stop)
    soft_iic_wait_ack                        0x080047cd   Thumb Code   248  zf_driver_soft_iic.o(.text.soft_iic_wait_ack)
    [Anonymous Symbol]                       0x080047cc   Section        0  zf_driver_soft_iic.o(.text.soft_iic_wait_ack)
    [Anonymous Symbol]                       0x080048c4   Section        0  zf_driver_soft_iic.o(.text.soft_iic_write_8bit_register)
    [Anonymous Symbol]                       0x0800491c   Section        0  zf_driver_delay.o(.text.system_delay_init)
    [Anonymous Symbol]                       0x08004958   Section        0  zf_driver_timer.o(.text.timer_clear)
    [Anonymous Symbol]                       0x080049fc   Section        0  zf_driver_timer.o(.text.timer_clock_enable)
    [Anonymous Symbol]                       0x08004a74   Section        0  zf_driver_timer.o(.text.timer_funciton_check)
    [Anonymous Symbol]                       0x08004adc   Section        0  zf_driver_timer.o(.text.timer_get)
    type_default_callback                    0x08004bbd   Thumb Code     2  zf_device_type.o(.text.type_default_callback)
    [Anonymous Symbol]                       0x08004bbc   Section        0  zf_device_type.o(.text.type_default_callback)
    [Anonymous Symbol]                       0x08004bc0   Section        0  zf_driver_uart.o(.text.uart_init)
    [Anonymous Symbol]                       0x08004cb8   Section        0  zf_driver_uart.o(.text.uart_query_byte)
    [Anonymous Symbol]                       0x08004d24   Section        0  zf_driver_uart.o(.text.uart_write_byte)
    [Anonymous Symbol]                       0x08004d6c   Section        0  zf_driver_uart.o(.text.uart_write_string)
    i.__0sprintf                             0x08004dac   Section        0  printfa.o(i.__0sprintf)
    i.__scatterload_copy                     0x08004dd4   Section       14  handlers.o(i.__scatterload_copy)
    i.__scatterload_null                     0x08004de2   Section        2  handlers.o(i.__scatterload_null)
    i.__scatterload_zeroinit                 0x08004de4   Section       14  handlers.o(i.__scatterload_zeroinit)
    _fp_digits                               0x08004df5   Thumb Code   366  printfa.o(i._fp_digits)
    i._fp_digits                             0x08004df4   Section        0  printfa.o(i._fp_digits)
    _printf_core                             0x08004f79   Thumb Code  1744  printfa.o(i._printf_core)
    i._printf_core                           0x08004f78   Section        0  printfa.o(i._printf_core)
    _printf_post_padding                     0x08005655   Thumb Code    36  printfa.o(i._printf_post_padding)
    i._printf_post_padding                   0x08005654   Section        0  printfa.o(i._printf_post_padding)
    _printf_pre_padding                      0x08005679   Thumb Code    46  printfa.o(i._printf_pre_padding)
    i._printf_pre_padding                    0x08005678   Section        0  printfa.o(i._printf_pre_padding)
    _sputc                                   0x080056a7   Thumb Code    10  printfa.o(i._sputc)
    i._sputc                                 0x080056a6   Section        0  printfa.o(i._sputc)
    .L__const.debug_protective_handler.pin_list 0x080056b0   Data         316  zf_common_debug.o(.rodata..L__const.debug_protective_handler.pin_list)
    .L.str.6                                 0x080057ec   Data          21  zf_common_debug.o(.rodata.str1.1)
    [Anonymous Symbol]                       0x080057ec   Section        0  zf_common_debug.o(.rodata.str1.1)
    .L.str.1                                 0x080057f9   Data          12  zf_common_debug.o(.rodata.str1.1)
    .L.str.5                                 0x08005801   Data          25  zf_common_debug.o(.rodata.str1.1)
    .L.str.4                                 0x0800581a   Data           9  zf_common_debug.o(.rodata.str1.1)
    .L.str                                   0x08005823   Data          13  zf_common_debug.o(.rodata.str1.1)
    .L.str.2                                 0x08005830   Data           9  zf_common_debug.o(.rodata.str1.1)
    .L.str.3                                 0x08005839   Data          13  zf_common_debug.o(.rodata.str1.1)
    .L.str                                   0x08005846   Data          43  zf_common_fifo.o(.rodata.str1.1)
    [Anonymous Symbol]                       0x08005846   Section        0  zf_common_fifo.o(.rodata.str1.1)
    .L.str                                   0x08005871   Data          43  zf_driver_gpio.o(.rodata.str1.1)
    [Anonymous Symbol]                       0x08005871   Section        0  zf_driver_gpio.o(.rodata.str1.1)
    .L.str                                   0x0800589c   Data          42  zf_driver_pwm.o(.rodata.str1.1)
    [Anonymous Symbol]                       0x0800589c   Section        0  zf_driver_pwm.o(.rodata.str1.1)
    .L.str                                   0x080058c6   Data          47  zf_driver_soft_iic.o(.rodata.str1.1)
    [Anonymous Symbol]                       0x080058c6   Section        0  zf_driver_soft_iic.o(.rodata.str1.1)
    .L.str                                   0x080058f5   Data          43  zf_driver_uart.o(.rodata.str1.1)
    [Anonymous Symbol]                       0x080058f5   Section        0  zf_driver_uart.o(.rodata.str1.1)
    .L.str.1                                 0x08005920   Data           4  zf_device_gps_tau1201.o(.rodata.str1.1)
    [Anonymous Symbol]                       0x08005920   Section        0  zf_device_gps_tau1201.o(.rodata.str1.1)
    .L.str                                   0x08005924   Data           4  zf_device_gps_tau1201.o(.rodata.str1.1)
    dm1xa_distance_mm                        0x30000012   Data           2  zf_device_dm1xa.o(.data.dm1xa_distance_mm)
    [Anonymous Symbol]                       0x30000012   Section        0  zf_device_dm1xa.o(.data.dm1xa_distance_mm)
    uart_index                               0x3000003c   Data          28  zf_driver_uart.o(.data.uart_index)
    [Anonymous Symbol]                       0x3000003c   Section        0  zf_driver_uart.o(.data.uart_index)
    zf_debug_assert_enable                   0x3000005c   Data           1  zf_common_debug.o(.data.zf_debug_assert_enable)
    [Anonymous Symbol]                       0x3000005c   Section        0  zf_common_debug.o(.data.zf_debug_assert_enable)
    debug_assert_handler.assert_nest_index   0x30000060   Data           1  zf_common_debug.o(.bss.debug_assert_handler.assert_nest_index)
    [Anonymous Symbol]                       0x30000060   Section        0  zf_common_debug.o(.bss.debug_assert_handler.assert_nest_index)
    debug_output_info                        0x30000064   Data          20  zf_common_debug.o(.bss.debug_output_info)
    [Anonymous Symbol]                       0x30000064   Section        0  zf_common_debug.o(.bss.debug_output_info)
    dl1a_iic_struct                          0x3000007c   Data          16  zf_device_dl1a.o(.bss.dl1a_iic_struct)
    [Anonymous Symbol]                       0x3000007c   Section        0  zf_device_dl1a.o(.bss.dl1a_iic_struct)
    dm1xa_plus_count                         0x3000008c   Data           4  zf_device_dm1xa.o(.bss.dm1xa_plus_count)
    [Anonymous Symbol]                       0x3000008c   Section        0  zf_device_dm1xa.o(.bss.dm1xa_plus_count)
    dm1xa_ranging_state                      0x30000090   Data           1  zf_device_dm1xa.o(.bss.dm1xa_ranging_state)
    [Anonymous Symbol]                       0x30000090   Section        0  zf_device_dm1xa.o(.bss.dm1xa_ranging_state)
    dm1xa_type                               0x30000091   Data           1  zf_device_dm1xa.o(.bss.dm1xa_type)
    [Anonymous Symbol]                       0x30000091   Section        0  zf_device_dm1xa.o(.bss.dm1xa_type)
    gps_gga_buffer                           0x30000092   Data         128  zf_device_gps_tau1201.o(.bss.gps_gga_buffer)
    [Anonymous Symbol]                       0x30000092   Section        0  zf_device_gps_tau1201.o(.bss.gps_gga_buffer)
    gps_rmc_buffer                           0x30000113   Data         128  zf_device_gps_tau1201.o(.bss.gps_rmc_buffer)
    [Anonymous Symbol]                       0x30000113   Section        0  zf_device_gps_tau1201.o(.bss.gps_rmc_buffer)
    gps_tau1201_receiver_fifo                0x30000198   Data          24  zf_device_gps_tau1201.o(.bss.gps_tau1201_receiver_fifo)
    [Anonymous Symbol]                       0x30000198   Section        0  zf_device_gps_tau1201.o(.bss.gps_tau1201_receiver_fifo)
    gps_tau1201_state                        0x300001b0   Data           1  zf_device_gps_tau1201.o(.bss.gps_tau1201_state)
    [Anonymous Symbol]                       0x300001b0   Section        0  zf_device_gps_tau1201.o(.bss.gps_tau1201_state)
    interrupt_nest_count                     0x300001b4   Data           4  zf_common_interrupt.o(.bss.interrupt_nest_count)
    [Anonymous Symbol]                       0x300001b4   Section        0  zf_common_interrupt.o(.bss.interrupt_nest_count)
    timer_mode_state                         0x300001c0   Data           8  zf_driver_timer.o(.bss.timer_mode_state)
    [Anonymous Symbol]                       0x300001c0   Section        0  zf_driver_timer.o(.bss.timer_mode_state)
    zf_debug_init_flag                       0x300001c8   Data           1  zf_common_debug.o(.bss.zf_debug_init_flag)
    [Anonymous Symbol]                       0x300001c8   Section        0  zf_common_debug.o(.bss.zf_debug_init_flag)

    Global Symbols

    Symbol Name                              Value     Ov Type        Size  Object(Section)

    BuildAttributes$$THM_ISAv4$E$P$D$K$B$S$7EM$8M$VFPi5$EXTD16$VFPS$VFMA$PE$A:L22UL41UL21$X:L11$S22US41US21$IEEE1$IW$USESV6$~STKCKD$USESV7$~SHL$OTIME$ROPI$IEEEX$EBA8$UX$MICROLIB$REQ8$EABIv2 0x00000000   Number         0  anon$$obj.o ABSOLUTE
    SHT$$ARM_EXIDX$$Base                      - Undefined Reference
    SHT$$ARM_EXIDX$$Limit                     - Undefined Reference
    __arm_find_exidx_section                  - Undefined Weak Reference
    __cpp_initialize__aeabi_                  - Undefined Weak Reference
    __cxa_finalize                            - Undefined Weak Reference
    __decompress                              - Undefined Weak Reference
    _clock_init                               - Undefined Weak Reference
    _microlib_exit                            - Undefined Weak Reference
    __Vectors_Size                           0x0000093c   Number         0  startup_mm32f5277e.o ABSOLUTE
    __Vectors                                0x08000000   Number      2364  startup_mm32f5277e.o(RESET)
    __Vectors_End                            0x0800093c   Number         0  startup_mm32f5277e.o(RESET)
    __main                                   0x0800093d   Thumb Code     0  entry.o(.ARM.Collect$$$$00000000)
    _main_stk                                0x0800093d   Thumb Code     0  entry4.o(.ARM.Collect$$$$00000003)
    _main_scatterload                        0x08000941   Thumb Code     0  entry5.o(.ARM.Collect$$$$00000004)
    __main_after_scatterload                 0x08000945   Thumb Code     0  entry5.o(.ARM.Collect$$$$00000004)
    _main_clock                              0x08000945   Thumb Code     0  entry7b.o(.ARM.Collect$$$$00000008)
    _main_cpp_init                           0x08000945   Thumb Code     0  entry8b.o(.ARM.Collect$$$$0000000A)
    _main_init                               0x08000945   Thumb Code     0  entry9a.o(.ARM.Collect$$$$0000000B)
    __rt_final_cpp                           0x0800094d   Thumb Code     0  entry10a.o(.ARM.Collect$$$$0000000D)
    __rt_final_exit                          0x0800094d   Thumb Code     0  entry11a.o(.ARM.Collect$$$$0000000F)
    Reset_Handler                            0x08000951   Thumb Code    24  startup_mm32f5277e.o(.text)
    HardFault_Handler                        0x08000969   Thumb Code     2  startup_mm32f5277e.o(.text)
    ADC1_2_IRQHandler                        0x0800096b   Thumb Code     2  startup_mm32f5277e.o(.text)
    BKP_TAMPER_IRQHandler                    0x0800096b   Thumb Code     2  startup_mm32f5277e.o(.text)
    BusFault_Handler                         0x0800096b   Thumb Code     2  startup_mm32f5277e.o(.text)
    COMP_IRQHandler                          0x0800096b   Thumb Code     2  startup_mm32f5277e.o(.text)
    DebugMon_Handler                         0x0800096b   Thumb Code     2  startup_mm32f5277e.o(.text)
    Default_Handler                          0x0800096b   Thumb Code     2  startup_mm32f5277e.o(.text)
    ENET_IRQHandler                          0x0800096b   Thumb Code     2  startup_mm32f5277e.o(.text)
    ENET_WKUP_IRQHandler                     0x0800096b   Thumb Code     2  startup_mm32f5277e.o(.text)
    FLASH_IRQHandler                         0x0800096b   Thumb Code     2  startup_mm32f5277e.o(.text)
    FlexCAN1_IRQHandler                      0x0800096b   Thumb Code     2  startup_mm32f5277e.o(.text)
    FlexCAN2_IRQHandler                      0x0800096b   Thumb Code     2  startup_mm32f5277e.o(.text)
    I2C1_IRQHandler                          0x0800096b   Thumb Code     2  startup_mm32f5277e.o(.text)
    I2C2_IRQHandler                          0x0800096b   Thumb Code     2  startup_mm32f5277e.o(.text)
    LPTIM_IRQHandler                         0x0800096b   Thumb Code     2  startup_mm32f5277e.o(.text)
    LPUART_IRQHandler                        0x0800096b   Thumb Code     2  startup_mm32f5277e.o(.text)
    MemManage_Handler                        0x0800096b   Thumb Code     2  startup_mm32f5277e.o(.text)
    NMI_Handler                              0x0800096b   Thumb Code     2  startup_mm32f5277e.o(.text)
    PVD_IRQHandler                           0x0800096b   Thumb Code     2  startup_mm32f5277e.o(.text)
    PendSV_Handler                           0x0800096b   Thumb Code     2  startup_mm32f5277e.o(.text)
    QSPI_IRQHandler                          0x0800096b   Thumb Code     2  startup_mm32f5277e.o(.text)
    RCC_CRS_IRQHandler                       0x0800096b   Thumb Code     2  startup_mm32f5277e.o(.text)
    RTC_ALR_IRQHandler                       0x0800096b   Thumb Code     2  startup_mm32f5277e.o(.text)
    RTC_IRQHandler                           0x0800096b   Thumb Code     2  startup_mm32f5277e.o(.text)
    SPI1_IRQHandler                          0x0800096b   Thumb Code     2  startup_mm32f5277e.o(.text)
    SPI2_IRQHandler                          0x0800096b   Thumb Code     2  startup_mm32f5277e.o(.text)
    SPI3_IRQHandler                          0x0800096b   Thumb Code     2  startup_mm32f5277e.o(.text)
    SVC_Handler                              0x0800096b   Thumb Code     2  startup_mm32f5277e.o(.text)
    SecureFault_Handler                      0x0800096b   Thumb Code     2  startup_mm32f5277e.o(.text)
    SysTick_Handler                          0x0800096b   Thumb Code     2  startup_mm32f5277e.o(.text)
    TIM1_BRK_IRQHandler                      0x0800096b   Thumb Code     2  startup_mm32f5277e.o(.text)
    TIM1_CC_IRQHandler                       0x0800096b   Thumb Code     2  startup_mm32f5277e.o(.text)
    TIM1_TRG_COM_IRQHandler                  0x0800096b   Thumb Code     2  startup_mm32f5277e.o(.text)
    TIM8_BRK_IRQHandler                      0x0800096b   Thumb Code     2  startup_mm32f5277e.o(.text)
    TIM8_CC_IRQHandler                       0x0800096b   Thumb Code     2  startup_mm32f5277e.o(.text)
    TIM8_TRG_COM_IRQHandler                  0x0800096b   Thumb Code     2  startup_mm32f5277e.o(.text)
    USB_FS_IRQHandler                        0x0800096b   Thumb Code     2  startup_mm32f5277e.o(.text)
    USB_WKUP_IRQHandler                      0x0800096b   Thumb Code     2  startup_mm32f5277e.o(.text)
    UsageFault_Handler                       0x0800096b   Thumb Code     2  startup_mm32f5277e.o(.text)
    WWDG_IWDG_IRQHandler                     0x0800096b   Thumb Code     2  startup_mm32f5277e.o(.text)
    __aeabi_memcpy                           0x08000975   Thumb Code    36  memcpya.o(.text)
    __aeabi_memcpy4                          0x08000975   Thumb Code     0  memcpya.o(.text)
    __aeabi_memcpy8                          0x08000975   Thumb Code     0  memcpya.o(.text)
    __aeabi_memset                           0x08000999   Thumb Code    14  memseta.o(.text)
    __aeabi_memset4                          0x08000999   Thumb Code     0  memseta.o(.text)
    __aeabi_memset8                          0x08000999   Thumb Code     0  memseta.o(.text)
    __aeabi_memclr                           0x080009a7   Thumb Code     4  memseta.o(.text)
    __aeabi_memclr4                          0x080009a7   Thumb Code     0  memseta.o(.text)
    __aeabi_memclr8                          0x080009a7   Thumb Code     0  memseta.o(.text)
    _memset$wrapper                          0x080009ab   Thumb Code    18  memseta.o(.text)
    strlen                                   0x080009bd   Thumb Code    14  strlen.o(.text)
    strncmp                                  0x080009cb   Thumb Code    30  strncmp.o(.text)
    __aeabi_dadd                             0x080009e9   Thumb Code   322  dadd.o(.text)
    __aeabi_dsub                             0x08000b2b   Thumb Code     6  dadd.o(.text)
    __aeabi_drsub                            0x08000b31   Thumb Code     6  dadd.o(.text)
    __aeabi_dmul                             0x08000b37   Thumb Code   228  dmul.o(.text)
    __aeabi_ddiv                             0x08000c1b   Thumb Code   222  ddiv.o(.text)
    __aeabi_d2iz                             0x08000cf9   Thumb Code    62  dfixi.o(.text)
    __aeabi_f2d                              0x08000d37   Thumb Code    38  f2d.o(.text)
    __aeabi_uidiv                            0x08000d5d   Thumb Code     0  uidiv.o(.text)
    __aeabi_uidivmod                         0x08000d5d   Thumb Code    44  uidiv.o(.text)
    __aeabi_uldivmod                         0x08000d89   Thumb Code    98  uldiv.o(.text)
    __aeabi_llsl                             0x08000deb   Thumb Code    30  llshl.o(.text)
    _ll_shift_l                              0x08000deb   Thumb Code     0  llshl.o(.text)
    __aeabi_llsr                             0x08000e09   Thumb Code    32  llushr.o(.text)
    _ll_ushift_r                             0x08000e09   Thumb Code     0  llushr.o(.text)
    __aeabi_lasr                             0x08000e29   Thumb Code    36  llsshr.o(.text)
    _ll_sshift_r                             0x08000e29   Thumb Code     0  llsshr.o(.text)
    __I$use$fp                               0x08000e4d   Thumb Code     0  iusefp.o(.text)
    _double_round                            0x08000e4d   Thumb Code    30  depilogue.o(.text)
    _double_epilogue                         0x08000e6b   Thumb Code   156  depilogue.o(.text)
    __aeabi_d2ulz                            0x08000f07   Thumb Code    48  dfixul.o(.text)
    __aeabi_cdrcmple                         0x08000f39   Thumb Code    48  cdrcmple.o(.text)
    __scatterload                            0x08000f69   Thumb Code    28  init.o(.text)
    __scatterload_rt2                        0x08000f69   Thumb Code     0  init.o(.text)
    DMA1_CH1_IRQHandler                      0x08000f8d   Thumb Code   120  isr.o(.text.DMA1_CH1_IRQHandler)
    DMA1_CH2_IRQHandler                      0x08001005   Thumb Code   120  isr.o(.text.DMA1_CH2_IRQHandler)
    DMA1_CH3_IRQHandler                      0x0800107d   Thumb Code   120  isr.o(.text.DMA1_CH3_IRQHandler)
    DMA1_CH4_IRQHandler                      0x080010f5   Thumb Code   132  isr.o(.text.DMA1_CH4_IRQHandler)
    DMA1_CH5_IRQHandler                      0x08001179   Thumb Code   120  isr.o(.text.DMA1_CH5_IRQHandler)
    DMA1_CH6_IRQHandler                      0x080011f1   Thumb Code   120  isr.o(.text.DMA1_CH6_IRQHandler)
    DMA1_CH7_IRQHandler                      0x08001269   Thumb Code   120  isr.o(.text.DMA1_CH7_IRQHandler)
    DMA1_CH8_IRQHandler                      0x080012e1   Thumb Code   120  isr.o(.text.DMA1_CH8_IRQHandler)
    DMA2_CH1_IRQHandler                      0x08001359   Thumb Code   132  isr.o(.text.DMA2_CH1_IRQHandler)
    DMA2_CH2_IRQHandler                      0x080013dd   Thumb Code   132  isr.o(.text.DMA2_CH2_IRQHandler)
    DMA2_CH3_IRQHandler                      0x08001461   Thumb Code   132  isr.o(.text.DMA2_CH3_IRQHandler)
    DMA2_CH4_IRQHandler                      0x080014e5   Thumb Code   132  isr.o(.text.DMA2_CH4_IRQHandler)
    DMA2_CH5_IRQHandler                      0x08001569   Thumb Code   132  isr.o(.text.DMA2_CH5_IRQHandler)
    DMA2_CH6_IRQHandler                      0x080015ed   Thumb Code   132  isr.o(.text.DMA2_CH6_IRQHandler)
    DMA2_CH7_IRQHandler                      0x08001671   Thumb Code   132  isr.o(.text.DMA2_CH7_IRQHandler)
    DMA2_CH8_IRQHandler                      0x080016f5   Thumb Code   132  isr.o(.text.DMA2_CH8_IRQHandler)
    DMA_ClearChannelInterruptStatus          0x08001779   Thumb Code    28  hal_dma.o(.text.DMA_ClearChannelInterruptStatus)
    DMA_GetChannelInterruptStatus            0x08001795   Thumb Code    24  hal_dma.o(.text.DMA_GetChannelInterruptStatus)
    EXTI0_IRQHandler                         0x080017ad   Thumb Code    18  isr.o(.text.EXTI0_IRQHandler)
    EXTI15_10_IRQHandler                     0x080017c1   Thumb Code   240  isr.o(.text.EXTI15_10_IRQHandler)
    EXTI1_IRQHandler                         0x080018b1   Thumb Code    22  isr.o(.text.EXTI1_IRQHandler)
    EXTI2_IRQHandler                         0x080018c9   Thumb Code    18  isr.o(.text.EXTI2_IRQHandler)
    EXTI3_IRQHandler                         0x080018dd   Thumb Code    18  isr.o(.text.EXTI3_IRQHandler)
    EXTI4_IRQHandler                         0x080018f1   Thumb Code    18  isr.o(.text.EXTI4_IRQHandler)
    EXTI9_5_IRQHandler                       0x08001905   Thumb Code   200  isr.o(.text.EXTI9_5_IRQHandler)
    EXTI_ClearLineStatus                     0x080019cd   Thumb Code    20  hal_exti.o(.text.EXTI_ClearLineStatus)
    EXTI_GetLineStatus                       0x080019e1   Thumb Code    12  hal_exti.o(.text.EXTI_GetLineStatus)
    GPIO_Init                                0x080019ed   Thumb Code   276  hal_gpio.o(.text.GPIO_Init)
    GPIO_PinAFConf                           0x08001b01   Thumb Code   192  hal_gpio.o(.text.GPIO_PinAFConf)
    LPTIM_Init                               0x08001bc1   Thumb Code    62  hal_lptim.o(.text.LPTIM_Init)
    RCC_EnableAHB1Periphs                    0x08001c01   Thumb Code    58  hal_rcc.o(.text.RCC_EnableAHB1Periphs)
    RCC_EnableAPB1Periphs                    0x08001c3d   Thumb Code    58  hal_rcc.o(.text.RCC_EnableAPB1Periphs)
    RCC_EnableAPB2Periphs                    0x08001c79   Thumb Code    58  hal_rcc.o(.text.RCC_EnableAPB2Periphs)
    RCC_ResetAPB2Periphs                     0x08001cb5   Thumb Code    32  hal_rcc.o(.text.RCC_ResetAPB2Periphs)
    SystemInit                               0x08001cd5   Thumb Code   124  system_mm32f5277e.o(.text.SystemInit)
    TIM1_UP_IRQHandler                       0x08001d51   Thumb Code    30  isr.o(.text.TIM1_UP_IRQHandler)
    TIM2_IRQHandler                          0x08001d71   Thumb Code    26  isr.o(.text.TIM2_IRQHandler)
    TIM3_IRQHandler                          0x08001d8d   Thumb Code    30  isr.o(.text.TIM3_IRQHandler)
    TIM4_IRQHandler                          0x08001dad   Thumb Code    30  isr.o(.text.TIM4_IRQHandler)
    TIM5_IRQHandler                          0x08001dcd   Thumb Code    30  isr.o(.text.TIM5_IRQHandler)
    TIM6_IRQHandler                          0x08001ded   Thumb Code    30  isr.o(.text.TIM6_IRQHandler)
    TIM7_IRQHandler                          0x08001e0d   Thumb Code    30  isr.o(.text.TIM7_IRQHandler)
    TIM8_UP_IRQHandler                       0x08001e2d   Thumb Code    30  isr.o(.text.TIM8_UP_IRQHandler)
    TIM_ClearInterruptStatus                 0x08001e4d   Thumb Code    20  hal_tim.o(.text.TIM_ClearInterruptStatus)
    TIM_DoSwTrigger                          0x08001e61   Thumb Code    16  hal_tim.o(.text.TIM_DoSwTrigger)
    TIM_EnableCompOutput                     0x08001e71   Thumb Code   164  hal_tim.o(.text.TIM_EnableCompOutput)
    TIM_EnableOutputCompare                  0x08001f15   Thumb Code   176  hal_tim.o(.text.TIM_EnableOutputCompare)
    TIM_EnableOutputCompareSwitch            0x08001fc5   Thumb Code    46  hal_tim.o(.text.TIM_EnableOutputCompareSwitch)
    TIM_GetCounterValue                      0x08001ff5   Thumb Code    12  hal_tim.o(.text.TIM_GetCounterValue)
    TIM_GetInterruptStatus                   0x08002001   Thumb Code    12  hal_tim.o(.text.TIM_GetInterruptStatus)
    TIM_Init                                 0x0800200d   Thumb Code   202  hal_tim.o(.text.TIM_Init)
    TIM_PutChannelValue                      0x080020d9   Thumb Code    42  hal_tim.o(.text.TIM_PutChannelValue)
    TIM_Start                                0x08002105   Thumb Code    18  hal_tim.o(.text.TIM_Start)
    UART1_IRQHandler                         0x08002119   Thumb Code    74  isr.o(.text.UART1_IRQHandler)
    UART2_IRQHandler                         0x08002165   Thumb Code    74  isr.o(.text.UART2_IRQHandler)
    UART3_IRQHandler                         0x080021b1   Thumb Code    74  isr.o(.text.UART3_IRQHandler)
    UART4_IRQHandler                         0x080021fd   Thumb Code    78  isr.o(.text.UART4_IRQHandler)
    UART5_IRQHandler                         0x0800224d   Thumb Code    86  isr.o(.text.UART5_IRQHandler)
    UART6_IRQHandler                         0x080022a5   Thumb Code    86  isr.o(.text.UART6_IRQHandler)
    UART7_IRQHandler                         0x080022fd   Thumb Code    74  isr.o(.text.UART7_IRQHandler)
    UART_ClearInterruptStatus                0x08002349   Thumb Code    16  hal_uart.o(.text.UART_ClearInterruptStatus)
    UART_Enable                              0x08002359   Thumb Code    46  hal_uart.o(.text.UART_Enable)
    UART_GetData                             0x08002389   Thumb Code    14  hal_uart.o(.text.UART_GetData)
    UART_GetInterruptStatus                  0x08002399   Thumb Code    12  hal_uart.o(.text.UART_GetInterruptStatus)
    UART_GetStatus                           0x080023a5   Thumb Code    12  hal_uart.o(.text.UART_GetStatus)
    UART_Init                                0x080023b1   Thumb Code   224  hal_uart.o(.text.UART_Init)
    UART_PutData                             0x08002491   Thumb Code    20  hal_uart.o(.text.UART_PutData)
    afio_init                                0x08002561   Thumb Code   326  zf_driver_gpio.o(.text.afio_init)
    clock_init                               0x080026a9   Thumb Code    28  zf_common_clock.o(.text.clock_init)
    debug_assert_handler                     0x08002ca1   Thumb Code   108  zf_common_debug.o(.text.debug_assert_handler)
    debug_init                               0x08002d4d   Thumb Code    50  zf_common_debug.o(.text.debug_init)
    debug_output_init                        0x08003131   Thumb Code    76  zf_common_debug.o(.text.debug_output_init)
    debug_output_struct_init                 0x0800317d   Thumb Code    48  zf_common_debug.o(.text.debug_output_struct_init)
    dl1a_get_distance                        0x080032bd   Thumb Code   158  zf_device_dl1a.o(.text.dl1a_get_distance)
    dl1a_int_handler                         0x0800335d   Thumb Code     8  zf_device_dl1a.o(.text.dl1a_int_handler)
    dm1xa_light_callback                     0x08003365   Thumb Code    58  zf_device_dm1xa.o(.text.dm1xa_light_callback)
    dm1xa_sound_callback                     0x080033a1   Thumb Code   280  zf_device_dm1xa.o(.text.dm1xa_sound_callback)
    fifo_clear                               0x080034b9   Thumb Code   168  zf_common_fifo.o(.text.fifo_clear)
    fifo_read_buffer                         0x080035c1   Thumb Code   496  zf_common_fifo.o(.text.fifo_read_buffer)
    fifo_used                                0x080037b1   Thumb Code    40  zf_common_fifo.o(.text.fifo_used)
    fifo_write_buffer                        0x080037d9   Thumb Code   506  zf_common_fifo.o(.text.fifo_write_buffer)
    func_get_greatest_common_divisor         0x080039d5   Thumb Code    66  zf_common_function.o(.text.func_get_greatest_common_divisor)
    gpio_get_level                           0x08003a19   Thumb Code    46  zf_driver_gpio.o(.text.gpio_get_level)
    gpio_init                                0x08003a49   Thumb Code   392  zf_driver_gpio.o(.text.gpio_init)
    gpio_set_level                           0x08003bd1   Thumb Code    94  zf_driver_gpio.o(.text.gpio_set_level)
    gps_uart_callback                        0x08003c31   Thumb Code   314  zf_device_gps_tau1201.o(.text.gps_uart_callback)
    interrupt_global_disable                 0x08003d6d   Thumb Code    36  zf_common_interrupt.o(.text.interrupt_global_disable)
    interrupt_init                           0x08003d91   Thumb Code    10  zf_common_interrupt.o(.text.interrupt_init)
    main                                     0x08003d9d   Thumb Code    58  main.o(.text.main)
    pwm_init                                 0x08003dd9   Thumb Code   672  zf_driver_pwm.o(.text.pwm_init)
    pwm_set_duty                             0x08004079   Thumb Code   348  zf_driver_pwm.o(.text.pwm_set_duty)
    soft_iic_read_8bit_registers             0x080041d5   Thumb Code   152  zf_driver_soft_iic.o(.text.soft_iic_read_8bit_registers)
    soft_iic_write_8bit_register             0x080048c5   Thumb Code    86  zf_driver_soft_iic.o(.text.soft_iic_write_8bit_register)
    system_delay_init                        0x0800491d   Thumb Code    60  zf_driver_delay.o(.text.system_delay_init)
    timer_clear                              0x08004959   Thumb Code   164  zf_driver_timer.o(.text.timer_clear)
    timer_clock_enable                       0x080049fd   Thumb Code   120  zf_driver_timer.o(.text.timer_clock_enable)
    timer_funciton_check                     0x08004a75   Thumb Code   104  zf_driver_timer.o(.text.timer_funciton_check)
    timer_get                                0x08004add   Thumb Code   222  zf_driver_timer.o(.text.timer_get)
    uart_init                                0x08004bc1   Thumb Code   246  zf_driver_uart.o(.text.uart_init)
    uart_query_byte                          0x08004cb9   Thumb Code   108  zf_driver_uart.o(.text.uart_query_byte)
    uart_write_byte                          0x08004d25   Thumb Code    70  zf_driver_uart.o(.text.uart_write_byte)
    uart_write_string                        0x08004d6d   Thumb Code    64  zf_driver_uart.o(.text.uart_write_string)
    __0sprintf                               0x08004dad   Thumb Code    34  printfa.o(i.__0sprintf)
    __1sprintf                               0x08004dad   Thumb Code     0  printfa.o(i.__0sprintf)
    __2sprintf                               0x08004dad   Thumb Code     0  printfa.o(i.__0sprintf)
    __c89sprintf                             0x08004dad   Thumb Code     0  printfa.o(i.__0sprintf)
    sprintf                                  0x08004dad   Thumb Code     0  printfa.o(i.__0sprintf)
    __scatterload_copy                       0x08004dd5   Thumb Code    14  handlers.o(i.__scatterload_copy)
    __scatterload_null                       0x08004de3   Thumb Code     2  handlers.o(i.__scatterload_null)
    __scatterload_zeroinit                   0x08004de5   Thumb Code    14  handlers.o(i.__scatterload_zeroinit)
    Region$$Table$$Base                      0x08005928   Number         0  anon$$obj.o(Region$$Table)
    Region$$Table$$Limit                     0x08005948   Number         0  anon$$obj.o(Region$$Table)
    bus_clock                                0x30000000   Data           4  zf_common_clock.o(.data.bus_clock)
    camera_dma_handler                       0x30000004   Data           4  zf_device_type.o(.data.camera_dma_handler)
    camera_uart_handler                      0x30000008   Data           4  zf_device_type.o(.data.camera_uart_handler)
    camera_vsync_handler                     0x3000000c   Data           4  zf_device_type.o(.data.camera_vsync_handler)
    dl1a_distance_mm                         0x30000010   Data           2  zf_device_dl1a.o(.data.dl1a_distance_mm)
    gpio_group                               0x30000014   Data          36  zf_driver_gpio.o(.data.gpio_group)
    system_clock                             0x30000038   Data           4  zf_common_clock.o(.data.system_clock)
    wireless_module_uart_handler             0x30000058   Data           4  zf_device_type.o(.data.wireless_module_uart_handler)
    dl1a_finsh_flag                          0x30000078   Data           1  zf_device_dl1a.o(.bss.dl1a_finsh_flag)
    gps_gga_state                            0x30000112   Data           1  zf_device_gps_tau1201.o(.bss.gps_gga_state)
    gps_rmc_state                            0x30000193   Data           1  zf_device_gps_tau1201.o(.bss.gps_rmc_state)
    gps_tau1201_flag                         0x30000194   Data           1  zf_device_gps_tau1201.o(.bss.gps_tau1201_flag)
    timer_function_state                     0x300001b8   Data           8  zf_driver_timer.o(.bss.timer_function_state)
    Image$$ARM_LIB_STACK$$ZI$$Base           0x3001b000   Number         0  anon$$obj.o ABSOLUTE
    Image$$ARM_LIB_STACK$$ZI$$Limit          0x3001c000   Number         0  anon$$obj.o ABSOLUTE



==============================================================================

Memory Map of the image

  Image Entry point : 0x0800093d

  Load Region LR_ROM (Base: 0x08000000, Size: 0x000059a8, Max: 0x00040000, ABSOLUTE)

    Execution Region ER_ROM (Exec base: 0x08000000, Load base: 0x08000000, Size: 0x00005948, Max: 0x00040000, ABSOLUTE)

    Exec Addr    Load Addr    Size         Type   Attr      Idx    E Section Name        Object

    0x08000000   0x08000000   0x0000093c   Data   RO         1609    RESET               startup_mm32f5277e.o
    0x0800093c   0x0800093c   0x00000000   Code   RO         2738  * .ARM.Collect$$$$00000000  mc_w.l(entry.o)
    0x0800093c   0x0800093c   0x00000004   Code   RO         2930    .ARM.Collect$$$$00000003  mc_w.l(entry4.o)
    0x08000940   0x08000940   0x00000004   Code   RO         2933    .ARM.Collect$$$$00000004  mc_w.l(entry5.o)
    0x08000944   0x08000944   0x00000000   Code   RO         2935    .ARM.Collect$$$$00000008  mc_w.l(entry7b.o)
    0x08000944   0x08000944   0x00000000   Code   RO         2937    .ARM.Collect$$$$0000000A  mc_w.l(entry8b.o)
    0x08000944   0x08000944   0x00000008   Code   RO         2938    .ARM.Collect$$$$0000000B  mc_w.l(entry9a.o)
    0x0800094c   0x0800094c   0x00000000   Code   RO         2940    .ARM.Collect$$$$0000000D  mc_w.l(entry10a.o)
    0x0800094c   0x0800094c   0x00000000   Code   RO         2942    .ARM.Collect$$$$0000000F  mc_w.l(entry11a.o)
    0x0800094c   0x0800094c   0x00000004   Code   RO         2931    .ARM.Collect$$$$00002714  mc_w.l(entry4.o)
    0x08000950   0x08000950   0x00000024   Code   RO         1608    .text               startup_mm32f5277e.o
    0x08000974   0x08000974   0x00000024   Code   RO         2741    .text               mc_w.l(memcpya.o)
    0x08000998   0x08000998   0x00000024   Code   RO         2743    .text               mc_w.l(memseta.o)
    0x080009bc   0x080009bc   0x0000000e   Code   RO         2751    .text               mc_w.l(strlen.o)
    0x080009ca   0x080009ca   0x0000001e   Code   RO         2753    .text               mc_w.l(strncmp.o)
    0x080009e8   0x080009e8   0x0000014e   Code   RO         2787    .text               mf_w.l(dadd.o)
    0x08000b36   0x08000b36   0x000000e4   Code   RO         2789    .text               mf_w.l(dmul.o)
    0x08000c1a   0x08000c1a   0x000000de   Code   RO         2791    .text               mf_w.l(ddiv.o)
    0x08000cf8   0x08000cf8   0x0000003e   Code   RO         2805    .text               mf_w.l(dfixi.o)
    0x08000d36   0x08000d36   0x00000026   Code   RO         2809    .text               mf_w.l(f2d.o)
    0x08000d5c   0x08000d5c   0x0000002c   Code   RO         2954    .text               mc_w.l(uidiv.o)
    0x08000d88   0x08000d88   0x00000062   Code   RO         2956    .text               mc_w.l(uldiv.o)
    0x08000dea   0x08000dea   0x0000001e   Code   RO         2958    .text               mc_w.l(llshl.o)
    0x08000e08   0x08000e08   0x00000020   Code   RO         2960    .text               mc_w.l(llushr.o)
    0x08000e28   0x08000e28   0x00000024   Code   RO         2962    .text               mc_w.l(llsshr.o)
    0x08000e4c   0x08000e4c   0x00000000   Code   RO         2973    .text               mc_w.l(iusefp.o)
    0x08000e4c   0x08000e4c   0x000000ba   Code   RO         2976    .text               mf_w.l(depilogue.o)
    0x08000f06   0x08000f06   0x00000030   Code   RO         2984    .text               mf_w.l(dfixul.o)
    0x08000f36   0x08000f36   0x00000002   PAD
    0x08000f38   0x08000f38   0x00000030   Code   RO         2988    .text               mf_w.l(cdrcmple.o)
    0x08000f68   0x08000f68   0x00000024   Code   RO         2991    .text               mc_w.l(init.o)
    0x08000f8c   0x08000f8c   0x00000078   Code   RO           48    .text.DMA1_CH1_IRQHandler  isr.o
    0x08001004   0x08001004   0x00000078   Code   RO           50    .text.DMA1_CH2_IRQHandler  isr.o
    0x0800107c   0x0800107c   0x00000078   Code   RO           52    .text.DMA1_CH3_IRQHandler  isr.o
    0x080010f4   0x080010f4   0x00000084   Code   RO           54    .text.DMA1_CH4_IRQHandler  isr.o
    0x08001178   0x08001178   0x00000078   Code   RO           56    .text.DMA1_CH5_IRQHandler  isr.o
    0x080011f0   0x080011f0   0x00000078   Code   RO           58    .text.DMA1_CH6_IRQHandler  isr.o
    0x08001268   0x08001268   0x00000078   Code   RO           60    .text.DMA1_CH7_IRQHandler  isr.o
    0x080012e0   0x080012e0   0x00000078   Code   RO           62    .text.DMA1_CH8_IRQHandler  isr.o
    0x08001358   0x08001358   0x00000084   Code   RO           64    .text.DMA2_CH1_IRQHandler  isr.o
    0x080013dc   0x080013dc   0x00000084   Code   RO           66    .text.DMA2_CH2_IRQHandler  isr.o
    0x08001460   0x08001460   0x00000084   Code   RO           68    .text.DMA2_CH3_IRQHandler  isr.o
    0x080014e4   0x080014e4   0x00000084   Code   RO           70    .text.DMA2_CH4_IRQHandler  isr.o
    0x08001568   0x08001568   0x00000084   Code   RO           72    .text.DMA2_CH5_IRQHandler  isr.o
    0x080015ec   0x080015ec   0x00000084   Code   RO           74    .text.DMA2_CH6_IRQHandler  isr.o
    0x08001670   0x08001670   0x00000084   Code   RO           76    .text.DMA2_CH7_IRQHandler  isr.o
    0x080016f4   0x080016f4   0x00000084   Code   RO           78    .text.DMA2_CH8_IRQHandler  isr.o
    0x08001778   0x08001778   0x0000001c   Code   RO         1809    .text.DMA_ClearChannelInterruptStatus  hal_dma.o
    0x08001794   0x08001794   0x00000018   Code   RO         1807    .text.DMA_GetChannelInterruptStatus  hal_dma.o
    0x080017ac   0x080017ac   0x00000012   Code   RO           34    .text.EXTI0_IRQHandler  isr.o
    0x080017be   0x080017be   0x00000002   PAD
    0x080017c0   0x080017c0   0x000000f0   Code   RO           46    .text.EXTI15_10_IRQHandler  isr.o
    0x080018b0   0x080018b0   0x00000016   Code   RO           36    .text.EXTI1_IRQHandler  isr.o
    0x080018c6   0x080018c6   0x00000002   PAD
    0x080018c8   0x080018c8   0x00000012   Code   RO           38    .text.EXTI2_IRQHandler  isr.o
    0x080018da   0x080018da   0x00000002   PAD
    0x080018dc   0x080018dc   0x00000012   Code   RO           40    .text.EXTI3_IRQHandler  isr.o
    0x080018ee   0x080018ee   0x00000002   PAD
    0x080018f0   0x080018f0   0x00000012   Code   RO           42    .text.EXTI4_IRQHandler  isr.o
    0x08001902   0x08001902   0x00000002   PAD
    0x08001904   0x08001904   0x000000c8   Code   RO           44    .text.EXTI9_5_IRQHandler  isr.o
    0x080019cc   0x080019cc   0x00000014   Code   RO         1877    .text.EXTI_ClearLineStatus  hal_exti.o
    0x080019e0   0x080019e0   0x0000000c   Code   RO         1875    .text.EXTI_GetLineStatus  hal_exti.o
    0x080019ec   0x080019ec   0x00000114   Code   RO         1973    .text.GPIO_Init     hal_gpio.o
    0x08001b00   0x08001b00   0x000000c0   Code   RO         1995    .text.GPIO_PinAFConf  hal_gpio.o
    0x08001bc0   0x08001bc0   0x0000003e   Code   RO         2107    .text.LPTIM_Init    hal_lptim.o
    0x08001bfe   0x08001bfe   0x00000002   PAD
    0x08001c00   0x08001c00   0x0000003a   Code   RO         2272    .text.RCC_EnableAHB1Periphs  hal_rcc.o
    0x08001c3a   0x08001c3a   0x00000002   PAD
    0x08001c3c   0x08001c3c   0x0000003a   Code   RO         2274    .text.RCC_EnableAPB1Periphs  hal_rcc.o
    0x08001c76   0x08001c76   0x00000002   PAD
    0x08001c78   0x08001c78   0x0000003a   Code   RO         2276    .text.RCC_EnableAPB2Periphs  hal_rcc.o
    0x08001cb2   0x08001cb2   0x00000002   PAD
    0x08001cb4   0x08001cb4   0x00000020   Code   RO         2282    .text.RCC_ResetAPB2Periphs  hal_rcc.o
    0x08001cd4   0x08001cd4   0x0000007c   Code   RO         1616    .text.SystemInit    system_mm32f5277e.o
    0x08001d50   0x08001d50   0x0000001e   Code   RO            4    .text.TIM1_UP_IRQHandler  isr.o
    0x08001d6e   0x08001d6e   0x00000002   PAD
    0x08001d70   0x08001d70   0x0000001a   Code   RO            6    .text.TIM2_IRQHandler  isr.o
    0x08001d8a   0x08001d8a   0x00000002   PAD
    0x08001d8c   0x08001d8c   0x0000001e   Code   RO            8    .text.TIM3_IRQHandler  isr.o
    0x08001daa   0x08001daa   0x00000002   PAD
    0x08001dac   0x08001dac   0x0000001e   Code   RO           10    .text.TIM4_IRQHandler  isr.o
    0x08001dca   0x08001dca   0x00000002   PAD
    0x08001dcc   0x08001dcc   0x0000001e   Code   RO           12    .text.TIM5_IRQHandler  isr.o
    0x08001dea   0x08001dea   0x00000002   PAD
    0x08001dec   0x08001dec   0x0000001e   Code   RO           14    .text.TIM6_IRQHandler  isr.o
    0x08001e0a   0x08001e0a   0x00000002   PAD
    0x08001e0c   0x08001e0c   0x0000001e   Code   RO           16    .text.TIM7_IRQHandler  isr.o
    0x08001e2a   0x08001e2a   0x00000002   PAD
    0x08001e2c   0x08001e2c   0x0000001e   Code   RO           18    .text.TIM8_UP_IRQHandler  isr.o
    0x08001e4a   0x08001e4a   0x00000002   PAD
    0x08001e4c   0x08001e4c   0x00000014   Code   RO         2457    .text.TIM_ClearInterruptStatus  hal_tim.o
    0x08001e60   0x08001e60   0x00000010   Code   RO         2453    .text.TIM_DoSwTrigger  hal_tim.o
    0x08001e70   0x08001e70   0x000000a4   Code   RO         2465    .text.TIM_EnableCompOutput  hal_tim.o
    0x08001f14   0x08001f14   0x000000b0   Code   RO         2459    .text.TIM_EnableOutputCompare  hal_tim.o
    0x08001fc4   0x08001fc4   0x0000002e   Code   RO         2467    .text.TIM_EnableOutputCompareSwitch  hal_tim.o
    0x08001ff2   0x08001ff2   0x00000002   PAD
    0x08001ff4   0x08001ff4   0x0000000c   Code   RO         2445    .text.TIM_GetCounterValue  hal_tim.o
    0x08002000   0x08002000   0x0000000c   Code   RO         2455    .text.TIM_GetInterruptStatus  hal_tim.o
    0x0800200c   0x0800200c   0x000000ca   Code   RO         2439    .text.TIM_Init      hal_tim.o
    0x080020d6   0x080020d6   0x00000002   PAD
    0x080020d8   0x080020d8   0x0000002a   Code   RO         2463    .text.TIM_PutChannelValue  hal_tim.o
    0x08002102   0x08002102   0x00000002   PAD
    0x08002104   0x08002104   0x00000012   Code   RO         2441    .text.TIM_Start     hal_tim.o
    0x08002116   0x08002116   0x00000002   PAD
    0x08002118   0x08002118   0x0000004a   Code   RO           20    .text.UART1_IRQHandler  isr.o
    0x08002162   0x08002162   0x00000002   PAD
    0x08002164   0x08002164   0x0000004a   Code   RO           22    .text.UART2_IRQHandler  isr.o
    0x080021ae   0x080021ae   0x00000002   PAD
    0x080021b0   0x080021b0   0x0000004a   Code   RO           24    .text.UART3_IRQHandler  isr.o
    0x080021fa   0x080021fa   0x00000002   PAD
    0x080021fc   0x080021fc   0x0000004e   Code   RO           26    .text.UART4_IRQHandler  isr.o
    0x0800224a   0x0800224a   0x00000002   PAD
    0x0800224c   0x0800224c   0x00000056   Code   RO           28    .text.UART5_IRQHandler  isr.o
    0x080022a2   0x080022a2   0x00000002   PAD
    0x080022a4   0x080022a4   0x00000056   Code   RO           30    .text.UART6_IRQHandler  isr.o
    0x080022fa   0x080022fa   0x00000002   PAD
    0x080022fc   0x080022fc   0x0000004a   Code   RO           32    .text.UART7_IRQHandler  isr.o
    0x08002346   0x08002346   0x00000002   PAD
    0x08002348   0x08002348   0x00000010   Code   RO         2524    .text.UART_ClearInterruptStatus  hal_uart.o
    0x08002358   0x08002358   0x0000002e   Code   RO         2508    .text.UART_Enable   hal_uart.o
    0x08002386   0x08002386   0x00000002   PAD
    0x08002388   0x08002388   0x0000000e   Code   RO         2518    .text.UART_GetData  hal_uart.o
    0x08002396   0x08002396   0x00000002   PAD
    0x08002398   0x08002398   0x0000000c   Code   RO         2522    .text.UART_GetInterruptStatus  hal_uart.o
    0x080023a4   0x080023a4   0x0000000c   Code   RO         2520    .text.UART_GetStatus  hal_uart.o
    0x080023b0   0x080023b0   0x000000e0   Code   RO         2506    .text.UART_Init     hal_uart.o
    0x08002490   0x08002490   0x00000014   Code   RO         2516    .text.UART_PutData  hal_uart.o
    0x080024a4   0x080024a4   0x0000007e   Code   RO         2461    .text._TIM_WriteChannelCtrlReg  hal_tim.o
    0x08002522   0x08002522   0x00000002   PAD
    0x08002524   0x08002524   0x0000003c   Code   RO          248    .text.__NVIC_SetPriorityGrouping  zf_common_interrupt.o
    0x08002560   0x08002560   0x00000146   Code   RO          406    .text.afio_init     zf_driver_gpio.o
    0x080026a6   0x080026a6   0x00000002   PAD
    0x080026a8   0x080026a8   0x0000001c   Code   RO           97    .text.clock_init    zf_common_clock.o
    0x080026c4   0x080026c4   0x00000074   Code   RO           99    .text.clock_reset   zf_common_clock.o
    0x08002738   0x08002738   0x00000568   Code   RO          101    .text.clock_set_freq  zf_common_clock.o
    0x08002ca0   0x08002ca0   0x0000006c   Code   RO          120    .text.debug_assert_handler  zf_common_debug.o
    0x08002d0c   0x08002d0c   0x00000040   Code   RO          126    .text.debug_delay   zf_common_debug.o
    0x08002d4c   0x08002d4c   0x00000032   Code   RO          134    .text.debug_init    zf_common_debug.o
    0x08002d7e   0x08002d7e   0x00000002   PAD
    0x08002d80   0x08002d80   0x000003b0   Code   RO          124    .text.debug_output  zf_common_debug.o
    0x08003130   0x08003130   0x0000004c   Code   RO          132    .text.debug_output_init  zf_common_debug.o
    0x0800317c   0x0800317c   0x00000030   Code   RO          130    .text.debug_output_struct_init  zf_common_debug.o
    0x080031ac   0x080031ac   0x000000fa   Code   RO          122    .text.debug_protective_handler  zf_common_debug.o
    0x080032a6   0x080032a6   0x00000002   PAD
    0x080032a8   0x080032a8   0x00000012   Code   RO          136    .text.debug_uart_str_output  zf_common_debug.o
    0x080032ba   0x080032ba   0x00000002   PAD
    0x080032bc   0x080032bc   0x0000009e   Code   RO          792    .text.dl1a_get_distance  zf_device_dl1a.o
    0x0800335a   0x0800335a   0x00000002   PAD
    0x0800335c   0x0800335c   0x00000008   Code   RO          794    .text.dl1a_int_handler  zf_device_dl1a.o
    0x08003364   0x08003364   0x0000003a   Code   RO          835    .text.dm1xa_light_callback  zf_device_dm1xa.o
    0x0800339e   0x0800339e   0x00000002   PAD
    0x080033a0   0x080033a0   0x00000118   Code   RO          833    .text.dm1xa_sound_callback  zf_device_dm1xa.o
    0x080034b8   0x080034b8   0x000000a8   Code   RO          151    .text.fifo_clear    zf_common_fifo.o
    0x08003560   0x08003560   0x0000002e   Code   RO          163    .text.fifo_end_offset  zf_common_fifo.o
    0x0800358e   0x0800358e   0x00000002   PAD
    0x08003590   0x08003590   0x0000002e   Code   RO          157    .text.fifo_head_offset  zf_common_fifo.o
    0x080035be   0x080035be   0x00000002   PAD
    0x080035c0   0x080035c0   0x000001f0   Code   RO          165    .text.fifo_read_buffer  zf_common_fifo.o
    0x080037b0   0x080037b0   0x00000028   Code   RO          153    .text.fifo_used     zf_common_fifo.o
    0x080037d8   0x080037d8   0x000001fa   Code   RO          159    .text.fifo_write_buffer  zf_common_fifo.o
    0x080039d2   0x080039d2   0x00000002   PAD
    0x080039d4   0x080039d4   0x00000042   Code   RO          191    .text.func_get_greatest_common_divisor  zf_common_function.o
    0x08003a16   0x08003a16   0x00000002   PAD
    0x08003a18   0x08003a18   0x0000002e   Code   RO          398    .text.gpio_get_level  zf_driver_gpio.o
    0x08003a46   0x08003a46   0x00000002   PAD
    0x08003a48   0x08003a48   0x00000188   Code   RO          404    .text.gpio_init     zf_driver_gpio.o
    0x08003bd0   0x08003bd0   0x0000005e   Code   RO          396    .text.gpio_set_level  zf_driver_gpio.o
    0x08003c2e   0x08003c2e   0x00000002   PAD
    0x08003c30   0x08003c30   0x0000013a   Code   RO          864    .text.gps_uart_callback  zf_device_gps_tau1201.o
    0x08003d6a   0x08003d6a   0x00000002   PAD
    0x08003d6c   0x08003d6c   0x00000024   Code   RO          232    .text.interrupt_global_disable  zf_common_interrupt.o
    0x08003d90   0x08003d90   0x0000000a   Code   RO          246    .text.interrupt_init  zf_common_interrupt.o
    0x08003d9a   0x08003d9a   0x00000002   PAD
    0x08003d9c   0x08003d9c   0x0000003a   Code   RO           88    .text.main          main.o
    0x08003dd6   0x08003dd6   0x00000002   PAD
    0x08003dd8   0x08003dd8   0x000002a0   Code   RO          501    .text.pwm_init      zf_driver_pwm.o
    0x08004078   0x08004078   0x0000015c   Code   RO          499    .text.pwm_set_duty  zf_driver_pwm.o
    0x080041d4   0x080041d4   0x00000098   Code   RO          545    .text.soft_iic_read_8bit_registers  zf_driver_soft_iic.o
    0x0800426c   0x0800426c   0x00000164   Code   RO          535    .text.soft_iic_read_data  zf_driver_soft_iic.o
    0x080043d0   0x080043d0   0x0000011a   Code   RO          563    .text.soft_iic_send_ack  zf_driver_soft_iic.o
    0x080044ea   0x080044ea   0x00000002   PAD
    0x080044ec   0x080044ec   0x00000128   Code   RO          515    .text.soft_iic_send_data  zf_driver_soft_iic.o
    0x08004614   0x08004614   0x000000da   Code   RO          513    .text.soft_iic_start  zf_driver_soft_iic.o
    0x080046ee   0x080046ee   0x00000002   PAD
    0x080046f0   0x080046f0   0x000000da   Code   RO          517    .text.soft_iic_stop  zf_driver_soft_iic.o
    0x080047ca   0x080047ca   0x00000002   PAD
    0x080047cc   0x080047cc   0x000000f8   Code   RO          561    .text.soft_iic_wait_ack  zf_driver_soft_iic.o
    0x080048c4   0x080048c4   0x00000056   Code   RO          525    .text.soft_iic_write_8bit_register  zf_driver_soft_iic.o
    0x0800491a   0x0800491a   0x00000002   PAD
    0x0800491c   0x0800491c   0x0000003c   Code   RO          306    .text.system_delay_init  zf_driver_delay.o
    0x08004958   0x08004958   0x000000a4   Code   RO          680    .text.timer_clear   zf_driver_timer.o
    0x080049fc   0x080049fc   0x00000078   Code   RO          672    .text.timer_clock_enable  zf_driver_timer.o
    0x08004a74   0x08004a74   0x00000068   Code   RO          670    .text.timer_funciton_check  zf_driver_timer.o
    0x08004adc   0x08004adc   0x000000de   Code   RO          678    .text.timer_get     zf_driver_timer.o
    0x08004bba   0x08004bba   0x00000002   PAD
    0x08004bbc   0x08004bbc   0x00000002   Code   RO         1479    .text.type_default_callback  zf_device_type.o
    0x08004bbe   0x08004bbe   0x00000002   PAD
    0x08004bc0   0x08004bc0   0x000000f6   Code   RO          710    .text.uart_init     zf_driver_uart.o
    0x08004cb6   0x08004cb6   0x00000002   PAD
    0x08004cb8   0x08004cb8   0x0000006c   Code   RO          704    .text.uart_query_byte  zf_driver_uart.o
    0x08004d24   0x08004d24   0x00000046   Code   RO          696    .text.uart_write_byte  zf_driver_uart.o
    0x08004d6a   0x08004d6a   0x00000002   PAD
    0x08004d6c   0x08004d6c   0x00000040   Code   RO          700    .text.uart_write_string  zf_driver_uart.o
    0x08004dac   0x08004dac   0x00000028   Code   RO         2762    i.__0sprintf        mc_w.l(printfa.o)
    0x08004dd4   0x08004dd4   0x0000000e   Code   RO         2995    i.__scatterload_copy  mc_w.l(handlers.o)
    0x08004de2   0x08004de2   0x00000002   Code   RO         2996    i.__scatterload_null  mc_w.l(handlers.o)
    0x08004de4   0x08004de4   0x0000000e   Code   RO         2997    i.__scatterload_zeroinit  mc_w.l(handlers.o)
    0x08004df2   0x08004df2   0x00000002   PAD
    0x08004df4   0x08004df4   0x00000184   Code   RO         2767    i._fp_digits        mc_w.l(printfa.o)
    0x08004f78   0x08004f78   0x000006dc   Code   RO         2768    i._printf_core      mc_w.l(printfa.o)
    0x08005654   0x08005654   0x00000024   Code   RO         2769    i._printf_post_padding  mc_w.l(printfa.o)
    0x08005678   0x08005678   0x0000002e   Code   RO         2770    i._printf_pre_padding  mc_w.l(printfa.o)
    0x080056a6   0x080056a6   0x0000000a   Code   RO         2772    i._sputc            mc_w.l(printfa.o)
    0x080056b0   0x080056b0   0x0000013c   Data   RO          143    .rodata..L__const.debug_protective_handler.pin_list  zf_common_debug.o
    0x080057ec   0x080057ec   0x0000005a   Data   RO          141    .rodata.str1.1      zf_common_debug.o
    0x08005846   0x08005846   0x0000002b   Data   RO          171    .rodata.str1.1      zf_common_fifo.o
    0x08005871   0x08005871   0x0000002b   Data   RO          409    .rodata.str1.1      zf_driver_gpio.o
    0x0800589c   0x0800589c   0x0000002a   Data   RO          503    .rodata.str1.1      zf_driver_pwm.o
    0x080058c6   0x080058c6   0x0000002f   Data   RO          565    .rodata.str1.1      zf_driver_soft_iic.o
    0x080058f5   0x080058f5   0x0000002b   Data   RO          713    .rodata.str1.1      zf_driver_uart.o
    0x08005920   0x08005920   0x00000008   Data   RO          887    .rodata.str1.1      zf_device_gps_tau1201.o
    0x08005928   0x08005928   0x00000020   Data   RO         2994    Region$$Table       anon$$obj.o


    Execution Region RW_RAM (Exec base: 0x30000000, Load base: 0x08005948, Size: 0x000001cc, Max: 0x0001a000, ABSOLUTE)

    Exec Addr    Load Addr    Size         Type   Attr      Idx    E Section Name        Object

    0x30000000   0x08005948   0x00000004   Data   RW          104    .data.bus_clock     zf_common_clock.o
    0x30000004   0x0800594c   0x00000004   Data   RW         1488    .data.camera_dma_handler  zf_device_type.o
    0x30000008   0x08005950   0x00000004   Data   RW         1486    .data.camera_uart_handler  zf_device_type.o
    0x3000000c   0x08005954   0x00000004   Data   RW         1487    .data.camera_vsync_handler  zf_device_type.o
    0x30000010   0x08005958   0x00000002   Data   RW          823    .data.dl1a_distance_mm  zf_device_dl1a.o
    0x30000012   0x0800595a   0x00000002   Data   RW          846    .data.dm1xa_distance_mm  zf_device_dm1xa.o
    0x30000014   0x0800595c   0x00000024   Data   RW          408    .data.gpio_group    zf_driver_gpio.o
    0x30000038   0x08005980   0x00000004   Data   RW          103    .data.system_clock  zf_common_clock.o
    0x3000003c   0x08005984   0x0000001c   Data   RW          712    .data.uart_index    zf_driver_uart.o
    0x30000058   0x080059a0   0x00000004   Data   RW         1490    .data.wireless_module_uart_handler  zf_device_type.o
    0x3000005c   0x080059a4   0x00000001   Data   RW          139    .data.zf_debug_assert_enable  zf_common_debug.o
    0x3000005d   0x080059a5   0x00000003   PAD
    0x30000060        -       0x00000001   Zero   RW          140    .bss.debug_assert_handler.assert_nest_index  zf_common_debug.o
    0x30000061   0x080059a5   0x00000003   PAD
    0x30000064        -       0x00000014   Zero   RW          142    .bss.debug_output_info  zf_common_debug.o
    0x30000078        -       0x00000001   Zero   RW          822    .bss.dl1a_finsh_flag  zf_device_dl1a.o
    0x30000079   0x080059a5   0x00000003   PAD
    0x3000007c        -       0x00000010   Zero   RW          824    .bss.dl1a_iic_struct  zf_device_dl1a.o
    0x3000008c        -       0x00000004   Zero   RW          844    .bss.dm1xa_plus_count  zf_device_dm1xa.o
    0x30000090        -       0x00000001   Zero   RW          845    .bss.dm1xa_ranging_state  zf_device_dm1xa.o
    0x30000091        -       0x00000001   Zero   RW          843    .bss.dm1xa_type     zf_device_dm1xa.o
    0x30000092        -       0x00000080   Zero   RW          884    .bss.gps_gga_buffer  zf_device_gps_tau1201.o
    0x30000112        -       0x00000001   Zero   RW          879    .bss.gps_gga_state  zf_device_gps_tau1201.o
    0x30000113        -       0x00000080   Zero   RW          882    .bss.gps_rmc_buffer  zf_device_gps_tau1201.o
    0x30000193        -       0x00000001   Zero   RW          880    .bss.gps_rmc_state  zf_device_gps_tau1201.o
    0x30000194        -       0x00000001   Zero   RW          878    .bss.gps_tau1201_flag  zf_device_gps_tau1201.o
    0x30000195   0x080059a5   0x00000003   PAD
    0x30000198        -       0x00000018   Zero   RW          886    .bss.gps_tau1201_receiver_fifo  zf_device_gps_tau1201.o
    0x300001b0        -       0x00000001   Zero   RW          885    .bss.gps_tau1201_state  zf_device_gps_tau1201.o
    0x300001b1   0x080059a5   0x00000003   PAD
    0x300001b4        -       0x00000004   Zero   RW          250    .bss.interrupt_nest_count  zf_common_interrupt.o
    0x300001b8        -       0x00000008   Zero   RW          686    .bss.timer_function_state  zf_driver_timer.o
    0x300001c0        -       0x00000008   Zero   RW          687    .bss.timer_mode_state  zf_driver_timer.o
    0x300001c8        -       0x00000001   Zero   RW          138    .bss.zf_debug_init_flag  zf_common_debug.o


    Execution Region ARM_LIB_HEAP (Exec base: 0x300001d0, Load base: 0x080059a8, Size: 0x00001000, Max: 0x00001000, ABSOLUTE)

    Exec Addr    Load Addr    Size         Type   Attr      Idx    E Section Name        Object

    0x300001d0        -       0x00001000   Zero   RW            1    ARM_LIB_HEAP.bss    anon$$obj.o


    Execution Region ARM_LIB_STACK (Exec base: 0x3001b000, Load base: 0x080059a8, Size: 0x00001000, Max: 0x00001000, ABSOLUTE)

    Exec Addr    Load Addr    Size         Type   Attr      Idx    E Section Name        Object

    0x3001b000        -       0x00001000   Zero   RW            2    ARM_LIB_STACK.bss   anon$$obj.o


==============================================================================

Image component sizes


      Code (inc. data)   RO Data    RW Data    ZI Data      Debug   Object Name

        52          0          0          0          0       3139   hal_dma.o
        32          0          0          0          0       1892   hal_exti.o
       468          0          0          0          0       3832   hal_gpio.o
        62          0          0          0          0       3507   hal_lptim.o
       206          0          0          0          0       5739   hal_rcc.o
       834         20          0          0          0      13748   hal_tim.o
       344          0          0          0          0       3595   hal_uart.o
      3344          0          0          0          0       8966   isr.o
        58          0          0          0          0       2635   main.o
        36          8       2364          0          0        443   startup_mm32f5277e.o
       124          0          0          0          0       1942   system_mm32f5277e.o
      1528          0          0          8          0       3318   zf_common_clock.o
      1558          0        406          1         22       9470   zf_common_debug.o
      1302          0         43          0          0       5398   zf_common_fifo.o
        66          0          0          0          0       8022   zf_common_function.o
       106          0          0          0          4       5291   zf_common_interrupt.o
       166          0          0          2         17       8013   zf_device_dl1a.o
       338         12          0          2          6       3879   zf_device_dm1xa.o
       314          0          8          0        284       8252   zf_device_gps_tau1201.o
         2          0          0         16          0       1503   zf_device_type.o
        60          0          0          0          0       1987   zf_driver_delay.o
       858         20         43         36          0       5119   zf_driver_gpio.o
      1020         20         42          0          0       8766   zf_driver_pwm.o
      1856          0         47          0          0       9098   zf_driver_soft_iic.o
       610         24          0          0         16       9768   zf_driver_timer.o
       488          8         43         28          0       8037   zf_driver_uart.o

    ----------------------------------------------------------------------
     15940        112       3028         96       8556     145359   Object Totals
         0          0         32          0       8192          0   (incl. Generated)
       108          0          0          3         15          0   (incl. Padding)

    ----------------------------------------------------------------------

      Code (inc. data)   RO Data    RW Data    ZI Data      Debug   Library Member Name

         0          0          0          0          0          0   entry.o
         0          0          0          0          0          0   entry10a.o
         0          0          0          0          0          0   entry11a.o
         8          4          0          0          0          0   entry4.o
         4          0          0          0          0          0   entry5.o
         0          0          0          0          0          0   entry7b.o
         0          0          0          0          0          0   entry8b.o
         8          4          0          0          0          0   entry9a.o
        30          0          0          0          0          0   handlers.o
        36          8          0          0          0         68   init.o
         0          0          0          0          0          0   iusefp.o
        30          0          0          0          0         68   llshl.o
        36          0          0          0          0         68   llsshr.o
        32          0          0          0          0         68   llushr.o
        36          0          0          0          0         68   memcpya.o
        36          0          0          0          0        108   memseta.o
      2276         86          0          0          0        520   printfa.o
        14          0          0          0          0         68   strlen.o
        30          0          0          0          0         80   strncmp.o
        44          0          0          0          0         80   uidiv.o
        98          0          0          0          0         92   uldiv.o
        48          0          0          0          0         68   cdrcmple.o
       334          0          0          0          0        148   dadd.o
       222          0          0          0          0        100   ddiv.o
       186          0          0          0          0        176   depilogue.o
        62          0          0          0          0         80   dfixi.o
        48          0          0          0          0         68   dfixul.o
       228          0          0          0          0         96   dmul.o
        38          0          0          0          0         68   f2d.o

    ----------------------------------------------------------------------
      3888        102          0          0          0       2092   Library Totals
         4          0          0          0          0          0   (incl. Padding)

    ----------------------------------------------------------------------

      Code (inc. data)   RO Data    RW Data    ZI Data      Debug   Library Name

      2718        102          0          0          0       1288   mc_w.l
      1166          0          0          0          0        804   mf_w.l

    ----------------------------------------------------------------------
      3888        102          0          0          0       2092   Library Totals

    ----------------------------------------------------------------------

==============================================================================


      Code (inc. data)   RO Data    RW Data    ZI Data      Debug   

     19828        214       3028         96       8556     146083   Grand Totals
     19828        214       3028         96       8556     146083   ELF Image Totals
     19828        214       3028         96          0          0   ROM Totals

==============================================================================

    Total RO  Size (Code + RO Data)                22856 (  22.32kB)
    Total RW  Size (RW Data + ZI Data)              8652 (   8.45kB)
    Total ROM Size (Code + RO Data + RW Data)      22952 (  22.41kB)

==============================================================================

