<html>
<body>
<pre>
<h1>µVision Build Log</h1>
<h2>Tool Versions:</h2>
IDE-Version: ¦ÌVision V5.38.0.0
Copyright (C) 2022 ARM Ltd and ARM Germany GmbH. All rights reserved.
License Information: Syhen_XX Syhen_XX, Syhen_XX, LIC=IK1BF-69ZC7-CXNU6-DP357-JLC23-TUCM3
 
Tool Versions:
Toolchain:       MDK-ARM Plus  Version: 5.38.0.0
Toolchain Path:  D:\Keil_v5\ARM\ARMCLANG\Bin
C Compiler:      ArmClang.exe V6.19
Assembler:       Armasm.exe V6.19
Linker/Locator:  ArmLink.exe V6.19
Library Manager: ArmAr.exe V6.19
Hex Converter:   FromElf.exe V6.19
CPU DLL:         
Dialog DLL:      
Target DLL:      CMSIS_AGDI_V8M.DLL V1.7.20.0
Dialog DLL:      TCM.DLL V1.56.4.0
 
<h2>Project:</h2>
D:\zafu\¾ºÈü\µçÈü2023\×·×Ù\project\mdk\mm32f527x_e9p.uvprojx
Project File Date:  07/13/2023

<h2>Output:</h2>
*** Using Compiler 'V6.19', folder: 'D:\Keil_v5\ARM\ARMCLANG\Bin'
Rebuild target 'mm32f527x_e9p_project'
compiling isr.c...
compiling zf_common_debug.c...
compiling zf_common_font.c...
compiling zf_driver_delay.c...
compiling main.c...
compiling zf_driver_exti.c...
compiling zf_common_fifo.c...
compiling zf_common_interrupt.c...
compiling zf_driver_dma.c...
compiling zf_driver_adc.c...
compiling zf_driver_dac.c...
compiling zf_driver_encoder.c...
compiling zf_driver_can.c...
compiling zf_common_clock.c...
compiling zf_driver_flash.c...
compiling zf_common_function.c...
compiling zf_driver_fsmc.c...
compiling zf_driver_gpio.c...
compiling zf_driver_iis.c...
compiling zf_driver_pit.c...
compiling zf_driver_iic.c...
compiling zf_driver_pwm.c...
compiling zf_driver_soft_iic.c...
compiling zf_driver_timer.c...
compiling zf_driver_soft_spi.c...
compiling zf_driver_uart.c...
compiling zf_driver_spi.c...
compiling zf_device_absolute_encoder.c...
compiling zf_device_bluetooth_ch9141.c...
compiling zf_device_camera.c...
compiling zf_device_dl1a.c...
compiling zf_device_dm1xa.c...
compiling zf_device_gps_tau1201.c...
compiling zf_device_gt911.c...
compiling zf_device_icm20602.c...
compiling zf_device_imu660ra.c...
compiling zf_device_imu963ra.c...
compiling zf_device_ips114.c...
compiling zf_device_ips200.c...
compiling zf_device_ips350.c...
compiling zf_device_is66wv51216.c...
compiling zf_device_k24c02.c...
compiling zf_device_key.c...
compiling zf_device_mpu6050.c...
compiling zf_device_mt9v03x.c...
compiling zf_device_type.c...
compiling zf_device_ov7725.c...
compiling zf_device_oled.c...
compiling zf_device_scc8660.c...
compiling zf_device_tft180.c...
compiling zf_device_virtual_oscilloscope.c...
compiling system_mm32f5277e.c...
compiling zf_device_wireless_uart.c...
compiling zf_device_wifi_uart.c...
assembling startup_mm32f5277e.S...
compiling hal_adc.c...
compiling hal_cordic.c...
compiling hal_crc.c...
compiling hal_comp.c...
compiling hal_dac.c...
compiling hal_dma.c...
compiling hal_exti.c...
compiling hal_enet.c...
compiling hal_fsmc.c...
compiling hal_flexcan.c...
compiling hal_gpio.c...
compiling hal_i2c.c...
compiling hal_i2s.c...
compiling hal_iwdg.c...
compiling hal_lptim.c...
compiling hal_lpuart.c...
compiling hal_mds.c...
compiling hal_power.c...
compiling hal_pwr.c...
compiling hal_qspi.c...
compiling hal_rcc.c...
compiling hal_rtc.c...
compiling hal_spi.c...
compiling hal_syscfg.c...
compiling hal_uart.c...
compiling hal_wwdg.c...
compiling hal_tim.c...
compiling hal_usb.c...
linking...
Program Size: Code=19828 RO-data=3028 RW-data=96 ZI-data=8556  
".\Objects\mm32f527x_e9p.axf" - 0 Error(s), 0 Warning(s).

<h2>Software Packages used:</h2>

Package Vendor: MindMotion
                http://www.mindmotion.com.cn/Download/MDK_KEIL/MindMotion.MM32F5277E_DFP.1.1.1.pack
                MindMotion.MM32F5277E_DFP.1.1.1
                MindMotion MM32F5270 Series Device Support, Drivers and Examples

<h2>Collection of Component include folders:</h2>
  D:/Users/19407/AppData/Local/Arm/Packs/MindMotion/MM32F5277E_DFP/1.1.1/Device/MM32F5277E

<h2>Collection of Component Files used:</h2>
Build Time Elapsed:  00:00:05
</pre>
</body>
</html>
